BL51 BANKED LINKER/LOCATER V6.22.4.0                                                    07/31/2025  14:48:58  PAGE 1


BL51 BANKED LINKER/LOCATER V6.22.4.0, INVOKED BY:
C:\KEIL_V5\C51\BIN\BL51.EXE .\Release\Objects\STARTUP.obj, .\Release\Objects\system.obj, ..\..\User\lib\tk_simplify_algo
>> rithm_V1.0.0.LIB, .\Release\Objects\tk_set.obj, .\Release\Objects\my_gpio.obj, .\Release\Objects\tmr0.obj, .\Release\
>> Objects\tmr1.obj, .\Release\Objects\tmr2.obj, .\Release\Objects\uart0.obj, .\Release\Objects\adc.obj, .\Release\Objec
>> ts\flash.obj, .\Release\Objects\aip1302.obj, .\Release\Objects\uart1.obj, .\Release\Objects\key_driver.obj, .\Release
>> \Objects\main.obj, .\Release\Objects\fun_info.obj, .\Release\Objects\send_data.obj, .\Release\Objects\pin_level_scan.
>> obj, .\Release\Objects\speed_scan.obj, .\Release\Objects\engine_speed_scan.obj, .\Release\Objects\mileage.obj, .\Rele
>> ase\Objects\instruction.obj, .\Release\Objects\ad_key.obj, .\Release\Objects\fuel_capacity.obj, .\Release\Objects\tem
>> p_of_water.obj, .\Release\Objects\battery.obj, .\Release\Objects\touch_key.obj TO .\Release\Objects\Project PRINT (.\
>> Release\Listings\Project.m51) RAMSIZE (256) CODE (0X0000-0X3EEF) XDATA (0X6000-0X66FF)


MEMORY MODEL: LARGE


INPUT MODULES INCLUDED:
  .\Release\Objects\STARTUP.obj (?C_STARTUP)
  .\Release\Objects\system.obj (SYSTEM)
  .\Release\Objects\tk_set.obj (TK_SET)
  .\Release\Objects\my_gpio.obj (MY_GPIO)
  .\Release\Objects\tmr0.obj (TMR0)
  .\Release\Objects\tmr1.obj (TMR1)
  .\Release\Objects\tmr2.obj (TMR2)
  .\Release\Objects\uart0.obj (UART0)
  .\Release\Objects\adc.obj (ADC)
  .\Release\Objects\flash.obj (FLASH)
  .\Release\Objects\aip1302.obj (AIP1302)
  .\Release\Objects\uart1.obj (UART1)
  .\Release\Objects\key_driver.obj (KEY_DRIVER)
  .\Release\Objects\main.obj (MAIN)
  .\Release\Objects\fun_info.obj (FUN_INFO)
  .\Release\Objects\send_data.obj (SEND_DATA)
  .\Release\Objects\pin_level_scan.obj (PIN_LEVEL_SCAN)
  .\Release\Objects\speed_scan.obj (SPEED_SCAN)
  .\Release\Objects\engine_speed_scan.obj (ENGINE_SPEED_SCAN)
  .\Release\Objects\mileage.obj (MILEAGE)
  .\Release\Objects\instruction.obj (INSTRUCTION)
  .\Release\Objects\ad_key.obj (AD_KEY)
  .\Release\Objects\fuel_capacity.obj (FUEL_CAPACITY)
  .\Release\Objects\temp_of_water.obj (TEMP_OF_WATER)
  .\Release\Objects\battery.obj (BATTERY)
  .\Release\Objects\touch_key.obj (TOUCH_KEY)
  ..\..\User\lib\tk_simplify_algorithm_V1.0.0.LIB (TK_LIB)
  C:\KEIL_V5\C51\LIB\C51L.LIB (?C_INIT)
  C:\KEIL_V5\C51\LIB\C51L.LIB (?C?COPY)
  C:\KEIL_V5\C51\LIB\C51L.LIB (?C?CLDPTR)
  C:\KEIL_V5\C51\LIB\C51L.LIB (?C?CLDOPTR)
  C:\KEIL_V5\C51\LIB\C51L.LIB (?C?CILDOPTR)
  C:\KEIL_V5\C51\LIB\C51L.LIB (?C?CSTPTR)
  C:\KEIL_V5\C51\LIB\C51L.LIB (?C?CSTOPTR)
  C:\KEIL_V5\C51\LIB\C51L.LIB (?C?IMUL)
  C:\KEIL_V5\C51\LIB\C51L.LIB (?C?UIDIV)
  C:\KEIL_V5\C51\LIB\C51L.LIB (?C?IILDX)
  C:\KEIL_V5\C51\LIB\C51L.LIB (?C?LADD)
  C:\KEIL_V5\C51\LIB\C51L.LIB (?C?LSUB)
  C:\KEIL_V5\C51\LIB\C51L.LIB (?C?LMUL)
  C:\KEIL_V5\C51\LIB\C51L.LIB (?C?ULDIV)
  C:\KEIL_V5\C51\LIB\C51L.LIB (?C?LNOT)
BL51 BANKED LINKER/LOCATER V6.22.4.0                                                  07/31/2025  14:48:58  PAGE 2


  C:\KEIL_V5\C51\LIB\C51L.LIB (?C?LNEG)
  C:\KEIL_V5\C51\LIB\C51L.LIB (?C?SLCMP)
  C:\KEIL_V5\C51\LIB\C51L.LIB (?C?ULCMP)
  C:\KEIL_V5\C51\LIB\C51L.LIB (?C?ULSHR)
  C:\KEIL_V5\C51\LIB\C51L.LIB (?C?LSHL)
  C:\KEIL_V5\C51\LIB\C51L.LIB (?C?LLDXDATA)
  C:\KEIL_V5\C51\LIB\C51L.LIB (?C?LLDCODE)
  C:\KEIL_V5\C51\LIB\C51L.LIB (?C?LLDXDATA0)
  C:\KEIL_V5\C51\LIB\C51L.LIB (?C?LSTXDATA)
  C:\KEIL_V5\C51\LIB\C51L.LIB (?C?LSTKXDATA)
  C:\KEIL_V5\C51\LIB\C51L.LIB (?C?OFFXADD)
  C:\KEIL_V5\C51\LIB\C51L.LIB (?C?PLDXDATA)
  C:\KEIL_V5\C51\LIB\C51L.LIB (?C?PLDIXDATA)
  C:\KEIL_V5\C51\LIB\C51L.LIB (?C?PSTXDATA)
  C:\KEIL_V5\C51\LIB\C51L.LIB (?C?PLDOPTR)
  C:\KEIL_V5\C51\LIB\C51L.LIB (?C?CCASE)
  C:\KEIL_V5\C51\LIB\C51L.LIB (?C?ICALL)
  C:\KEIL_V5\C51\LIB\C51L.LIB (?C?LIMUL)
  C:\KEIL_V5\C51\LIB\C51L.LIB (?C?MEMSET)
  C:\KEIL_V5\C51\LIB\C51L.LIB (?C?PLDIDATA)
  C:\KEIL_V5\C51\LIB\C51L.LIB (?C?PLDPDATA)
  C:\KEIL_V5\C51\LIB\C51L.LIB (?C?PLDCODE)


LINK MAP OF MODULE:  .\Release\Objects\Project (?C_STARTUP)


            TYPE    BASE      LENGTH    RELOCATION   SEGMENT NAME
            -----------------------------------------------------

            * * * * * * *   D A T A   M E M O R Y   * * * * * * *
            REG     0000H     0008H     ABSOLUTE     "REG BANK 0"
            DATA    0008H     0004H     ABSOLUTE     
            DATA    000CH     0004H     ABSOLUTE     
            DATA    0010H     0004H     ABSOLUTE     
            DATA    0014H     0004H     ABSOLUTE     
            DATA    0018H     0004H     ABSOLUTE     
            DATA    001CH     0004H     ABSOLUTE     
            BIT     0020H.0   0002H.5   UNIT         ?BI?INSTRUCTION
            BIT     0022H.5   0000H.2   UNIT         ?BI?TMR2
            BIT     0022H.7   0000H.2   UNIT         ?BI?TK_LIB
            BIT     0023H.1   0000H.1   UNIT         ?BI?UART0
            BIT     0023H.2   0000H.1   UNIT         ?BI?SPEED_SCAN
            BIT     0023H.3   0000H.1   UNIT         ?BI?ENGINE_SPEED_SCAN
            BIT     0023H.4   0000H.1   UNIT         _BIT_GROUP_
                    0023H.5   0000H.3                *** GAP ***
            DATA    0024H     0008H     UNIT         _DATA_GROUP_
                    002CH     0004H                  *** GAP ***
            DATA    0030H     0004H     ABSOLUTE     
            DATA    0034H     0004H     ABSOLUTE     
            DATA    0038H     0004H     ABSOLUTE     
            DATA    003CH     0004H     ABSOLUTE     
                    0040H     0010H                  *** GAP ***
            DATA    0050H     0002H     ABSOLUTE     
            DATA    0052H     0002H     ABSOLUTE     
            DATA    0054H     0002H     ABSOLUTE     
                    0056H     000AH                  *** GAP ***
BL51 BANKED LINKER/LOCATER V6.22.4.0                                                  07/31/2025  14:48:58  PAGE 3


            DATA    0060H     0001H     ABSOLUTE     
            DATA    0061H     0001H     ABSOLUTE     
            DATA    0062H     0001H     ABSOLUTE     
            DATA    0063H     0001H     ABSOLUTE     
            DATA    0064H     0001H     ABSOLUTE     
            DATA    0065H     0001H     ABSOLUTE     
            DATA    0066H     0001H     ABSOLUTE     
            IDATA   0067H     0001H     UNIT         ?STACK

            * * * * * * *  X D A T A   M E M O R Y  * * * * * * *
                    0000H     6000H                  *** GAP ***
            XDATA   6000H     0004H     ABSOLUTE     
            XDATA   6004H     0004H     ABSOLUTE     
            XDATA   6008H     0004H     ABSOLUTE     
            XDATA   600CH     0004H     UNIT         ?XD?TMR0
            XDATA   6010H     0004H     ABSOLUTE     
            XDATA   6014H     0004H     ABSOLUTE     
            XDATA   6018H     0394H     UNIT         ?XD?TK_LIB
            XDATA   63ACH     0045H     UNIT         ?XD?AD_KEY
            XDATA   63F1H     003DH     UNIT         ?XD?UART0
            XDATA   642EH     002EH     UNIT         ?XD?FUEL_CAPACITY
            XDATA   645CH     0027H     UNIT         ?XD?FUN_INFO
            XDATA   6483H     001FH     UNIT         ?XD?TOUCH_KEY
            XDATA   64A2H     0019H     UNIT         _XDATA_GROUP_
            XDATA   64BBH     0018H     UNIT         ?XD?TK_SET
            XDATA   64D3H     0012H     UNIT         ?XD?MILEAGE
            XDATA   64E5H     0010H     UNIT         ?XD?SPEED_SCAN
            XDATA   64F5H     0010H     UNIT         ?XD?ENGINE_SPEED_SCAN
            XDATA   6505H     000CH     UNIT         ?XD?TEMP_OF_WATER
            XDATA   6511H     000CH     UNIT         ?XD?BATTERY
            XDATA   651DH     0009H     UNIT         ?XD?INSTRUCTION
            XDATA   6526H     0008H     UNIT         ?XD?TMR1
            XDATA   652EH     0007H     UNIT         ?XD?AIP1302_UPDATE_ALL_DATA?AIP1302
            XDATA   6535H     0004H     UNIT         ?XD?KEY_DRIVER
            XDATA   6539H     0003H     UNIT         ?XD?TMR2
            XDATA   653CH     0003H     UNIT         ?XD?_UART0_SEND_BUFF?UART0
            XDATA   653FH     0002H     UNIT         ?XD?ADC
            XDATA   6541H     0002H     UNIT         ?XD?PIN_LEVEL_SCAN
            XDATA   6543H     0001H     UNIT         ?XD?_PUTCHAR?UART0

            * * * * * * *   C O D E   M E M O R Y   * * * * * * *
            CODE    0000H     0003H     ABSOLUTE     
            CODE    0003H     000CH     ABSOLUTE     
            CODE    000FH     000FH     UNIT         ?PR?AD_KEY
            CODE    001EH     0003H     ABSOLUTE     
            CODE    0021H     0003H     ABSOLUTE     
            CODE    0024H     0003H     ABSOLUTE     
            CODE    0027H     0023H     UNIT         ?PR?_UART0_SEND_BUFF?UART0
                    004AH     0001H                  *** GAP ***
            CODE    004BH     0003H     ABSOLUTE     
            CODE    004EH     000EH     UNIT         ?PR?_PUTCHAR?UART0
                    005CH     0001H                  *** GAP ***
            CODE    005DH     0003H     ABSOLUTE     
            CODE    0060H     052DH     UNIT         ?C?LIB_CODE
            CODE    058DH     033FH     UNIT         ?PR?__TK_DATA_PROCESS?TK_LIB
            CODE    08CCH     0252H     UNIT         ?PR?___TK_MODE_CARRY_FUNC?TK_LIB
            CODE    0B1EH     0248H     UNIT         ?C_INITSEG
BL51 BANKED LINKER/LOCATER V6.22.4.0                                                  07/31/2025  14:48:58  PAGE 4


            CODE    0D66H     0247H     UNIT         ?PR?INSTRUCTION_HANDLE?INSTRUCTION
            CODE    0FADH     0206H     UNIT         ?PR?_SEND_DATA?SEND_DATA
            CODE    11B3H     01B9H     UNIT         ?PR?__TK_BUTTON_DECIDE?TK_LIB
            CODE    136CH     01B5H     UNIT         ?PR?___TK_LIB_I_ADJUST?TK_LIB
            CODE    1521H     0193H     UNIT         ?PR?_KEY_DRIVER_SCAN?KEY_DRIVER
            CODE    16B4H     0183H     UNIT         ?PR?_CONVERT_FUEL_ADC_TO_PERCENT?FUEL_CAPACITY
            CODE    1837H     014EH     UNIT         ?PR?INSTRUCTION_SCAN?INSTRUCTION
            CODE    1985H     013CH     UNIT         ?PR?TK_GPIO_CONFIG?TK_SET
            CODE    1AC1H     0138H     UNIT         ?PR?UART0_IRQHANDLER?UART0
            CODE    1BF9H     0130H     UNIT         ?PR?HEART_BEAT_HANDLE?TMR1
            CODE    1D29H     0124H     UNIT         ?PR?UART0_SCAN_HANDLE?UART0
            CODE    1E4DH     00EDH     UNIT         ?PR?TIMR2_IRQHANDLER?TMR2
            CODE    1F3AH     00DEH     UNIT         ?PR?MILEAGE_SCAN?MILEAGE
            CODE    2018H     00DCH     UNIT         ?PR?SYSTEM_INIT?SYSTEM
            CODE    20F4H     00D4H     UNIT         ?PR?ADC_GETVAL?ADC
            CODE    21C8H     00D0H     UNIT         ?PR?SPEED_SCAN?SPEED_SCAN
            CODE    2298H     00D0H     UNIT         ?PR?TEMP_OF_WATER_SCAN?TEMP_OF_WATER
            CODE    2368H     00CBH     UNIT         ?PR?BATTERY_SCAN?BATTERY
            CODE    2433H     00BAH     UNIT         ?PR?AD_KEY_HANDLE?AD_KEY
            CODE    24EDH     00AFH     UNIT         ?PR?_AIP1302_WRITE_BYTE?AIP1302
            CODE    259CH     00A8H     UNIT         ?PR?PIN_LEVEL_SCAN?PIN_LEVEL_SCAN
            CODE    2644H     009CH     UNIT         ?PR?TOUCH_KEY_HANDLE?TOUCH_KEY
            CODE    26E0H     009BH     UNIT         ?PR?__TK_LIB_INIT?TK_LIB
            CODE    277BH     009AH     UNIT         ?C_C51STARTUP
            CODE    2815H     0099H     UNIT         ?PR?FUEL_CAPACITY_SCAN?FUEL_CAPACITY
            CODE    28AEH     0093H     UNIT         ?PR?__TK_BASELINE_INIT?TK_LIB
            CODE    2941H     0092H     UNIT         ?PR?TK_PARAM_INIT?TK_SET
            CODE    29D3H     0092H     UNIT         ?PR?___AIP1302_READ_BYTE?AIP1302
            CODE    2A65H     0090H     UNIT         ?PR?___AIP1302_WRITE_BYTE?AIP1302
            CODE    2AF5H     008AH     UNIT         ?PR?ENGINE_SPEED_SCAN?ENGINE_SPEED_SCAN
            CODE    2B7FH     0084H     UNIT         ?PR?___TK_SET_NEXT_CH?TK_LIB
            CODE    2C03H     007EH     UNIT         ?PR?__TK_BASELINE_UPDATE?TK_LIB
            CODE    2C81H     007EH     UNIT         ?PR?__TK_LONG_KEY_CLEAR?TK_LIB
            CODE    2CFFH     0075H     UNIT         ?PR?__TK_HANDLER?TK_LIB
            CODE    2D74H     0074H     UNIT         ?PR?TIMR1_IRQHANDLER?TMR1
            CODE    2DE8H     006EH     UNIT         ?PR?___AIP1302_CONVERT_READ_BYTE?AIP1302
            CODE    2E56H     006DH     UNIT         ?PR?TIMR0_IRQHANDLER?TMR0
            CODE    2EC3H     006CH     UNIT         ?PR?_GET_FILTERED_ADC?FUEL_CAPACITY
            CODE    2F2FH     0062H     UNIT         ?PR?__TK_I_SOURCE_ADJUST?TK_LIB
            CODE    2F91H     005FH     UNIT         ?PR?MAIN?MAIN
            CODE    2FF0H     005CH     UNIT         ?PR?AIP1302_CONFIG?AIP1302
            CODE    304CH     0059H     UNIT         ?PR?UART0
            CODE    30A5H     0054H     UNIT         ?PR?AIP1302_IS_RUNNING?AIP1302
            CODE    30F9H     004FH     UNIT         ?PR?TK_INIT?TK_SET
            CODE    3148H     004CH     UNIT         ?PR?___CONVER_CUR_AD_TO_AD_KEY?AD_KEY
            CODE    3194H     004BH     UNIT         ?PR?TMR1
            CODE    31DFH     0049H     UNIT         ?PR?FUEL_CAPACITY
            CODE    3228H     0049H     UNIT         ?PR?TOUCH_KEY_GET_KEY_ID?TOUCH_KEY
            CODE    3271H     0048H     UNIT         ?PR?INSTRUCTION
            CODE    32B9H     0046H     UNIT         ?PR?AIP1302_READ_ALL?AIP1302
            CODE    32FFH     0045H     UNIT         ?PR?TK_IRQHANDLER?TK_SET
            CODE    3344H     0042H     UNIT         ?PR?_ADC_SEL_PIN?ADC
            CODE    3386H     0040H     UNIT         ?PR?TMR2_CONFIG?TMR2
            CODE    33C6H     003FH     UNIT         ?PR?AIP1302_UPDATE_ALL_DATA?AIP1302
            CODE    3405H     003FH     UNIT         ?PR?AIP1302_UPDATE_TIME?AIP1302
            CODE    3444H     003FH     UNIT         ?PR?UPDATE_ENGINE_SPEED_SCAN_DATA?ENGINE_SPEED_SCAN
            CODE    3483H     003EH     UNIT         ?PR?SEND_DATA
BL51 BANKED LINKER/LOCATER V6.22.4.0                                                  07/31/2025  14:48:58  PAGE 5


            CODE    34C1H     003DH     UNIT         ?PR?TMR1_CONFIG?TMR1
            CODE    34FEH     003DH     UNIT         ?PR?USER_INIT?MAIN
            CODE    353BH     003DH     UNIT         ?PR?__TK_MODE_CONFIG?TK_LIB
            CODE    3578H     003CH     UNIT         ?PR?TMR0_CONFIG?TMR0
            CODE    35B4H     0039H     UNIT         ?PR?UPDATE_SPEED_SCAN_DATA?SPEED_SCAN
            CODE    35EDH     0037H     UNIT         ?PR?_FLASH_WRITE?FLASH
            CODE    3624H     0034H     UNIT         ?PR?_FLASH_READ?FLASH
            CODE    3658H     0032H     UNIT         ?PR?AD_KEY_GET_KEY_ID?AD_KEY
            CODE    368AH     0030H     UNIT         ?PR?MILEAGE
            CODE    36BAH     002EH     UNIT         ?PR?AIP1302
            CODE    36E8H     002CH     UNIT         ?PR?___TOUCH_KEY_GET_EVENT?TOUCH_KEY
            CODE    3714H     002BH     UNIT         ?PR?UART0_CONFIG?UART0
            CODE    373FH     002BH     UNIT         ?PR?PIN_LEVEL_SCAN_CONFIG?PIN_LEVEL_SCAN
            CODE    376AH     0028H     UNIT         ?PR?ADC_CONFIG?ADC
            CODE    3792H     0023H     UNIT         ?PR?ADC_SINGLE_CONVERT?ADC
            CODE    37B5H     0023H     UNIT         ?PR?___AD_KEY_GET_EVENT?AD_KEY
            CODE    37D8H     0021H     UNIT         ?PR?KEY_DRIVER
            CODE    37F9H     0020H     UNIT         ?PR?__TK_SCAN?TK_LIB
            CODE    3819H     001FH     UNIT         ?PR?TMR2
            CODE    3838H     001FH     UNIT         ?PR?TOUCH_KEY
            CODE    3857H     001EH     UNIT         ?CO?TK_SET
            CODE    3875H     001EH     UNIT         ?PR?TEMP_OF_WATER
            CODE    3893H     001BH     UNIT         ?PR?_DELAY_MS?SYSTEM
            CODE    38AEH     001BH     UNIT         ?PR?ADC
            CODE    38C9H     001AH     UNIT         ?PR?_REVERSE_U8?AIP1302
            CODE    38E3H     0019H     UNIT         ?PR?_CONVER_ADC_VAL_TO_VOLTAGE?BATTERY
            CODE    38FCH     0018H     UNIT         ?PR?TK_SET
            CODE    3914H     0018H     UNIT         ?PR?FUN_INFO_INIT?FUN_INFO
            CODE    392CH     0016H     UNIT         ?PR?_AIP1302_READ_BYTE?AIP1302
            CODE    3942H     0011H     UNIT         ?PR?TMR2_ENABLE?TMR2
            CODE    3953H     0011H     UNIT         ?PR?_FLASH_ERASE_SECTOR?FLASH
            CODE    3964H     0011H     UNIT         ?PR?_SAMPLES_INIT?FUEL_CAPACITY
            CODE    3975H     0010H     UNIT         ?PR?P03_OUTPUT_CONFIG?MY_GPIO
            CODE    3985H     0010H     UNIT         ?PR?TMR0_DISABLE?TMR0
            CODE    3995H     0010H     UNIT         ?PR?TMR1_ENABLE?TMR1
            CODE    39A5H     000EH     UNIT         ?PR?FUN_INFO_SAVE?FUN_INFO
            CODE    39B3H     000EH     UNIT         ?PR?_CONVER_VOLTAGE_OF_BATTERY_TO_PERCENTAGE?BATTERY
            CODE    39C1H     000DH     UNIT         ?PR?P06_INPUT_CONFIG?MY_GPIO
            CODE    39CEH     000DH     UNIT         ?PR?P07_INPUT_CONFIG?MY_GPIO
            CODE    39DBH     000DH     UNIT         ?PR?P10_INPUT_CONFIG?MY_GPIO
            CODE    39E8H     000DH     UNIT         ?PR?P13_INPUT_CONFIG?MY_GPIO
            CODE    39F5H     000DH     UNIT         ?PR?P14_INPUT_CONFIG?MY_GPIO
            CODE    3A02H     000DH     UNIT         ?PR?P21_INPUT_CONFIG?MY_GPIO
            CODE    3A0FH     000DH     UNIT         ?PR?P22_INPUT_CONFIG?MY_GPIO
            CODE    3A1CH     000DH     UNIT         ?PR?P23_INPUT_CONFIG?MY_GPIO
            CODE    3A29H     000DH     UNIT         ?PR?P25_INPUT_CONFIG?MY_GPIO
            CODE    3A36H     000DH     UNIT         ?PR?P27_INPUT_CONFIG?MY_GPIO
            CODE    3A43H     000DH     UNIT         ?PR?P30_INPUT_CONFIG?MY_GPIO
            CODE    3A50H     000DH     UNIT         ?PR?_UART0_SENDBYTE?UART0
            CODE    3A5DH     000DH     UNIT         ?PR?SPEED_SCAN_CONFIG?SPEED_SCAN
            CODE    3A6AH     000DH     UNIT         ?PR?ENGINE_SPEED_SCAN_CONFIG?ENGINE_SPEED_SCAN
            CODE    3A77H     000CH     UNIT         ?PR?TMR0_ENABLE?TMR0
            CODE    3A83H     000CH     UNIT         ?PR?FUN_INFO
            CODE    3A8FH     000CH     UNIT         ?PR?SPEED_SCAN
            CODE    3A9BH     000BH     UNIT         ?PR?_DELAY?SYSTEM
            CODE    3AA6H     0008H     UNIT         ?PR?TMR0
            CODE    3AAEH     0006H     UNIT         ?PR?ENGINE_SPEED_SCAN
BL51 BANKED LINKER/LOCATER V6.22.4.0                                                  07/31/2025  14:48:58  PAGE 6


            CODE    3AB4H     0005H     UNIT         ?PR?__TK_MS_HANDLER?TK_LIB



OVERLAY MAP OF MODULE:   .\Release\Objects\Project (?C_STARTUP)


SEGMENT                                             BIT_GROUP          DATA_GROUP          XDATA_GROUP
  +--> CALLED SEGMENT                            START    LENGTH     START    LENGTH     START    LENGTH
--------------------------------------------------------------------------------------------------------
?C_C51STARTUP                                    -----    -----      -----    -----      -----    -----
  +--> ?PR?MAIN?MAIN
  +--> ?C_INITSEG

?PR?MAIN?MAIN                                    -----    -----      -----    -----      -----    -----
  +--> ?PR?SYSTEM_INIT?SYSTEM
  +--> ?PR?USER_INIT?MAIN
  +--> ?PR?_DELAY_MS?SYSTEM
  +--> ?PR?__TK_SCAN?TK_LIB
  +--> ?PR?_KEY_DRIVER_SCAN?KEY_DRIVER
  +--> ?PR?AD_KEY_HANDLE?AD_KEY
  +--> ?PR?TOUCH_KEY_HANDLE?TOUCH_KEY
  +--> ?PR?SPEED_SCAN?SPEED_SCAN
  +--> ?PR?MILEAGE_SCAN?MILEAGE
  +--> ?PR?ENGINE_SPEED_SCAN?ENGINE_SPEED_SCAN
  +--> ?PR?FUEL_CAPACITY_SCAN?FUEL_CAPACITY
  +--> ?PR?BATTERY_SCAN?BATTERY
  +--> ?PR?UART0_SCAN_HANDLE?UART0
  +--> ?PR?INSTRUCTION_SCAN?INSTRUCTION
  +--> ?PR?INSTRUCTION_HANDLE?INSTRUCTION
  +--> ?PR?HEART_BEAT_HANDLE?TMR1

?PR?SYSTEM_INIT?SYSTEM                           -----    -----      -----    -----      -----    -----
  +--> ?PR?_DELAY?SYSTEM
  +--> ?PR?_DELAY_MS?SYSTEM

?PR?_DELAY_MS?SYSTEM                             -----    -----      -----    -----      -----    -----
  +--> ?PR?_DELAY?SYSTEM

?PR?USER_INIT?MAIN                               -----    -----      -----    -----      -----    -----
  +--> ?PR?FUN_INFO_INIT?FUN_INFO
  +--> ?PR?TMR0_CONFIG?TMR0
  +--> ?PR?UART0_CONFIG?UART0
  +--> ?PR?PIN_LEVEL_SCAN_CONFIG?PIN_LEVEL_SCAN
  +--> ?PR?TMR1_CONFIG?TMR1
  +--> ?PR?SPEED_SCAN_CONFIG?SPEED_SCAN
  +--> ?PR?ENGINE_SPEED_SCAN_CONFIG?ENGINE_S...
  +--> ?PR?ADC_CONFIG?ADC
  +--> ?PR?TK_PARAM_INIT?TK_SET
  +--> ?PR?AIP1302_CONFIG?AIP1302
  +--> ?PR?TMR2_CONFIG?TMR2
  +--> ?PR?TMR1_ENABLE?TMR1
  +--> ?PR?TMR2_ENABLE?TMR2
  +--> ?PR?_DELAY_MS?SYSTEM

?PR?FUN_INFO_INIT?FUN_INFO                       -----    -----      -----    -----      -----    -----
  +--> ?PR?FUN_INFO
BL51 BANKED LINKER/LOCATER V6.22.4.0                                                  07/31/2025  14:48:58  PAGE 7


  +--> ?PR?_FLASH_READ?FLASH

?PR?_FLASH_READ?FLASH                            -----    -----      -----    -----      64A2H    0005H

?PR?TMR0_CONFIG?TMR0                             -----    -----      -----    -----      -----    -----
  +--> ?PR?TMR0

?PR?PIN_LEVEL_SCAN_CONFIG?PIN_LEVEL_SCAN         -----    -----      -----    -----      -----    -----
  +--> ?PR?P21_INPUT_CONFIG?MY_GPIO
  +--> ?PR?P22_INPUT_CONFIG?MY_GPIO
  +--> ?PR?P25_INPUT_CONFIG?MY_GPIO
  +--> ?PR?P27_INPUT_CONFIG?MY_GPIO
  +--> ?PR?P30_INPUT_CONFIG?MY_GPIO
  +--> ?PR?P14_INPUT_CONFIG?MY_GPIO
  +--> ?PR?P13_INPUT_CONFIG?MY_GPIO
  +--> ?PR?P10_INPUT_CONFIG?MY_GPIO
  +--> ?PR?P07_INPUT_CONFIG?MY_GPIO
  +--> ?PR?P06_INPUT_CONFIG?MY_GPIO

?PR?ADC_CONFIG?ADC                               -----    -----      -----    -----      -----    -----
  +--> ?PR?ADC

?PR?TK_PARAM_INIT?TK_SET                         -----    -----      -----    -----      -----    -----
  +--> ?CO?TK_SET
  +--> ?PR?TK_SET
  +--> ?PR?TK_GPIO_CONFIG?TK_SET
  +--> ?PR?__TK_LIB_INIT?TK_LIB
  +--> ?PR?TK_INIT?TK_SET

?PR?TK_GPIO_CONFIG?TK_SET                        -----    -----      -----    -----      -----    -----
  +--> ?PR?TK_SET

?PR?__TK_LIB_INIT?TK_LIB                         -----    -----      -----    -----      64A2H    0002H
  +--> ?PR?__TK_DATA_PROCESS?TK_LIB
  +--> ?CO?TK_SET
  +--> ?PR?___TK_SET_NEXT_CH?TK_LIB

?PR?__TK_DATA_PROCESS?TK_LIB                     -----    -----      -----    -----      -----    -----
  +--> ?CO?TK_SET

?PR?AIP1302_CONFIG?AIP1302                       -----    -----      -----    -----      -----    -----
  +--> ?PR?AIP1302
  +--> ?PR?AIP1302_IS_RUNNING?AIP1302
  +--> ?PR?_AIP1302_WRITE_BYTE?AIP1302

?PR?AIP1302_IS_RUNNING?AIP1302                   -----    -----      -----    -----      -----    -----
  +--> ?PR?AIP1302_READ_ALL?AIP1302

?PR?AIP1302_READ_ALL?AIP1302                     -----    -----      -----    -----      -----    -----
  +--> ?PR?_AIP1302_READ_BYTE?AIP1302

?PR?_AIP1302_READ_BYTE?AIP1302                   -----    -----      -----    -----      64A6H    0001H
  +--> ?PR?___AIP1302_READ_BYTE?AIP1302
  +--> ?PR?___AIP1302_CONVERT_READ_BYTE?AIP1302

?PR?___AIP1302_READ_BYTE?AIP1302                 -----    -----      -----    -----      64A7H    0003H
  +--> ?PR?AIP1302
BL51 BANKED LINKER/LOCATER V6.22.4.0                                                  07/31/2025  14:48:58  PAGE 8


  +--> ?PR?_DELAY?SYSTEM

?PR?___AIP1302_CONVERT_READ_BYTE?AIP1302         -----    -----      -----    -----      64A7H    0003H
  +--> ?PR?_REVERSE_U8?AIP1302

?PR?_AIP1302_WRITE_BYTE?AIP1302                  -----    -----      -----    -----      64ADH    0004H
  +--> ?PR?___AIP1302_WRITE_BYTE?AIP1302

?PR?___AIP1302_WRITE_BYTE?AIP1302                -----    -----      -----    -----      64B1H    0003H
  +--> ?PR?AIP1302
  +--> ?PR?_DELAY?SYSTEM

?PR?__TK_SCAN?TK_LIB                             -----    -----      -----    -----      -----    -----
  +--> ?PR?__TK_BUTTON_DECIDE?TK_LIB
  +--> ?PR?___TK_SET_NEXT_CH?TK_LIB

?PR?__TK_BUTTON_DECIDE?TK_LIB                    -----    -----      -----    -----      -----    -----
  +--> ?CO?TK_SET
  +--> ?PR?___TK_MODE_CARRY_FUNC?TK_LIB

?PR?___TK_MODE_CARRY_FUNC?TK_LIB                 -----    -----      -----    -----      64A2H    0001H
  +--> ?CO?TK_SET
  +--> ?PR?__TK_BASELINE_UPDATE?TK_LIB

?PR?__TK_BASELINE_UPDATE?TK_LIB                  -----    -----      -----    -----      -----    -----
  +--> ?CO?TK_SET

?PR?_KEY_DRIVER_SCAN?KEY_DRIVER                  -----    -----      -----    -----      64A2H    0002H
  +--> ?PR?KEY_DRIVER

?PR?AD_KEY_HANDLE?AD_KEY                         -----    -----      -----    -----      -----    -----
  +--> ?PR?___AD_KEY_GET_EVENT?AD_KEY
  +--> ?PR?_SEND_DATA?SEND_DATA

?PR?___AD_KEY_GET_EVENT?AD_KEY                   -----    -----      -----    -----      -----    -----
  +--> ?PR?AD_KEY

?PR?_SEND_DATA?SEND_DATA                         -----    -----      -----    -----      64A6H    0009H
  +--> ?PR?_UART0_SENDBYTE?UART0
  +--> ?PR?SEND_DATA
  +--> ?PR?_DELAY_MS?SYSTEM

?PR?TOUCH_KEY_HANDLE?TOUCH_KEY                   -----    -----      -----    -----      -----    -----
  +--> ?PR?___TOUCH_KEY_GET_EVENT?TOUCH_KEY
  +--> ?PR?_SEND_DATA?SEND_DATA

?PR?___TOUCH_KEY_GET_EVENT?TOUCH_KEY             -----    -----      -----    -----      64A2H    0001H
  +--> ?PR?TOUCH_KEY

?PR?SPEED_SCAN?SPEED_SCAN                        -----    -----      -----    -----      64A2H    0008H
  +--> ?PR?SPEED_SCAN

?PR?MILEAGE_SCAN?MILEAGE                         -----    -----      -----    -----      -----    -----
  +--> ?PR?MILEAGE
  +--> ?PR?FUN_INFO_SAVE?FUN_INFO

?PR?FUN_INFO_SAVE?FUN_INFO                       -----    -----      -----    -----      -----    -----
BL51 BANKED LINKER/LOCATER V6.22.4.0                                                  07/31/2025  14:48:58  PAGE 9


  +--> ?PR?_FLASH_ERASE_SECTOR?FLASH
  +--> ?PR?FUN_INFO
  +--> ?PR?_FLASH_WRITE?FLASH

?PR?_FLASH_WRITE?FLASH                           -----    -----      -----    -----      64A6H    0005H

?PR?ENGINE_SPEED_SCAN?ENGINE_SPEED_SCAN          -----    -----      -----    -----      64A2H    0004H
  +--> ?PR?ENGINE_SPEED_SCAN

?PR?FUEL_CAPACITY_SCAN?FUEL_CAPACITY             -----    -----      -----    -----      64A2H    0003H
  +--> ?PR?_ADC_SEL_PIN?ADC
  +--> ?PR?_GET_FILTERED_ADC?FUEL_CAPACITY
  +--> ?PR?FUEL_CAPACITY
  +--> ?PR?_SAMPLES_INIT?FUEL_CAPACITY
  +--> ?PR?_CONVERT_FUEL_ADC_TO_PERCENT?FUEL...
  +--> ?PR?ADC_GETVAL?ADC

?PR?_ADC_SEL_PIN?ADC                             -----    -----      -----    -----      -----    -----
  +--> ?PR?ADC
  +--> ?PR?_DELAY_MS?SYSTEM

?PR?_GET_FILTERED_ADC?FUEL_CAPACITY              -----    -----      -----    -----      64A5H    0005H
  +--> ?PR?FUEL_CAPACITY

?PR?_SAMPLES_INIT?FUEL_CAPACITY                  -----    -----      -----    -----      -----    -----
  +--> ?PR?FUEL_CAPACITY

?PR?_CONVERT_FUEL_ADC_TO_PERCENT?FUEL...         -----    -----      -----    -----      64A5H    0002H
  +--> ?PR?FUEL_CAPACITY

?PR?ADC_GETVAL?ADC                               -----    -----      -----    -----      64A5H    000BH
  +--> ?PR?ADC_SINGLE_CONVERT?ADC
  +--> ?PR?ADC

?PR?BATTERY_SCAN?BATTERY                         -----    -----      -----    -----      64A2H    0003H
  +--> ?PR?_ADC_SEL_PIN?ADC
  +--> ?PR?ADC_GETVAL?ADC
  +--> ?PR?_CONVER_ADC_VAL_TO_VOLTAGE?BATTERY
  +--> ?PR?_CONVER_VOLTAGE_OF_BATTERY_TO_PER...

?PR?UART0_SCAN_HANDLE?UART0                      0023H.4  0000H.1    -----    -----      64A2H    0003H
  +--> ?PR?TMR0_DISABLE?TMR0
  +--> ?PR?UART0

?PR?TMR0_DISABLE?TMR0                            -----    -----      -----    -----      -----    -----
  +--> ?PR?TMR0

?PR?INSTRUCTION_SCAN?INSTRUCTION                 -----    -----      -----    -----      64A2H    0001H
  +--> ?PR?INSTRUCTION

?PR?INSTRUCTION_HANDLE?INSTRUCTION               -----    -----      -----    -----      64A2H    0004H
  +--> ?PR?INSTRUCTION
  +--> ?PR?_SEND_DATA?SEND_DATA
  +--> ?PR?AIP1302_READ_ALL?AIP1302
  +--> ?PR?AIP1302_UPDATE_TIME?AIP1302
  +--> ?PR?FUN_INFO_SAVE?FUN_INFO

BL51 BANKED LINKER/LOCATER V6.22.4.0                                                  07/31/2025  14:48:58  PAGE 10


?PR?AIP1302_UPDATE_TIME?AIP1302                  -----    -----      -----    -----      64A6H    0007H
  +--> ?PR?_AIP1302_WRITE_BYTE?AIP1302

?PR?HEART_BEAT_HANDLE?TMR1                       -----    -----      -----    -----      64A2H    0008H
  +--> ?PR?TMR1

?C_INITSEG                                       -----    -----      -----    -----      -----    -----
  +--> ?PR?AD_KEY_GET_KEY_ID?AD_KEY
  +--> ?PR?TOUCH_KEY_GET_KEY_ID?TOUCH_KEY

?PR?AD_KEY_GET_KEY_ID?AD_KEY                     -----    -----      -----    -----      64A2H    0002H
  +--> ?PR?_ADC_SEL_PIN?ADC
  +--> ?PR?ADC_SINGLE_CONVERT?ADC
  +--> ?PR?___CONVER_CUR_AD_TO_AD_KEY?AD_KEY

?PR?___CONVER_CUR_AD_TO_AD_KEY?AD_KEY            -----    -----      -----    -----      64A4H    0002H

?PR?TOUCH_KEY_GET_KEY_ID?TOUCH_KEY               -----    -----      -----    -----      64A2H    0005H
  +--> ?PR?TOUCH_KEY

*** NEW ROOT ***************************************************

?PR?TK_IRQHANDLER?TK_SET                         -----    -----      -----    -----      -----    -----
  +--> ?PR?__TK_HANDLER?TK_LIB

?PR?__TK_HANDLER?TK_LIB                          -----    -----      -----    -----      -----    -----
  +--> ?CO?TK_SET
  +--> ?PR?__TK_MODE_CONFIG?TK_LIB
  +--> ?PR?__TK_I_SOURCE_ADJUST?TK_LIB
  +--> ?PR?__TK_BASELINE_INIT?TK_LIB
  +--> ?PR?___TK_SET_NEXT_CH?TK_LIB

?PR?__TK_MODE_CONFIG?TK_LIB                      -----    -----      -----    -----      -----    -----
  +--> ?PR?___TK_SET_NEXT_CH?TK_LIB

?PR?__TK_I_SOURCE_ADJUST?TK_LIB                  -----    -----      -----    -----      64B4H    0001H
  +--> ?CO?TK_SET
  +--> ?PR?___TK_LIB_I_ADJUST?TK_LIB
  +--> ?PR?__TK_MODE_CONFIG?TK_LIB
  +--> ?PR?___TK_SET_NEXT_CH?TK_LIB

?PR?___TK_LIB_I_ADJUST?TK_LIB                    -----    -----      0024H    0008H      64B5H    0005H
  +--> ?CO?TK_SET

?PR?__TK_BASELINE_INIT?TK_LIB                    -----    -----      -----    -----      -----    -----
  +--> ?CO?TK_SET
  +--> ?PR?___TK_SET_NEXT_CH?TK_LIB

*** NEW ROOT ***************************************************

?PR?TIMR1_IRQHANDLER?TMR1                        -----    -----      -----    -----      -----    -----
  +--> ?PR?TMR1

*** NEW ROOT ***************************************************

?PR?TIMR2_IRQHANDLER?TMR2                        -----    -----      -----    -----      -----    -----
  +--> ?PR?TMR2
BL51 BANKED LINKER/LOCATER V6.22.4.0                                                  07/31/2025  14:48:58  PAGE 11


  +--> ?PR?UPDATE_ENGINE_SPEED_SCAN_DATA?ENG...
  +--> ?PR?UPDATE_SPEED_SCAN_DATA?SPEED_SCAN

?PR?UPDATE_SPEED_SCAN_DATA?SPEED_SCAN            -----    -----      -----    -----      -----    -----
  +--> ?PR?SPEED_SCAN

*** NEW ROOT ***************************************************

?PR?UART0_IRQHANDLER?UART0                       -----    -----      -----    -----      64BAH    0001H
  +--> ?PR?UART0
  +--> ?PR?TMR0_DISABLE?TMR0
  +--> ?PR?TMR0_ENABLE?TMR0

?PR?TMR0_ENABLE?TMR0                             -----    -----      -----    -----      -----    -----
  +--> ?PR?TMR0



SYMBOL TABLE OF MODULE:  .\Release\Objects\Project (?C_STARTUP)

  VALUE           TYPE          NAME
  ----------------------------------

  -------         MODULE        ?C_STARTUP
  C:277BH         SEGMENT       ?C_C51STARTUP
  I:0067H         SEGMENT       ?STACK
  C:0000H         PUBLIC        ?C_STARTUP
  D:00E0H         SYMBOL        ACC
  D:00F0H         SYMBOL        B
  D:0083H         SYMBOL        DPH
  D:0082H         SYMBOL        DPL
  N:0000H         SYMBOL        IBPSTACK
  N:0100H         SYMBOL        IBPSTACKTOP
  N:0080H         SYMBOL        IDATALEN
  C:277EH         SYMBOL        IDATALOOP
  N:0000H         SYMBOL        PBPSTACK
  N:0100H         SYMBOL        PBPSTACKTOP
  N:0000H         SYMBOL        PDATALEN
  N:0000H         SYMBOL        PDATASTART
  N:0000H         SYMBOL        PPAGE
  N:0000H         SYMBOL        PPAGEENABLE
  D:00A0H         SYMBOL        PPAGE_SFR
  D:0081H         SYMBOL        SP
  C:277BH         SYMBOL        STARTUP1
  N:0000H         SYMBOL        XBPSTACK
  N:0000H         SYMBOL        XBPSTACKTOP
  N:0700H         SYMBOL        XDATALEN
  C:2789H         SYMBOL        XDATALOOP
  N:6000H         SYMBOL        XDATASTART
  C:0000H         LINE#         126
  C:277BH         LINE#         133
  C:277DH         LINE#         134
  C:277EH         LINE#         135
  C:277FH         LINE#         136
  C:2781H         LINE#         140
  C:2784H         LINE#         141
  C:2786H         LINE#         145
BL51 BANKED LINKER/LOCATER V6.22.4.0                                                  07/31/2025  14:48:58  PAGE 12


  C:2788H         LINE#         147
  C:2789H         LINE#         148
  C:278AH         LINE#         149
  C:278BH         LINE#         150
  C:278DH         LINE#         151
  C:278FH         LINE#         185
  C:2792H         LINE#         196
  -------         ENDMOD        ?C_STARTUP

  -------         MODULE        SYSTEM
  C:0000H         SYMBOL        _ICE_DUMMY_
  D:00D9H         PUBLIC        WDT_KEY
  D:00A7H         PUBLIC        FLASH_TIMEREG0
  D:00ACH         PUBLIC        FLASH_TIMEREG1
  C:3A9BH         PUBLIC        _delay
  C:3893H         PUBLIC        _delay_ms
  C:2018H         PUBLIC        system_init
  -------         PROC          _DELAY
  D:0006H         SYMBOL        cnt
  C:3A9BH         LINE#         37
  C:3A9BH         LINE#         38
  C:3A9BH         LINE#         39
  C:3AA5H         LINE#         40
  C:3AA5H         LINE#         41
  C:3AA5H         LINE#         42
  -------         ENDPROC       _DELAY
  -------         PROC          _DELAY_MS
  D:0002H         SYMBOL        ms
  C:3893H         LINE#         49
  C:3897H         LINE#         50
  C:3897H         LINE#         51
  C:38A1H         LINE#         52
  C:38A1H         LINE#         53
  C:38A8H         LINE#         54
  C:38ABH         LINE#         55
  C:38ADH         LINE#         56
  -------         ENDPROC       _DELAY_MS
  -------         PROC          SYSTEM_INIT
  -------         DO            
  D:0007H         SYMBOL        i
  -------         ENDDO         
  C:2018H         LINE#         63
  C:2018H         LINE#         64
  C:2018H         LINE#         67
  C:201FH         LINE#         68
  C:202CH         LINE#         69
  C:202FH         LINE#         72
  C:2032H         LINE#         73
  C:2038H         LINE#         74
  C:203EH         LINE#         75
  C:2044H         LINE#         76
  C:204AH         LINE#         77
  C:2051H         LINE#         81
  C:2053H         LINE#         82
  C:2053H         LINE#         83
  C:2060H         LINE#         84
  C:2065H         LINE#         86
BL51 BANKED LINKER/LOCATER V6.22.4.0                                                  07/31/2025  14:48:58  PAGE 13


  C:20F3H         LINE#         87
  -------         ENDPROC       SYSTEM_INIT
  -------         ENDMOD        SYSTEM

  -------         MODULE        TK_SET
  C:0000H         SYMBOL        _ICE_DUMMY_
  D:00A8H         PUBLIC        IE0
  D:00A9H         PUBLIC        IE1
  D:00AAH         PUBLIC        IE2
  D:00ABH         PUBLIC        IE3
  B:00A8H.7       PUBLIC        IE_EA
  D:00B8H         PUBLIC        IP0
  D:00B1H         PUBLIC        IP1
  D:00B2H         PUBLIC        IP2
  D:00B3H         PUBLIC        IP3
  D:00B4H         PUBLIC        IP4
  D:00B5H         PUBLIC        IP5
  D:00B6H         PUBLIC        IP6
  D:00B7H         PUBLIC        IP7
  C:2941H         PUBLIC        tk_param_init
  X:64BBH         PUBLIC        __tk_update_cnt
  X:64BDH         PUBLIC        __tk_confirm_cnt
  X:64BFH         PUBLIC        __tk_leave_cnt
  X:64C1H         PUBLIC        __tk_ch_index
  X:64C3H         PUBLIC        __tk_ch_fth
  X:64C7H         PUBLIC        __tk_i_set
  X:6000H         PUBLIC        __tk_ch_data_0
  X:6004H         PUBLIC        __tk_ch_data_1
  X:6008H         PUBLIC        __tk_ch_data_2
  X:6010H         PUBLIC        __tk_ch_data_3
  X:6014H         PUBLIC        __tk_ch_data_4
  X:64CBH         PUBLIC        __tk_ch_data_5
  X:64CFH         PUBLIC        __tk_ch_data_6
  C:3857H         PUBLIC        __tk_adjust_line
  C:385BH         PUBLIC        __tk_adjust_time
  C:385DH         PUBLIC        __tk_adjust_diff_valu
  C:385FH         PUBLIC        __tk_adjust_en
  C:3860H         PUBLIC        __tk_valid_time
  C:3862H         PUBLIC        __tk_long_key_time
  C:386CH         PUBLIC        __tk_use_num
  C:3866H         PUBLIC        __tk_cs_en
  C:3868H         PUBLIC        __tk_nm_num
  C:3867H         PUBLIC        __tk_tp_en
  C:3869H         PUBLIC        __tk_base_update_cnt
  C:386BH         PUBLIC        __tk_cm_valu
  C:3864H         PUBLIC        __tk_noise_value
  C:386AH         PUBLIC        __tk_nm_cm_value
  C:386DH         SYMBOL        TK_CH_EN_BUG
  C:1985H         PUBLIC        tk_gpio_config
  C:32FFH         PUBLIC        TK_IRQHandler
  C:30F9H         PUBLIC        tk_init
  C:38FCH         SYMBOL        Com0055
  C:38FCH         SYMBOL        L?0086
  C:38FCH         SYMBOL        L?0087
  C:38FEH         SYMBOL        L?0088
  C:3901H         SYMBOL        L?0089
  C:390AH         SYMBOL        L?0090
BL51 BANKED LINKER/LOCATER V6.22.4.0                                                  07/31/2025  14:48:58  PAGE 14


  C:390CH         SYMBOL        L?0091
  -------         PROC          COM0055
  -------         ENDPROC       COM0055
  -------         PROC          TK_GPIO_CONFIG
  -------         DO            
  D:0007H         SYMBOL        i
  -------         ENDDO         
  C:1985H         LINE#         262
  C:1985H         LINE#         263
  C:1985H         LINE#         264
  C:1987H         LINE#         266
  C:1987H         LINE#         267
  C:1987H         LINE#         269
  C:198FH         LINE#         270
  C:198FH         LINE#         271
  C:1997H         LINE#         272
  C:1997H         LINE#         273
  C:19ACH         LINE#         274
  C:19BCH         LINE#         275
  C:19BFH         LINE#         277
  C:19BFH         LINE#         278
  C:19D4H         LINE#         279
  C:19E4H         LINE#         280
  C:19E4H         LINE#         281
  C:19E7H         LINE#         282
  C:19F7H         LINE#         283
  C:19F7H         LINE#         284
  C:19FFH         LINE#         285
  C:19FFH         LINE#         286
  C:1A16H         LINE#         287
  C:1A28H         LINE#         288
  C:1A2BH         LINE#         290
  C:1A2BH         LINE#         291
  C:1A42H         LINE#         292
  C:1A54H         LINE#         293
  C:1A54H         LINE#         294
  C:1A57H         LINE#         296
  C:1A57H         LINE#         297
  C:1A5FH         LINE#         298
  C:1A5FH         LINE#         299
  C:1A76H         LINE#         300
  C:1A88H         LINE#         301
  C:1A8AH         LINE#         303
  C:1A8AH         LINE#         304
  C:1AA1H         LINE#         305
  C:1AB7H         LINE#         306
  C:1AB7H         LINE#         307
  C:1AB7H         LINE#         308
  C:1AC0H         LINE#         309
  -------         ENDPROC       TK_GPIO_CONFIG
  -------         PROC          TK_IRQHANDLER
  C:32FFH         LINE#         316
  C:331CH         LINE#         318
  C:331CH         LINE#         319
  C:3322H         LINE#         320
  C:3322H         LINE#         321
  C:3326H         LINE#         322
BL51 BANKED LINKER/LOCATER V6.22.4.0                                                  07/31/2025  14:48:58  PAGE 15


  C:3329H         LINE#         323
  C:3329H         LINE#         324
  C:3329H         LINE#         325
  -------         ENDPROC       TK_IRQHANDLER
  -------         PROC          TK_INIT
  C:30F9H         LINE#         332
  C:30F9H         LINE#         333
  C:30F9H         LINE#         334
  C:30FBH         LINE#         335
  C:30FEH         LINE#         336
  C:3101H         LINE#         337
  C:3108H         LINE#         338
  C:310BH         LINE#         339
  C:3110H         LINE#         340
  C:3114H         LINE#         341
  C:3119H         LINE#         342
  C:311DH         LINE#         343
  C:3122H         LINE#         344
  C:3126H         LINE#         345
  C:312BH         LINE#         346
  C:312FH         LINE#         347
  C:3132H         LINE#         348
  C:3134H         LINE#         349
  C:3136H         LINE#         350
  C:313BH         LINE#         351
  C:313FH         LINE#         352
  C:3143H         LINE#         353
  C:3147H         LINE#         354
  -------         ENDPROC       TK_INIT
  -------         PROC          TK_PARAM_INIT
  -------         DO            
  D:0003H         SYMBOL        i
  -------         ENDDO         
  C:2941H         LINE#         403
  C:2941H         LINE#         404
  C:2941H         LINE#         405
  C:2943H         LINE#         408
  C:2943H         LINE#         409
  C:2943H         LINE#         410
  C:2961H         LINE#         411
  C:2987H         LINE#         412
  C:2999H         LINE#         413
  C:29C1H         LINE#         414
  C:29CAH         LINE#         417
  C:29CDH         LINE#         420
  C:29D0H         LINE#         423
  -------         ENDPROC       TK_PARAM_INIT
  -------         ENDMOD        TK_SET

  -------         MODULE        MY_GPIO
  C:0000H         SYMBOL        _ICE_DUMMY_
  C:3975H         PUBLIC        p03_output_config
  C:39C1H         PUBLIC        p06_input_config
  C:39CEH         PUBLIC        p07_input_config
  C:39DBH         PUBLIC        p10_input_config
  C:39E8H         PUBLIC        p13_input_config
  C:39F5H         PUBLIC        p14_input_config
BL51 BANKED LINKER/LOCATER V6.22.4.0                                                  07/31/2025  14:48:58  PAGE 16


  C:3A02H         PUBLIC        p21_input_config
  C:3A0FH         PUBLIC        p22_input_config
  C:3A1CH         PUBLIC        p23_input_config
  C:3A29H         PUBLIC        p25_input_config
  C:3A36H         PUBLIC        p27_input_config
  C:3A43H         PUBLIC        p30_input_config
  -------         PROC          P03_OUTPUT_CONFIG
  C:3975H         LINE#         67
  C:3975H         LINE#         68
  C:3975H         LINE#         69
  C:397BH         LINE#         70
  C:397FH         LINE#         72
  C:3984H         LINE#         73
  -------         ENDPROC       P03_OUTPUT_CONFIG
  -------         PROC          P06_INPUT_CONFIG
  C:39C1H         LINE#         90
  C:39C1H         LINE#         91
  C:39C1H         LINE#         93
  C:39C7H         LINE#         95
  C:39CDH         LINE#         96
  -------         ENDPROC       P06_INPUT_CONFIG
  -------         PROC          P07_INPUT_CONFIG
  C:39CEH         LINE#         99
  C:39CEH         LINE#         100
  C:39CEH         LINE#         102
  C:39D4H         LINE#         104
  C:39DAH         LINE#         105
  -------         ENDPROC       P07_INPUT_CONFIG
  -------         PROC          P10_INPUT_CONFIG
  C:39DBH         LINE#         108
  C:39DBH         LINE#         109
  C:39DBH         LINE#         111
  C:39E1H         LINE#         113
  C:39E7H         LINE#         114
  -------         ENDPROC       P10_INPUT_CONFIG
  -------         PROC          P13_INPUT_CONFIG
  C:39E8H         LINE#         117
  C:39E8H         LINE#         118
  C:39E8H         LINE#         120
  C:39EEH         LINE#         122
  C:39F4H         LINE#         123
  -------         ENDPROC       P13_INPUT_CONFIG
  -------         PROC          P14_INPUT_CONFIG
  C:39F5H         LINE#         126
  C:39F5H         LINE#         127
  C:39F5H         LINE#         129
  C:39FBH         LINE#         131
  C:3A01H         LINE#         132
  -------         ENDPROC       P14_INPUT_CONFIG
  -------         PROC          P21_INPUT_CONFIG
  C:3A02H         LINE#         144
  C:3A02H         LINE#         145
  C:3A02H         LINE#         147
  C:3A08H         LINE#         149
  C:3A0EH         LINE#         150
  -------         ENDPROC       P21_INPUT_CONFIG
  -------         PROC          P22_INPUT_CONFIG
BL51 BANKED LINKER/LOCATER V6.22.4.0                                                  07/31/2025  14:48:58  PAGE 17


  C:3A0FH         LINE#         153
  C:3A0FH         LINE#         154
  C:3A0FH         LINE#         156
  C:3A15H         LINE#         158
  C:3A1BH         LINE#         159
  -------         ENDPROC       P22_INPUT_CONFIG
  -------         PROC          P23_INPUT_CONFIG
  C:3A1CH         LINE#         162
  C:3A1CH         LINE#         163
  C:3A1CH         LINE#         165
  C:3A22H         LINE#         167
  C:3A28H         LINE#         168
  -------         ENDPROC       P23_INPUT_CONFIG
  -------         PROC          P25_INPUT_CONFIG
  C:3A29H         LINE#         171
  C:3A29H         LINE#         172
  C:3A29H         LINE#         174
  C:3A2FH         LINE#         176
  C:3A35H         LINE#         177
  -------         ENDPROC       P25_INPUT_CONFIG
  -------         PROC          P27_INPUT_CONFIG
  C:3A36H         LINE#         180
  C:3A36H         LINE#         181
  C:3A36H         LINE#         183
  C:3A3CH         LINE#         185
  C:3A42H         LINE#         186
  -------         ENDPROC       P27_INPUT_CONFIG
  -------         PROC          P30_INPUT_CONFIG
  C:3A43H         LINE#         189
  C:3A43H         LINE#         190
  C:3A43H         LINE#         192
  C:3A49H         LINE#         194
  C:3A4FH         LINE#         195
  -------         ENDPROC       P30_INPUT_CONFIG
  -------         ENDMOD        MY_GPIO

  -------         MODULE        TMR0
  C:0000H         SYMBOL        _ICE_DUMMY_
  D:00A8H         PUBLIC        IE0
  D:00A9H         PUBLIC        IE1
  D:00AAH         PUBLIC        IE2
  D:00ABH         PUBLIC        IE3
  B:00A8H.7       PUBLIC        IE_EA
  D:00B8H         PUBLIC        IP0
  D:00B1H         PUBLIC        IP1
  D:00B2H         PUBLIC        IP2
  D:00B3H         PUBLIC        IP3
  D:00B4H         PUBLIC        IP4
  D:00B5H         PUBLIC        IP5
  D:00B6H         PUBLIC        IP6
  D:00B7H         PUBLIC        IP7
  X:600CH         PUBLIC        tmr0_cnt
  C:3578H         PUBLIC        tmr0_config
  C:3A77H         PUBLIC        tmr0_enable
  C:3985H         PUBLIC        tmr0_disable
  C:2E56H         PUBLIC        TIMR0_IRQHandler
  C:3AA6H         SYMBOL        Com004F
BL51 BANKED LINKER/LOCATER V6.22.4.0                                                  07/31/2025  14:48:58  PAGE 18


  C:3AA6H         SYMBOL        L?0080
  C:3AA6H         SYMBOL        L?0081
  -------         PROC          COM004F
  -------         ENDPROC       COM004F
  -------         PROC          TMR0_CONFIG
  C:3578H         LINE#         13
  C:3578H         LINE#         14
  C:3578H         LINE#         15
  C:357EH         LINE#         16
  C:3581H         LINE#         17
  C:3583H         LINE#         20
  C:3587H         LINE#         21
  C:3589H         LINE#         23
  C:358FH         LINE#         24
  C:3593H         LINE#         25
  C:3597H         LINE#         26
  C:359BH         LINE#         28
  C:35A0H         LINE#         29
  C:35A4H         LINE#         31
  C:35A9H         LINE#         32
  C:35ADH         LINE#         34
  C:35ADH         LINE#         35
  C:35B3H         LINE#         36
  -------         ENDPROC       TMR0_CONFIG
  -------         PROC          TMR0_ENABLE
  C:3A77H         LINE#         41
  C:3A77H         LINE#         42
  C:3A77H         LINE#         44
  C:3A77H         LINE#         45
  C:3A7DH         LINE#         47
  C:3A80H         LINE#         48
  C:3A82H         LINE#         49
  -------         ENDPROC       TMR0_ENABLE
  -------         PROC          TMR0_DISABLE
  C:3985H         LINE#         54
  C:3985H         LINE#         55
  C:3985H         LINE#         57
  C:3985H         LINE#         58
  C:398BH         LINE#         61
  C:398FH         LINE#         62
  C:3991H         LINE#         64
  C:3994H         LINE#         65
  -------         ENDPROC       TMR0_DISABLE
  -------         PROC          TIMR0_IRQHANDLER
  C:2E56H         LINE#         68
  C:2E73H         LINE#         71
  C:2E73H         LINE#         77
  C:2E79H         LINE#         78
  C:2E79H         LINE#         79
  C:2E7DH         LINE#         80
  C:2E8FH         LINE#         81
  C:2E8FH         LINE#         82
  C:2EA8H         LINE#         83
  C:2EA8H         LINE#         86
  C:2EA8H         LINE#         90
  C:2EA8H         LINE#         91
  -------         ENDPROC       TIMR0_IRQHANDLER
BL51 BANKED LINKER/LOCATER V6.22.4.0                                                  07/31/2025  14:48:58  PAGE 19


  -------         ENDMOD        TMR0

  -------         MODULE        TMR1
  C:0000H         SYMBOL        _ICE_DUMMY_
  D:00A8H         PUBLIC        IE0
  D:00A9H         PUBLIC        IE1
  D:00AAH         PUBLIC        IE2
  D:00ABH         PUBLIC        IE3
  B:00A8H.7       PUBLIC        IE_EA
  D:00B8H         PUBLIC        IP0
  D:00B1H         PUBLIC        IP1
  D:00B2H         PUBLIC        IP2
  D:00B3H         PUBLIC        IP3
  D:00B4H         PUBLIC        IP4
  D:00B5H         PUBLIC        IP5
  D:00B6H         PUBLIC        IP6
  D:00B7H         PUBLIC        IP7
  D:00D1H         PUBLIC        TMR_ALLCON
  C:34C1H         PUBLIC        tmr1_config
  C:3995H         PUBLIC        tmr1_enable
  C:1BF9H         PUBLIC        heart_beat_handle
  X:652AH         PUBLIC        tmr1_cnt
  C:2D74H         PUBLIC        TIMR1_IRQHandler
  C:3194H         SYMBOL        Com0052
  C:3194H         SYMBOL        L?0083
  C:31A5H         SYMBOL        L?0084
  C:31ACH         SYMBOL        L?0085
  C:31BDH         SYMBOL        L?0086
  C:31C0H         SYMBOL        L?0087
  C:31C6H         SYMBOL        L?0088
  C:31D3H         SYMBOL        L?0089
  C:31D3H         SYMBOL        L?0090
  C:31D9H         SYMBOL        L?0091
  C:31D9H         SYMBOL        L?0092
  -------         PROC          COM0052
  -------         ENDPROC       COM0052
  -------         PROC          TMR1_CONFIG
  C:34C1H         LINE#         21
  C:34C1H         LINE#         22
  C:34C1H         LINE#         23
  C:34C7H         LINE#         24
  C:34CAH         LINE#         25
  C:34CCH         LINE#         27
  C:34CFH         LINE#         29
  C:34D5H         LINE#         30
  C:34D9H         LINE#         31
  C:34DDH         LINE#         32
  C:34E1H         LINE#         34
  C:34E6H         LINE#         35
  C:34EAH         LINE#         38
  C:34EFH         LINE#         39
  C:34F3H         LINE#         41
  C:34F9H         LINE#         42
  C:34FDH         LINE#         43
  -------         ENDPROC       TMR1_CONFIG
  -------         PROC          TMR1_ENABLE
  C:3995H         LINE#         48
BL51 BANKED LINKER/LOCATER V6.22.4.0                                                  07/31/2025  14:48:58  PAGE 20


  C:3995H         LINE#         49
  C:3995H         LINE#         51
  C:399BH         LINE#         52
  C:399FH         LINE#         54
  C:39A2H         LINE#         55
  C:39A4H         LINE#         56
  -------         ENDPROC       TMR1_ENABLE
  -------         PROC          HEART_BEAT_HANDLE
  -------         DO            
  X:6526H         SYMBOL        old_time_ms_cnt
  X:64A2H         SYMBOL        cur_time_ms_cnt
  X:64A6H         SYMBOL        diff_ms_cnt
  -------         ENDDO         
  C:1BF9H         LINE#         74
  C:1BF9H         LINE#         75
  C:1BF9H         LINE#         77
  C:1C05H         LINE#         78
  C:1C0FH         LINE#         79
  C:1C19H         LINE#         80
  C:1C2EH         LINE#         81
  C:1C38H         LINE#         83
  C:1C45H         LINE#         84
  C:1C45H         LINE#         86
  C:1C4EH         LINE#         87
  C:1C4EH         LINE#         129
  C:1C59H         LINE#         130
  C:1C59H         LINE#         132
  C:1C68H         LINE#         133
  C:1C68H         LINE#         135
  C:1C73H         LINE#         136
  C:1C73H         LINE#         138
  C:1C82H         LINE#         139
  C:1C82H         LINE#         141
  C:1C89H         LINE#         142
  C:1C89H         LINE#         144
  C:1C92H         LINE#         145
  C:1CA1H         LINE#         146
  C:1CA1H         LINE#         148
  C:1CA5H         LINE#         149
  C:1CA9H         LINE#         150
  C:1CA9H         LINE#         151
  C:1CA9H         LINE#         153
  C:1CB0H         LINE#         154
  C:1CB0H         LINE#         157
  C:1CB9H         LINE#         158
  C:1CC8H         LINE#         159
  C:1CC8H         LINE#         161
  C:1CCCH         LINE#         162
  C:1CD0H         LINE#         163
  C:1CD0H         LINE#         164
  C:1CD0H         LINE#         166
  C:1CD7H         LINE#         167
  C:1CD7H         LINE#         170
  C:1CE0H         LINE#         171
  C:1CEFH         LINE#         172
  C:1CEFH         LINE#         174
  C:1CF3H         LINE#         175
BL51 BANKED LINKER/LOCATER V6.22.4.0                                                  07/31/2025  14:48:58  PAGE 21


  C:1CF7H         LINE#         176
  C:1CF7H         LINE#         177
  C:1CF7H         LINE#         179
  C:1D04H         LINE#         180
  C:1D04H         LINE#         181
  C:1D0EH         LINE#         182
  C:1D0EH         LINE#         184
  C:1D1CH         LINE#         185
  C:1D1CH         LINE#         186
  C:1D28H         LINE#         187
  C:1D28H         LINE#         188
  -------         ENDPROC       HEART_BEAT_HANDLE
  -------         PROC          TIMR1_IRQHANDLER
  C:2D74H         LINE#         191
  C:2D91H         LINE#         194
  C:2D91H         LINE#         215
  C:2D97H         LINE#         216
  C:2D97H         LINE#         217
  C:2D9BH         LINE#         219
  C:2DA9H         LINE#         220
  C:2DA9H         LINE#         221
  C:2DB5H         LINE#         222
  C:2DB5H         LINE#         224
  C:2DB5H         LINE#         245
  C:2DBEH         LINE#         246
  C:2DBEH         LINE#         247
  C:2DC1H         LINE#         248
  C:2DC1H         LINE#         252
  C:2DCAH         LINE#         253
  C:2DCAH         LINE#         254
  C:2DCDH         LINE#         255
  C:2DCDH         LINE#         271
  C:2DCDH         LINE#         272
  C:2DCDH         LINE#         276
  C:2DCDH         LINE#         277
  -------         ENDPROC       TIMR1_IRQHANDLER
  -------         ENDMOD        TMR1

  -------         MODULE        TMR2
  C:0000H         SYMBOL        _ICE_DUMMY_
  D:00A8H         PUBLIC        IE0
  D:00A9H         PUBLIC        IE1
  D:00AAH         PUBLIC        IE2
  D:00ABH         PUBLIC        IE3
  B:00A8H.7       PUBLIC        IE_EA
  D:00B8H         PUBLIC        IP0
  D:00B1H         PUBLIC        IP1
  D:00B2H         PUBLIC        IP2
  D:00B3H         PUBLIC        IP3
  D:00B4H         PUBLIC        IP4
  D:00B5H         PUBLIC        IP5
  D:00B6H         PUBLIC        IP6
  D:00B7H         PUBLIC        IP7
  B:0080H.2       PUBLIC        P02
  B:0090H.5       PUBLIC        P15
  D:00D1H         PUBLIC        TMR_ALLCON
  C:3386H         PUBLIC        tmr2_config
BL51 BANKED LINKER/LOCATER V6.22.4.0                                                  07/31/2025  14:48:58  PAGE 22


  C:3942H         PUBLIC        tmr2_enable
  C:1E4DH         PUBLIC        TIMR2_IRQHandler
  C:3819H         SYMBOL        Com004D
  C:3819H         SYMBOL        L?0078
  C:3819H         SYMBOL        L?0079
  C:382AH         SYMBOL        L?0080
  -------         PROC          COM004D
  -------         ENDPROC       COM004D
  -------         PROC          TMR2_CONFIG
  C:3386H         LINE#         14
  C:3386H         LINE#         15
  C:3386H         LINE#         16
  C:338CH         LINE#         17
  C:338FH         LINE#         18
  C:3391H         LINE#         21
  C:3394H         LINE#         23
  C:339BH         LINE#         24
  C:339DH         LINE#         25
  C:33A1H         LINE#         26
  C:33A5H         LINE#         29
  C:33ABH         LINE#         30
  C:33B1H         LINE#         32
  C:33B8H         LINE#         33
  C:33BCH         LINE#         34
  C:33C1H         LINE#         35
  C:33C5H         LINE#         36
  -------         ENDPROC       TMR2_CONFIG
  -------         PROC          TMR2_ENABLE
  C:3942H         LINE#         41
  C:3942H         LINE#         42
  C:3942H         LINE#         44
  C:3949H         LINE#         45
  C:394DH         LINE#         47
  C:3950H         LINE#         48
  C:3952H         LINE#         49
  -------         ENDPROC       TMR2_ENABLE
  -------         PROC          TIMR2_IRQHANDLER
  -------         DO            
  B:0022H.5       SYMBOL        last_engine_speed_scan_level
  B:0022H.6       SYMBOL        last_speed_scan_level
  -------         DO            
  X:6539H         SYMBOL        cnt
  X:653AH         SYMBOL        cnt
  -------         ENDDO         
  -------         DO            
  X:653AH         SYMBOL        cnt
  -------         ENDDO         
  -------         ENDDO         
  C:1E4DH         LINE#         70
  C:1E6AH         LINE#         77
  C:1E6AH         LINE#         82
  C:1E74H         LINE#         83
  C:1E74H         LINE#         84
  C:1E78H         LINE#         86
  C:1E78H         LINE#         88
  C:1E7EH         LINE#         89
  C:1E84H         LINE#         90
BL51 BANKED LINKER/LOCATER V6.22.4.0                                                  07/31/2025  14:48:58  PAGE 23


  C:1E84H         LINE#         91
  C:1E86H         LINE#         92
  C:1E92H         LINE#         94
  C:1E9DH         LINE#         96
  C:1E9DH         LINE#         97
  C:1EA7H         LINE#         98
  C:1EA9H         LINE#         99
  C:1EA9H         LINE#         100
  C:1EA9H         LINE#         101
  C:1EA9H         LINE#         103
  C:1EACH         LINE#         104
  C:1EACH         LINE#         105
  C:1EAFH         LINE#         106
  C:1EAFH         LINE#         112
  C:1EBBH         LINE#         113
  C:1EBEH         LINE#         114
  C:1EBEH         LINE#         116
  C:1EC0H         LINE#         117
  C:1EC2H         LINE#         119
  C:1EC2H         LINE#         121
  C:1EC4H         LINE#         122
  C:1EC4H         LINE#         124
  C:1EC4H         LINE#         126
  C:1ECEH         LINE#         127
  C:1EDDH         LINE#         128
  C:1EDDH         LINE#         129
  C:1EE1H         LINE#         130
  C:1EEDH         LINE#         133
  C:1EF8H         LINE#         135
  C:1EF8H         LINE#         136
  C:1F02H         LINE#         137
  C:1F04H         LINE#         138
  C:1F04H         LINE#         139
  C:1F04H         LINE#         140
  C:1F04H         LINE#         142
  C:1F07H         LINE#         143
  C:1F07H         LINE#         144
  C:1F0AH         LINE#         145
  C:1F0AH         LINE#         154
  C:1F16H         LINE#         155
  C:1F19H         LINE#         156
  C:1F19H         LINE#         158
  C:1F1BH         LINE#         159
  C:1F1DH         LINE#         161
  C:1F1DH         LINE#         163
  C:1F1FH         LINE#         164
  C:1F1FH         LINE#         165
  C:1F1FH         LINE#         169
  C:1F1FH         LINE#         170
  -------         ENDPROC       TIMR2_IRQHANDLER
  -------         ENDMOD        TMR2

  -------         MODULE        UART0
  C:0000H         SYMBOL        _ICE_DUMMY_
  D:00A8H         PUBLIC        IE0
  D:00A9H         PUBLIC        IE1
  D:00AAH         PUBLIC        IE2
BL51 BANKED LINKER/LOCATER V6.22.4.0                                                  07/31/2025  14:48:58  PAGE 24


  D:00ABH         PUBLIC        IE3
  B:00A8H.7       PUBLIC        IE_EA
  D:00B8H         PUBLIC        IP0
  D:00B1H         PUBLIC        IP1
  D:00B2H         PUBLIC        IP2
  D:00B3H         PUBLIC        IP3
  D:00B4H         PUBLIC        IP4
  D:00B5H         PUBLIC        IP5
  D:00B6H         PUBLIC        IP6
  D:00B7H         PUBLIC        IP7
  D:00D2H         PUBLIC        UART0_CON0
  D:00D4H         PUBLIC        UART0_STA
  D:00D5H         PUBLIC        UART0_BAUD0
  D:00D6H         PUBLIC        UART0_BAUD1
  D:00D7H         PUBLIC        UART0_DATA
  C:004EH         PUBLIC        _putchar
  X:63F1H         PUBLIC        uart0_recv_buf
  X:641EH         PUBLIC        uart0_recv_len
  X:6421H         PUBLIC        recved_flagbuf
  X:6424H         PUBLIC        recv_frame_cnt
  X:6425H         PUBLIC        flagbuf_valid_instruction
  C:3714H         PUBLIC        uart0_config
  C:3A50H         PUBLIC        _uart0_sendbyte
  C:0027H         PUBLIC        _uart0_send_buff
  C:1D29H         PUBLIC        uart0_scan_handle
  B:0023H.1       SYMBOL        flag_is_recving_data
  X:6428H         SYMBOL        frame_len
  X:6429H         SYMBOL        cur_recv_len
  X:642AH         SYMBOL        blank_index
  C:1AC1H         PUBLIC        UART0_IRQHandler
  C:304CH         SYMBOL        Com005E
  C:304CH         SYMBOL        L?0095
  C:3055H         SYMBOL        L?0096
  C:305DH         SYMBOL        L?0097
  C:3064H         SYMBOL        L?0098
  C:306CH         SYMBOL        L?0099
  C:307EH         SYMBOL        L?0100
  C:3081H         SYMBOL        L?0101
  C:3089H         SYMBOL        L?0102
  C:3095H         SYMBOL        L?0103
  C:309FH         SYMBOL        L?0104
  -------         PROC          COM005E
  -------         ENDPROC       COM005E
  -------         PROC          _PUTCHAR
  X:6543H         SYMBOL        c
  C:004EH         LINE#         29
  C:0053H         LINE#         30
  C:0053H         LINE#         31
  C:0056H         LINE#         32
  C:005BH         LINE#         33
  -------         ENDPROC       _PUTCHAR
  -------         PROC          UART0_CONFIG
  C:3714H         LINE#         38
  C:3714H         LINE#         39
  C:3714H         LINE#         42
  C:371AH         LINE#         43
  C:371EH         LINE#         44
BL51 BANKED LINKER/LOCATER V6.22.4.0                                                  07/31/2025  14:48:58  PAGE 25


  C:3722H         LINE#         45
  C:3729H         LINE#         46
  C:3730H         LINE#         65
  C:3733H         LINE#         66
  C:3735H         LINE#         68
  C:3738H         LINE#         69
  C:373BH         LINE#         70
  C:373EH         LINE#         75
  -------         ENDPROC       UART0_CONFIG
  -------         PROC          UART0_IRQHANDLER
  -------         DO            
  X:64BAH         SYMBOL        uart0_tmp_val
  -------         ENDDO         
  C:1AC1H         LINE#         78
  C:1ADEH         LINE#         80
  C:1AE3H         LINE#         83
  C:1AE3H         LINE#         88
  C:1AEBH         LINE#         89
  C:1AEBH         LINE#         91
  C:1AEEH         LINE#         93
  C:1AFEH         LINE#         95
  C:1AFEH         LINE#         99
  C:1AFEH         LINE#         100
  C:1AFEH         LINE#         101
  C:1B01H         LINE#         103
  C:1B01H         LINE#         106
  C:1B08H         LINE#         107
  C:1B08H         LINE#         110
  C:1B0AH         LINE#         111
  C:1B0AH         LINE#         112
  C:1B0DH         LINE#         113
  C:1B10H         LINE#         114
  C:1B1AH         LINE#         115
  C:1B1DH         LINE#         116
  C:1B1DH         LINE#         118
  C:1B24H         LINE#         119
  C:1B24H         LINE#         121
  C:1B2CH         LINE#         124
  C:1B2CH         LINE#         127
  C:1B35H         LINE#         128
  C:1B35H         LINE#         130
  C:1B64H         LINE#         132
  C:1B6EH         LINE#         135
  C:1B7BH         LINE#         137
  C:1B7BH         LINE#         139
  C:1B8EH         LINE#         141
  C:1B90H         LINE#         142
  C:1B90H         LINE#         143
  C:1B93H         LINE#         145
  C:1B99H         LINE#         146
  C:1B9FH         LINE#         148
  C:1BB8H         LINE#         149
  C:1BC7H         LINE#         150
  C:1BC7H         LINE#         151
  C:1BD1H         LINE#         152
  C:1BD1H         LINE#         177
  C:1BD1H         LINE#         178
BL51 BANKED LINKER/LOCATER V6.22.4.0                                                  07/31/2025  14:48:58  PAGE 26


  C:1BD4H         LINE#         179
  C:1BDEH         LINE#         180
  C:1BDEH         LINE#         182
  C:1BDEH         LINE#         183
  C:1BDEH         LINE#         185
  C:1BDEH         LINE#         190
  C:1BDEH         LINE#         194
  C:1BDEH         LINE#         195
  -------         ENDPROC       UART0_IRQHANDLER
  -------         PROC          _UART0_SENDBYTE
  D:0007H         SYMBOL        senddata
  C:3A50H         LINE#         198
  C:3A50H         LINE#         199
  C:3A50H         LINE#         200
  C:3A55H         LINE#         202
  C:3A57H         LINE#         203
  C:3A5CH         LINE#         205
  -------         ENDPROC       _UART0_SENDBYTE
  -------         PROC          _UART0_SEND_BUFF
  X:653CH         SYMBOL        buf
  D:0005H         SYMBOL        len
  -------         DO            
  D:0006H         SYMBOL        i
  -------         ENDDO         
  C:0027H         LINE#         209
  C:002DH         LINE#         210
  C:002DH         LINE#         211
  C:002FH         LINE#         212
  C:0034H         LINE#         213
  C:0034H         LINE#         214
  C:0046H         LINE#         215
  C:0049H         LINE#         216
  -------         ENDPROC       _UART0_SEND_BUFF
  -------         PROC          UART0_SCAN_HANDLE
  -------         DO            
  X:64A2H         SYMBOL        i
  X:64A3H         SYMBOL        checksum
  B:0023H.4       SYMBOL        __flag_is_crc_or_len_err
  -------         DO            
  X:64A4H         SYMBOL        __loop_crc_cnt
  -------         ENDDO         
  -------         ENDDO         
  C:1D29H         LINE#         221
  C:1D29H         LINE#         222
  C:1D29H         LINE#         223
  C:1D2EH         LINE#         224
  C:1D30H         LINE#         225
  C:1D32H         LINE#         229
  C:1D43H         LINE#         230
  C:1D43H         LINE#         234
  C:1D46H         LINE#         235
  C:1D50H         LINE#         238
  C:1D55H         LINE#         239
  C:1D59H         LINE#         240
  C:1D5CH         LINE#         268
  C:1D5CH         LINE#         272
  C:1D6EH         LINE#         273
BL51 BANKED LINKER/LOCATER V6.22.4.0                                                  07/31/2025  14:48:58  PAGE 27


  C:1D6EH         LINE#         274
  C:1D7AH         LINE#         275
  C:1D7AH         LINE#         279
  C:1D97H         LINE#         280
  C:1D97H         LINE#         287
  C:1DA0H         LINE#         288
  C:1DA0H         LINE#         289
  C:1DB1H         LINE#         292
  C:1DB1H         LINE#         294
  C:1DB1H         LINE#         295
  C:1DB6H         LINE#         296
  C:1DBAH         LINE#         297
  C:1DCBH         LINE#         298
  C:1DCBH         LINE#         299
  C:1DE7H         LINE#         300
  C:1DEDH         LINE#         303
  C:1DF2H         LINE#         304
  C:1E11H         LINE#         305
  C:1E11H         LINE#         307
  C:1E13H         LINE#         308
  C:1E13H         LINE#         309
  C:1E13H         LINE#         311
  C:1E16H         LINE#         312
  C:1E16H         LINE#         333
  C:1E18H         LINE#         334
  C:1E22H         LINE#         335
  C:1E22H         LINE#         336
  C:1E33H         LINE#         337
  C:1E33H         LINE#         340
  C:1E43H         LINE#         341
  C:1E43H         LINE#         342
  C:1E4CH         LINE#         343
  -------         ENDPROC       UART0_SCAN_HANDLE
  -------         ENDMOD        UART0

  -------         MODULE        ADC
  C:0000H         SYMBOL        _ICE_DUMMY_
  D:0091H         PUBLIC        ADC_CFG2
  D:0093H         PUBLIC        ADC_DATAH0
  D:0094H         PUBLIC        ADC_DATAL0
  D:0099H         PUBLIC        ADC_CHS0
  D:009EH         PUBLIC        ADC_TRGS0
  X:653FH         PUBLIC        adc_val
  C:376AH         PUBLIC        adc_config
  C:3344H         PUBLIC        _adc_sel_pin
  C:3792H         PUBLIC        adc_single_convert
  C:20F4H         PUBLIC        adc_getval
  C:38AEH         SYMBOL        Com0012
  C:38AEH         SYMBOL        L?0019
  C:38B7H         SYMBOL        L?0020
  C:38BDH         SYMBOL        L?0021
  -------         PROC          COM0012
  -------         ENDPROC       COM0012
  -------         PROC          ADC_CONFIG
  C:376AH         LINE#         7
  C:376AH         LINE#         8
  C:376AH         LINE#         10
BL51 BANKED LINKER/LOCATER V6.22.4.0                                                  07/31/2025  14:48:58  PAGE 28


  C:3770H         LINE#         12
  C:3774H         LINE#         14
  C:3779H         LINE#         18
  C:377FH         LINE#         19
  C:3782H         LINE#         26
  C:3782H         LINE#         27
  C:3785H         LINE#         28
  C:378BH         LINE#         32
  C:378EH         LINE#         33
  C:3791H         LINE#         34
  -------         ENDPROC       ADC_CONFIG
  -------         PROC          _ADC_SEL_PIN
  D:0007H         SYMBOL        adc_pin
  C:3344H         LINE#         38
  C:3344H         LINE#         39
  C:3344H         LINE#         40
  C:3347H         LINE#         42
  C:3353H         LINE#         43
  C:3353H         LINE#         44
  C:3353H         LINE#         45
  C:335AH         LINE#         46
  C:335EH         LINE#         47
  C:3361H         LINE#         48
  C:3363H         LINE#         51
  C:3363H         LINE#         52
  C:3363H         LINE#         53
  C:3366H         LINE#         54
  C:3369H         LINE#         56
  C:336BH         LINE#         58
  C:336BH         LINE#         63
  C:3372H         LINE#         64
  C:3376H         LINE#         65
  C:3379H         LINE#         66
  C:3379H         LINE#         68
  C:3379H         LINE#         72
  C:3379H         LINE#         73
  C:3379H         LINE#         75
  C:337FH         LINE#         78
  -------         ENDPROC       _ADC_SEL_PIN
  -------         PROC          ADC_SINGLE_CONVERT
  C:3792H         LINE#         82
  C:3792H         LINE#         83
  C:3792H         LINE#         84
  C:3798H         LINE#         85
  C:379EH         LINE#         87
  C:37A1H         LINE#         88
  C:37B4H         LINE#         89
  -------         ENDPROC       ADC_SINGLE_CONVERT
  -------         PROC          ADC_GETVAL
  -------         DO            
  X:64A5H         SYMBOL        adc_val_tmp
  X:64A7H         SYMBOL        adc_val_sum
  X:64ABH         SYMBOL        get_adcmax
  X:64ADH         SYMBOL        get_adcmin
  X:64AFH         SYMBOL        i
  -------         ENDDO         
  C:20F4H         LINE#         92
BL51 BANKED LINKER/LOCATER V6.22.4.0                                                  07/31/2025  14:48:58  PAGE 29


  C:20F4H         LINE#         93
  C:20F4H         LINE#         94
  C:20FBH         LINE#         95
  C:2103H         LINE#         96
  C:210AH         LINE#         97
  C:2110H         LINE#         98
  C:2113H         LINE#         100
  C:2114H         LINE#         101
  C:2114H         LINE#         102
  C:211FH         LINE#         103
  C:2128H         LINE#         104
  C:2128H         LINE#         105
  C:213EH         LINE#         106
  C:2146H         LINE#         107
  C:2155H         LINE#         108
  C:2164H         LINE#         109
  C:217CH         LINE#         110
  C:2188H         LINE#         112
  C:21A0H         LINE#         113
  C:21B7H         LINE#         114
  C:21C7H         LINE#         116
  C:21C7H         LINE#         117
  -------         ENDPROC       ADC_GETVAL
  -------         ENDMOD        ADC

  -------         MODULE        FLASH
  C:0000H         SYMBOL        _ICE_DUMMY_
  D:00A4H         PUBLIC        FLASH_CON
  D:00A5H         PUBLIC        FLASH_STA
  D:00A6H         PUBLIC        FLASH_DATA
  D:00AEH         PUBLIC        FLASH_PASSWORD
  D:00AFH         PUBLIC        FLASH_ADDR
  C:3953H         PUBLIC        _flash_erase_sector
  C:35EDH         PUBLIC        _flash_write
  C:3624H         PUBLIC        _flash_read
  -------         PROC          _FLASH_ERASE_SECTOR
  D:0007H         SYMBOL        addr
  C:3953H         LINE#         11
  C:3953H         LINE#         12
  C:3953H         LINE#         13
  C:3956H         LINE#         14
  C:3958H         LINE#         15
  C:395BH         LINE#         16
  C:395EH         LINE#         18
  C:3963H         LINE#         20
  -------         ENDPROC       _FLASH_ERASE_SECTOR
  -------         PROC          _FLASH_WRITE
  D:0007H         SYMBOL        addr
  X:64A7H         SYMBOL        p_data
  X:64AAH         SYMBOL        len
  C:35EDH         LINE#         29
  C:35F3H         LINE#         30
  C:35F3H         LINE#         31
  C:35F6H         LINE#         32
  C:35F8H         LINE#         34
  C:3601H         LINE#         35
  C:3601H         LINE#         36
BL51 BANKED LINKER/LOCATER V6.22.4.0                                                  07/31/2025  14:48:58  PAGE 30


  C:3606H         LINE#         38
  C:3615H         LINE#         39
  C:3618H         LINE#         40
  C:361BH         LINE#         42
  C:3621H         LINE#         43
  C:3623H         LINE#         44
  -------         ENDPROC       _FLASH_WRITE
  -------         PROC          _FLASH_READ
  D:0007H         SYMBOL        addr
  X:64A3H         SYMBOL        p_data
  X:64A6H         SYMBOL        len
  C:3624H         LINE#         53
  C:362AH         LINE#         54
  C:362AH         LINE#         55
  C:3630H         LINE#         56
  C:3630H         LINE#         57
  C:364FH         LINE#         58
  C:3655H         LINE#         59
  C:3657H         LINE#         60
  -------         ENDPROC       _FLASH_READ
  -------         ENDMOD        FLASH

  -------         MODULE        AIP1302
  C:0000H         SYMBOL        _ICE_DUMMY_
  B:0090H.6       PUBLIC        P16
  B:0090H.7       PUBLIC        P17
  B:00A0H.4       PUBLIC        P24
  C:29D3H         PUBLIC        ___aip1302_read_byte
  C:30A5H         PUBLIC        aip1302_is_running
  C:2FF0H         PUBLIC        aip1302_config
  C:392CH         PUBLIC        _aip1302_read_byte
  C:24EDH         PUBLIC        _aip1302_write_byte
  C:3405H         PUBLIC        aip1302_update_time
  C:32B9H         PUBLIC        aip1302_read_all
  C:33C6H         PUBLIC        aip1302_update_all_data
  C:38C9H         SYMBOL        _reverse_u8
  C:2DE8H         SYMBOL        ___aip1302_convert_read_byte
  C:2A65H         SYMBOL        ___aip1302_write_byte
  C:36BAH         SYMBOL        Com0044
  C:36BAH         SYMBOL        L?0069
  C:36BCH         SYMBOL        L?0070
  C:36CCH         SYMBOL        L?0074
  C:36D7H         SYMBOL        L?0075
  C:36E1H         SYMBOL        L?0076
  -------         PROC          COM0044
  -------         ENDPROC       COM0044
  -------         PROC          AIP1302_CONFIG
  -------         DO            
  D:0007H         SYMBOL        ret
  -------         ENDDO         
  C:2FF0H         LINE#         6
  C:2FF0H         LINE#         7
  C:2FF0H         LINE#         8
  C:2FF2H         LINE#         12
  C:2FF8H         LINE#         13
  C:2FFCH         LINE#         14
  C:3001H         LINE#         16
BL51 BANKED LINKER/LOCATER V6.22.4.0                                                  07/31/2025  14:48:58  PAGE 31


  C:3005H         LINE#         17
  C:3009H         LINE#         18
  C:300EH         LINE#         20
  C:300EH         LINE#         21
  C:300EH         LINE#         22
  C:3011H         LINE#         24
  C:3013H         LINE#         25
  C:3015H         LINE#         31
  C:3018H         LINE#         32
  C:301BH         LINE#         33
  C:301BH         LINE#         39
  C:301BH         LINE#         41
  C:301BH         LINE#         48
  C:3021H         LINE#         49
  C:3028H         LINE#         50
  C:302FH         LINE#         51
  C:3036H         LINE#         52
  C:303DH         LINE#         53
  C:3044H         LINE#         54
  C:304BH         LINE#         63
  C:304BH         LINE#         93
  -------         ENDPROC       AIP1302_CONFIG
  -------         PROC          _REVERSE_U8
  D:0007H         SYMBOL        arg
  -------         DO            
  D:0006H         SYMBOL        tmp
  D:0005H         SYMBOL        i
  -------         ENDDO         
  C:38C9H         LINE#         96
  C:38C9H         LINE#         97
  C:38C9H         LINE#         99
  C:38CBH         LINE#         102
  C:38CBH         LINE#         103
  C:38CBH         LINE#         104
  C:38CFH         LINE#         105
  C:38D3H         LINE#         106
  C:38D3H         LINE#         107
  C:38D7H         LINE#         108
  C:38D7H         LINE#         110
  C:38D7H         LINE#         111
  C:38D7H         LINE#         112
  C:38DBH         LINE#         113
  C:38E0H         LINE#         115
  C:38E2H         LINE#         116
  -------         ENDPROC       _REVERSE_U8
  -------         PROC          ___AIP1302_CONVERT_READ_BYTE
  D:0004H         SYMBOL        cmd
  D:0005H         SYMBOL        byte
  -------         DO            
  D:0007H         SYMBOL        tmp
  X:64A7H         SYMBOL        i
  -------         DO            
  X:64A8H         SYMBOL        tens_place
  X:64A9H         SYMBOL        one_place
  -------         ENDDO         
  -------         ENDDO         
  C:2DE8H         LINE#         119
BL51 BANKED LINKER/LOCATER V6.22.4.0                                                  07/31/2025  14:48:58  PAGE 32


  C:2DEAH         LINE#         120
  C:2DEAH         LINE#         121
  C:2DEBH         LINE#         122
  C:2DEFH         LINE#         125
  C:2DF4H         LINE#         134
  C:2E12H         LINE#         135
  C:2E12H         LINE#         136
  C:2E17H         LINE#         137
  C:2E19H         LINE#         140
  C:2E22H         LINE#         141
  C:2E22H         LINE#         144
  C:2E26H         LINE#         145
  C:2E28H         LINE#         146
  C:2E31H         LINE#         147
  C:2E31H         LINE#         149
  C:2E35H         LINE#         150
  C:2E37H         LINE#         151
  C:2E3BH         LINE#         152
  C:2E3BH         LINE#         154
  C:2E3FH         LINE#         155
  C:2E3FH         LINE#         157
  C:2E48H         LINE#         158
  C:2E4EH         LINE#         159
  C:2E55H         LINE#         160
  C:2E55H         LINE#         162
  C:2E55H         LINE#         163
  -------         ENDPROC       ___AIP1302_CONVERT_READ_BYTE
  C:2A47H         SYMBOL        L?0071
  C:2A51H         SYMBOL        L?0072
  -------         PROC          ___AIP1302_READ_BYTE
  X:64A7H         SYMBOL        cmd
  -------         DO            
  X:64A8H         SYMBOL        recv_data
  X:64A9H         SYMBOL        i
[...]
  C:353BH         LINE#         262
  C:353BH         LINE#         263
  C:353BH         LINE#         264
  C:353EH         LINE#         265
  C:354DH         LINE#         266
  C:3553H         LINE#         267
  C:3557H         LINE#         268
  C:355BH         LINE#         269
  C:355FH         LINE#         270
  C:3563H         LINE#         272
  C:3573H         LINE#         273
  -------         ENDPROC       __TK_MODE_CONFIG
  -------         PROC          ___TK_MODE_CARRY_FUNC
  X:64A2H         SYMBOL        ch_index
  C:08CCH         LINE#         283
  C:08D1H         LINE#         284
  C:08D1H         LINE#         285
  C:08DFH         LINE#         286
  C:08EBH         LINE#         288
  C:08FEH         LINE#         289
  C:090EH         LINE#         291
  C:0919H         LINE#         292
  C:0942H         LINE#         293
  C:0973H         LINE#         294
  C:09B3H         LINE#         295
  C:09E3H         LINE#         296
  C:0A09H         LINE#         297
  C:0A25H         LINE#         299
  C:0A40H         LINE#         300
  C:0A57H         LINE#         301
  C:0A64H         LINE#         302
  C:0A64H         LINE#         304
  C:0A7CH         LINE#         305
  C:0A8DH         LINE#         306
  C:0A90H         LINE#         307
  C:0A98H         LINE#         308
  C:0AACH         LINE#         309
  C:0ABFH         LINE#         310
  C:0AC4H         LINE#         311
  C:0AC7H         LINE#         312
  C:0ACAH         LINE#         313
  C:0ACDH         LINE#         314
  C:0ACDH         LINE#         315
  C:0ACEH         LINE#         321
  C:0AD1H         LINE#         322
BL51 BANKED LINKER/LOCATER V6.22.4.0                                                  07/31/2025  14:48:58  PAGE 62


  C:0AFEH         LINE#         323
  C:0B1DH         LINE#         324
  C:0B1DH         LINE#         325
  C:0B1DH         LINE#         326
  -------         ENDPROC       ___TK_MODE_CARRY_FUNC
  -------         PROC          __TK_DATA_PROCESS
  C:058DH         LINE#         333
  C:058DH         LINE#         334
  C:058DH         LINE#         335
  C:059FH         LINE#         338
  C:05B8H         LINE#         339
  C:05BBH         LINE#         341
  C:05D1H         LINE#         342
  C:05D4H         LINE#         347
  C:0606H         LINE#         348
  C:0613H         LINE#         349
  C:0616H         LINE#         350
  C:0619H         LINE#         351
  C:0619H         LINE#         352
  C:061BH         LINE#         353
  C:061EH         LINE#         354
  C:061EH         LINE#         356
  C:0623H         LINE#         357
  C:0634H         LINE#         358
  C:0645H         LINE#         359
  C:0648H         LINE#         363
  C:065EH         LINE#         364
  C:0661H         LINE#         365
  C:0671H         LINE#         366
  C:0691H         LINE#         369
  C:06A8H         LINE#         370
  C:06ABH         LINE#         371
  C:06BBH         LINE#         372
  C:06DBH         LINE#         377
  C:06DBH         LINE#         378
  C:06F9H         LINE#         380
  C:0733H         LINE#         381
  C:0733H         LINE#         382
  C:0733H         LINE#         383
  C:076AH         LINE#         384
  C:0778H         LINE#         385
  C:0790H         LINE#         386
  C:079DH         LINE#         387
  C:07C1H         LINE#         388
  C:07E5H         LINE#         389
  C:07E5H         LINE#         390
  C:07E7H         LINE#         391
  C:07F4H         LINE#         392
  C:07F4H         LINE#         397
  C:0816H         LINE#         398
  C:0819H         LINE#         399
  C:0829H         LINE#         401
  C:0841H         LINE#         402
  C:0844H         LINE#         404
  C:085BH         LINE#         405
  C:085EH         LINE#         409
  C:087FH         LINE#         410
BL51 BANKED LINKER/LOCATER V6.22.4.0                                                  07/31/2025  14:48:58  PAGE 63


  C:0882H         LINE#         411
  C:0892H         LINE#         413
  C:08AAH         LINE#         414
  C:08ADH         LINE#         416
  C:08C3H         LINE#         417
  C:08C6H         LINE#         422
  C:08CBH         LINE#         423
  -------         ENDPROC       __TK_DATA_PROCESS
  -------         PROC          __TK_BUTTON_DECIDE
  C:11B3H         LINE#         430
  C:11B3H         LINE#         431
  C:11B3H         LINE#         432
  C:11C5H         LINE#         433
  C:11E3H         LINE#         434
  C:1215H         LINE#         435
  C:1222H         LINE#         436
  C:1227H         LINE#         437
  C:129CH         LINE#         438
  C:129CH         LINE#         439
  C:12A9H         LINE#         440
  C:12B7H         LINE#         442
  C:12CBH         LINE#         443
  C:12D8H         LINE#         444
  C:1305H         LINE#         445
  C:1329H         LINE#         446
  C:1357H         LINE#         447
  C:1357H         LINE#         448
  C:1359H         LINE#         449
  C:1366H         LINE#         450
  C:1366H         LINE#         451
  C:136BH         LINE#         452
  -------         ENDPROC       __TK_BUTTON_DECIDE
  -------         PROC          __TK_BASELINE_UPDATE
  C:2C03H         LINE#         459
  C:2C03H         LINE#         460
  C:2C03H         LINE#         461
  C:2C12H         LINE#         462
  C:2C23H         LINE#         463
  C:2C34H         LINE#         464
  C:2C58H         LINE#         465
  C:2C7CH         LINE#         466
  C:2C80H         LINE#         467
  -------         ENDPROC       __TK_BASELINE_UPDATE
  -------         PROC          __TK_BASELINE_INIT
  -------         DO            
  X:6018H         SYMBOL        init_flag
  -------         ENDDO         
  C:28AEH         LINE#         474
  C:28AEH         LINE#         475
  C:28AEH         LINE#         478
  C:28BDH         LINE#         479
  C:28CDH         LINE#         480
  C:28D6H         LINE#         481
  C:28FBH         LINE#         482
  C:28FBH         LINE#         483
  C:2920H         LINE#         484
  C:2920H         LINE#         485
BL51 BANKED LINKER/LOCATER V6.22.4.0                                                  07/31/2025  14:48:58  PAGE 64


  C:2924H         LINE#         487
  C:2931H         LINE#         488
  C:2934H         LINE#         489
  C:2936H         LINE#         490
  C:293CH         LINE#         491
  C:293CH         LINE#         493
  -------         ENDPROC       __TK_BASELINE_INIT
  -------         PROC          __TK_LONG_KEY_CLEAR
  -------         DO            
  X:6019H         SYMBOL        __tk_long_cnt
  -------         ENDDO         
  C:2C81H         LINE#         501
  C:2C81H         LINE#         502
  C:2C81H         LINE#         505
  C:2C94H         LINE#         506
  C:2CA2H         LINE#         507
  C:2CBCH         LINE#         508
  C:2CC0H         LINE#         509
  C:2CC8H         LINE#         510
  C:2CD0H         LINE#         511
  C:2CD8H         LINE#         512
  C:2CDAH         LINE#         513
  C:2CDDH         LINE#         514
  C:2CF4H         LINE#         515
  C:2CF6H         LINE#         516
  C:2CF6H         LINE#         517
  C:2CF7H         LINE#         518
  C:2CFEH         LINE#         519
  C:2CFEH         LINE#         520
  -------         ENDPROC       __TK_LONG_KEY_CLEAR
  -------         PROC          ___TK_LIB_I_ADJUST
  X:64B5H         SYMBOL        i_ch
  X:64B6H         SYMBOL        adjust_line
  -------         DO            
  X:601BH         SYMBOL        sta_finish
  X:601CH         SYMBOL        n_sta
  X:601DH         SYMBOL        p_sta
  X:601EH         SYMBOL        min_iset
  X:601FH         SYMBOL        min_diff
  D:0024H         SYMBOL        diff
  D:0028H         SYMBOL        temp
  -------         ENDDO         
  C:136CH         LINE#         528
  C:1371H         LINE#         529
  C:1371H         LINE#         537
  C:1384H         LINE#         538
  C:1389H         LINE#         539
  C:138DH         LINE#         540
  C:1396H         LINE#         541
  C:1399H         LINE#         542
  C:139CH         LINE#         545
  C:13D9H         LINE#         546
  C:1404H         LINE#         547
  C:141AH         LINE#         548
  C:141AH         LINE#         550
  C:1431H         LINE#         551
  C:1447H         LINE#         552
BL51 BANKED LINKER/LOCATER V6.22.4.0                                                  07/31/2025  14:48:58  PAGE 65


  C:144AH         LINE#         553
  C:144CH         LINE#         555
  C:145FH         LINE#         557
  C:147BH         LINE#         558
  C:148EH         LINE#         559
  C:1491H         LINE#         560
  C:1491H         LINE#         561
  C:1493H         LINE#         563
  C:14AFH         LINE#         564
  C:14C2H         LINE#         565
  C:14C8H         LINE#         566
  C:14C8H         LINE#         567
  C:14C8H         LINE#         568
  C:14C8H         LINE#         569
  C:14D6H         LINE#         570
  C:14DAH         LINE#         571
  C:14DCH         LINE#         572
  C:14E1H         LINE#         573
  C:14E1H         LINE#         575
  C:14E9H         LINE#         576
  C:1502H         LINE#         577
  C:150AH         LINE#         578
  C:1510H         LINE#         579
  C:1515H         LINE#         580
  C:1517H         LINE#         581
  C:151BH         LINE#         582
  C:151EH         LINE#         583
  C:151EH         LINE#         585
  C:1520H         LINE#         586
  -------         ENDPROC       ___TK_LIB_I_ADJUST
  -------         PROC          __TK_I_SOURCE_ADJUST
  -------         DO            
  X:64B4H         SYMBOL        result
  -------         ENDDO         
  C:2F2FH         LINE#         593
  C:2F2FH         LINE#         594
  C:2F2FH         LINE#         595
  C:2F34H         LINE#         597
  C:2F4DH         LINE#         598
  C:2F4FH         LINE#         600
  C:2F54H         LINE#         601
  C:2F57H         LINE#         602
  C:2F5DH         LINE#         603
  C:2F5DH         LINE#         605
  C:2F69H         LINE#         606
  C:2F6CH         LINE#         607
  C:2F6FH         LINE#         608
  C:2F6FH         LINE#         609
  C:2F6FH         LINE#         611
  C:2F86H         LINE#         612
  C:2F88H         LINE#         613
  C:2F8BH         LINE#         614
  C:2F8BH         LINE#         615
  C:2F90H         LINE#         616
  C:2F90H         LINE#         617
  -------         ENDPROC       __TK_I_SOURCE_ADJUST
  -------         PROC          ___TK_SET_NEXT_CH
BL51 BANKED LINKER/LOCATER V6.22.4.0                                                  07/31/2025  14:48:58  PAGE 66


  D:0007H         SYMBOL        kick_type
  C:2B7FH         LINE#         625
  C:2B7FH         LINE#         626
  C:2B7FH         LINE#         627
  C:2B82H         LINE#         629
  C:2BA0H         LINE#         630
  C:2BA6H         LINE#         631
  C:2BAAH         LINE#         632
  C:2BAEH         LINE#         633
  C:2BB2H         LINE#         634
  C:2BB6H         LINE#         636
  C:2BD0H         LINE#         638
  C:2BE0H         LINE#         639
  C:2BE0H         LINE#         640
  C:2BE2H         LINE#         642
  C:2BFCH         LINE#         643
  C:2C02H         LINE#         644
  C:2C02H         LINE#         645
  -------         ENDPROC       ___TK_SET_NEXT_CH
  -------         PROC          __TK_LIB_INIT
  -------         DO            
  X:64A2H         SYMBOL        i
  -------         ENDDO         
  C:26E0H         LINE#         652
  C:26E0H         LINE#         653
  C:26E0H         LINE#         655
  C:2728H         LINE#         656
  C:2736H         LINE#         658
  C:2739H         LINE#         659
  C:2741H         LINE#         660
  C:2743H         LINE#         661
  C:2745H         LINE#         662
  C:274DH         LINE#         663
  C:2755H         LINE#         664
  C:275DH         LINE#         665
  C:2773H         LINE#         666
  C:2776H         LINE#         667
  -------         ENDPROC       __TK_LIB_INIT
  -------         PROC          __TK_HANDLER
  C:2CFFH         LINE#         675
  C:2CFFH         LINE#         676
  C:2CFFH         LINE#         677
  C:2D04H         LINE#         678
  C:2D08H         LINE#         679
  C:2D2FH         LINE#         682
  C:2D32H         LINE#         683
  C:2D39H         LINE#         684
  C:2D3BH         LINE#         685
  C:2D3EH         LINE#         686
  C:2D3EH         LINE#         687
  C:2D41H         LINE#         688
  C:2D41H         LINE#         689
  C:2D41H         LINE#         690
  C:2D43H         LINE#         691
  C:2D4FH         LINE#         692
  C:2D5FH         LINE#         693
  C:2D62H         LINE#         694
BL51 BANKED LINKER/LOCATER V6.22.4.0                                                  07/31/2025  14:48:58  PAGE 67


  C:2D67H         LINE#         696
  C:2D6AH         LINE#         697
  C:2D6AH         LINE#         699
  C:2D6DH         LINE#         700
  C:2D6DH         LINE#         701
  C:2D6EH         LINE#         702
  C:2D73H         LINE#         703
  C:2D73H         LINE#         704
  C:2D73H         LINE#         705
  -------         ENDPROC       __TK_HANDLER
  -------         PROC          __TK_MS_HANDLER
  C:3AB4H         LINE#         712
  C:3AB4H         LINE#         713
  C:3AB4H         LINE#         714
  C:3AB6H         LINE#         716
  -------         ENDPROC       __TK_MS_HANDLER
  -------         PROC          __TK_SCAN
  C:37F9H         LINE#         724
  C:37F9H         LINE#         725
  C:37F9H         LINE#         727
  C:37FEH         LINE#         730
  C:380AH         LINE#         735
  C:380DH         LINE#         739
  C:3810H         LINE#         740
  C:3815H         LINE#         741
  C:3818H         LINE#         742
  C:3818H         LINE#         743
  -------         ENDPROC       __TK_SCAN
  -------         ENDMOD        TK_LIB

  -------         MODULE        ?C?COPY
  C:0130H         PUBLIC        ?C?COPY
  -------         ENDMOD        ?C?COPY

  -------         MODULE        ?C?CLDPTR
  C:0156H         PUBLIC        ?C?CLDPTR
  -------         ENDMOD        ?C?CLDPTR

  -------         MODULE        ?C?CLDOPTR
  C:016FH         PUBLIC        ?C?CLDOPTR
  -------         ENDMOD        ?C?CLDOPTR

  -------         MODULE        ?C?CILDOPTR
  C:019CH         PUBLIC        ?C?CILDOPTR
  -------         ENDMOD        ?C?CILDOPTR

  -------         MODULE        ?C?CSTPTR
  C:01CFH         PUBLIC        ?C?CSTPTR
  -------         ENDMOD        ?C?CSTPTR

  -------         MODULE        ?C?CSTOPTR
  C:01E1H         PUBLIC        ?C?CSTOPTR
  -------         ENDMOD        ?C?CSTOPTR

  -------         MODULE        ?C?IMUL
  C:0203H         PUBLIC        ?C?IMUL
  -------         ENDMOD        ?C?IMUL
BL51 BANKED LINKER/LOCATER V6.22.4.0                                                  07/31/2025  14:48:58  PAGE 68



  -------         MODULE        ?C?UIDIV
  C:0215H         PUBLIC        ?C?UIDIV
  -------         ENDMOD        ?C?UIDIV

  -------         MODULE        ?C?IILDX
  C:026AH         PUBLIC        ?C?IILDX
  -------         ENDMOD        ?C?IILDX

  -------         MODULE        ?C?LADD
  C:0280H         PUBLIC        ?C?LADD
  -------         ENDMOD        ?C?LADD

  -------         MODULE        ?C?LSUB
  C:028DH         PUBLIC        ?C?LSUB
  -------         ENDMOD        ?C?LSUB

  -------         MODULE        ?C?LMUL
  C:029BH         PUBLIC        ?C?LMUL
  -------         ENDMOD        ?C?LMUL

  -------         MODULE        ?C?ULDIV
  C:0326H         PUBLIC        ?C?ULDIV
  -------         ENDMOD        ?C?ULDIV

  -------         MODULE        ?C?LNOT
  C:03B8H         PUBLIC        ?C?LNOT
  -------         ENDMOD        ?C?LNOT

  -------         MODULE        ?C?LNEG
  C:03C5H         PUBLIC        ?C?LNEG
  -------         ENDMOD        ?C?LNEG

  -------         MODULE        ?C?SLCMP
  C:03D3H         PUBLIC        ?C?SLCMP
  -------         ENDMOD        ?C?SLCMP

  -------         MODULE        ?C?ULCMP
  C:03E9H         PUBLIC        ?C?ULCMP
  -------         ENDMOD        ?C?ULCMP

  -------         MODULE        ?C?ULSHR
  C:03FAH         PUBLIC        ?C?ULSHR
  -------         ENDMOD        ?C?ULSHR

  -------         MODULE        ?C?LSHL
  C:040DH         PUBLIC        ?C?LSHL
  -------         ENDMOD        ?C?LSHL

  -------         MODULE        ?C?LLDXDATA
  C:0420H         PUBLIC        ?C?LLDXDATA
  -------         ENDMOD        ?C?LLDXDATA

  -------         MODULE        ?C?LLDCODE
  C:042CH         PUBLIC        ?C?LLDCODE
  -------         ENDMOD        ?C?LLDCODE

BL51 BANKED LINKER/LOCATER V6.22.4.0                                                  07/31/2025  14:48:58  PAGE 69


  -------         MODULE        ?C?LLDXDATA0
  C:043CH         PUBLIC        ?C?LLDXDATA0
  -------         ENDMOD        ?C?LLDXDATA0

  -------         MODULE        ?C?LSTXDATA
  C:0448H         PUBLIC        ?C?LSTXDATA
  -------         ENDMOD        ?C?LSTXDATA

  -------         MODULE        ?C?LSTKXDATA
  C:0454H         PUBLIC        ?C?LSTKXDATA
  -------         ENDMOD        ?C?LSTKXDATA

  -------         MODULE        ?C?OFFXADD
  C:0485H         PUBLIC        ?C?OFFXADD
  -------         ENDMOD        ?C?OFFXADD

  -------         MODULE        ?C?PLDXDATA
  C:0491H         PUBLIC        ?C?PLDXDATA
  -------         ENDMOD        ?C?PLDXDATA

  -------         MODULE        ?C?PLDIXDATA
  C:049AH         PUBLIC        ?C?PLDIXDATA
  -------         ENDMOD        ?C?PLDIXDATA

  -------         MODULE        ?C?PSTXDATA
  C:04B1H         PUBLIC        ?C?PSTXDATA
  -------         ENDMOD        ?C?PSTXDATA

  -------         MODULE        ?C?PLDOPTR
  C:04BAH         PUBLIC        ?C?PLDOPTR
  -------         ENDMOD        ?C?PLDOPTR

  -------         MODULE        ?C?CCASE
  C:04EAH         PUBLIC        ?C?CCASE
  -------         ENDMOD        ?C?CCASE

  -------         MODULE        ?C?ICALL
  C:0510H         PUBLIC        ?C?ICALL
  C:0514H         PUBLIC        ?C?ICALL2
  -------         ENDMOD        ?C?ICALL

  -------         MODULE        ?C?LIMUL
  C:0516H         PUBLIC        ?C?LIMUL
  -------         ENDMOD        ?C?LIMUL

  -------         MODULE        ?C?MEMSET
  C:0543H         PUBLIC        ?C?MEMSET
  -------         ENDMOD        ?C?MEMSET

  -------         MODULE        ?C?PLDIDATA
  C:056FH         PUBLIC        ?C?PLDIDATA
  -------         ENDMOD        ?C?PLDIDATA

  -------         MODULE        ?C?PLDPDATA
  C:0578H         PUBLIC        ?C?PLDPDATA
  -------         ENDMOD        ?C?PLDPDATA

BL51 BANKED LINKER/LOCATER V6.22.4.0                                                  07/31/2025  14:48:58  PAGE 70


  -------         MODULE        ?C?PLDCODE
  C:0581H         PUBLIC        ?C?PLDCODE
  -------         ENDMOD        ?C?PLDCODE

*** WARNING L16: UNCALLED SEGMENT, IGNORED FOR OVERLAY PROCESS
    SEGMENT: ?PR?P03_OUTPUT_CONFIG?MY_GPIO

*** WARNING L16: UNCALLED SEGMENT, IGNORED FOR OVERLAY PROCESS
    SEGMENT: ?PR?P23_INPUT_CONFIG?MY_GPIO

*** WARNING L16: UNCALLED SEGMENT, IGNORED FOR OVERLAY PROCESS
    SEGMENT: ?PR?_PUTCHAR?UART0

*** WARNING L16: UNCALLED SEGMENT, IGNORED FOR OVERLAY PROCESS
    SEGMENT: ?PR?_UART0_SEND_BUFF?UART0

*** WARNING L16: UNCALLED SEGMENT, IGNORED FOR OVERLAY PROCESS
    SEGMENT: ?PR?AIP1302_UPDATE_ALL_DATA?AIP1302

*** WARNING L16: UNCALLED SEGMENT, IGNORED FOR OVERLAY PROCESS
    SEGMENT: ?PR?PIN_LEVEL_SCAN?PIN_LEVEL_SCAN

*** WARNING L16: UNCALLED SEGMENT, IGNORED FOR OVERLAY PROCESS
    SEGMENT: ?PR?TEMP_OF_WATER_SCAN?TEMP_OF_WATER

*** WARNING L16: UNCALLED SEGMENT, IGNORED FOR OVERLAY PROCESS
    SEGMENT: ?PR?__TK_MS_HANDLER?TK_LIB

Program Size: data=73.5 xdata=1348 code=15031
LINK/LOCATE RUN COMPLETE.  8 WARNING(S),  0 ERROR(S)
