BL51 BANKED LINKER/LOCATER V6.22.4.0                                                    08/15/2025  17:22:19  PAGE 1


BL51 BANKED LINKER/LOCATER V6.22.4.0, INVOKED BY:
C:\KEIL_V5\C51\BIN\BL51.EXE .\Release\Objects\STARTUP.obj, .\Release\Objects\system.obj, ..\..\User\lib\tk_simplify_algo
>> rithm_V1.0.0.LIB, .\Release\Objects\tk_set.obj, .\Release\Objects\tmr1.obj, .\Release\Objects\tmr2.obj, .\Release\Obj
>> ects\uart0.obj, .\Release\Objects\adc.obj, .\Release\Objects\aip1302.obj, .\Release\Objects\key_driver.obj, .\Release
>> \Objects\iic_soft.obj, .\Release\Objects\main.obj, .\Release\Objects\fun_info.obj, .\Release\Objects\send_data.obj, .
>> \Release\Objects\pin_level_scan.obj, .\Release\Objects\speed_scan.obj, .\Release\Objects\engine_speed_scan.obj, .\Rel
>> ease\Objects\mileage.obj, .\Release\Objects\instruction.obj, .\Release\Objects\ad_key.obj, .\Release\Objects\fuel_cap
>> acity.obj, .\Release\Objects\temp_of_water.obj, .\Release\Objects\battery.obj, .\Release\Objects\touch_key.obj TO .\R
>> elease\Objects\Project PRINT (.\Release\Listings\Project.m51) RAMSIZE (256) CODE (0X0000-0X3EEF) XDATA (0X6000-0X66FF
>> )


MEMORY MODEL: LARGE


INPUT MODULES INCLUDED:
  .\Release\Objects\STARTUP.obj (?C_STARTUP)
  .\Release\Objects\system.obj (SYSTEM)
  .\Release\Objects\tk_set.obj (TK_SET)
  .\Release\Objects\tmr1.obj (TMR1)
  .\Release\Objects\tmr2.obj (TMR2)
  .\Release\Objects\uart0.obj (UART0)
  .\Release\Objects\adc.obj (ADC)
  .\Release\Objects\aip1302.obj (AIP1302)
  .\Release\Objects\key_driver.obj (KEY_DRIVER)
  .\Release\Objects\iic_soft.obj (IIC_SOFT)
  .\Release\Objects\main.obj (MAIN)
  .\Release\Objects\fun_info.obj (FUN_INFO)
  .\Release\Objects\send_data.obj (SEND_DATA)
  .\Release\Objects\pin_level_scan.obj (PIN_LEVEL_SCAN)
  .\Release\Objects\speed_scan.obj (SPEED_SCAN)
  .\Release\Objects\engine_speed_scan.obj (ENGINE_SPEED_SCAN)
  .\Release\Objects\mileage.obj (MILEAGE)
  .\Release\Objects\instruction.obj (INSTRUCTION)
  .\Release\Objects\ad_key.obj (AD_KEY)
  .\Release\Objects\fuel_capacity.obj (FUEL_CAPACITY)
  .\Release\Objects\temp_of_water.obj (TEMP_OF_WATER)
  .\Release\Objects\battery.obj (BATTERY)
  .\Release\Objects\touch_key.obj (TOUCH_KEY)
  ..\..\User\lib\tk_simplify_algorithm_V1.0.0.LIB (TK_LIB)
  C:\KEIL_V5\C51\LIB\C51L.LIB (?C_INIT)
  C:\KEIL_V5\C51\LIB\C51L.LIB (?C?COPY)
  C:\KEIL_V5\C51\LIB\C51L.LIB (?C?CLDPTR)
  C:\KEIL_V5\C51\LIB\C51L.LIB (?C?CSTPTR)
  C:\KEIL_V5\C51\LIB\C51L.LIB (?C?IILDX)
  C:\KEIL_V5\C51\LIB\C51L.LIB (?C?ILDIX)
  C:\KEIL_V5\C51\LIB\C51L.LIB (?C?LADD)
  C:\KEIL_V5\C51\LIB\C51L.LIB (?C?LSUB)
  C:\KEIL_V5\C51\LIB\C51L.LIB (?C?LMUL)
  C:\KEIL_V5\C51\LIB\C51L.LIB (?C?ULDIV)
  C:\KEIL_V5\C51\LIB\C51L.LIB (?C?LNOT)
  C:\KEIL_V5\C51\LIB\C51L.LIB (?C?LNEG)
  C:\KEIL_V5\C51\LIB\C51L.LIB (?C?SLCMP)
  C:\KEIL_V5\C51\LIB\C51L.LIB (?C?ULCMP)
  C:\KEIL_V5\C51\LIB\C51L.LIB (?C?ULSHR)
  C:\KEIL_V5\C51\LIB\C51L.LIB (?C?LSHL)
  C:\KEIL_V5\C51\LIB\C51L.LIB (?C?LLDXDATA)
  C:\KEIL_V5\C51\LIB\C51L.LIB (?C?LLDCODE)
BL51 BANKED LINKER/LOCATER V6.22.4.0                                                  08/15/2025  17:22:19  PAGE 2


  C:\KEIL_V5\C51\LIB\C51L.LIB (?C?LLDXDATA0)
  C:\KEIL_V5\C51\LIB\C51L.LIB (?C?LSTXDATA)
  C:\KEIL_V5\C51\LIB\C51L.LIB (?C?LSTKXDATA)
  C:\KEIL_V5\C51\LIB\C51L.LIB (?C?OFFXADD)
  C:\KEIL_V5\C51\LIB\C51L.LIB (?C?PLDXDATA)
  C:\KEIL_V5\C51\LIB\C51L.LIB (?C?PLDIXDATA)
  C:\KEIL_V5\C51\LIB\C51L.LIB (?C?PSTXDATA)
  C:\KEIL_V5\C51\LIB\C51L.LIB (?C?CCASE)
  C:\KEIL_V5\C51\LIB\C51L.LIB (?C?ICALL)
  C:\KEIL_V5\C51\LIB\C51L.LIB (?C?MEMSET)


LINK MAP OF MODULE:  .\Release\Objects\Project (?C_STARTUP)


            TYPE    BASE      LENGTH    RELOCATION   SEGMENT NAME
            -----------------------------------------------------

            * * * * * * *   D A T A   M E M O R Y   * * * * * * *
            REG     0000H     0008H     ABSOLUTE     "REG BANK 0"
            DATA    0008H     0004H     ABSOLUTE     
            DATA    000CH     0004H     ABSOLUTE     
            DATA    0010H     0004H     ABSOLUTE     
            DATA    0014H     0004H     ABSOLUTE     
            DATA    0018H     0004H     ABSOLUTE     
            DATA    001CH     0004H     ABSOLUTE     
            BIT     0020H.0   0002H.0   UNIT         ?BI?INSTRUCTION
            BIT     0022H.0   0000H.3   UNIT         ?BI?UART0
            BIT     0022H.3   0000H.2   UNIT         ?BI?TK_LIB
            BIT     0022H.5   0000H.1   UNIT         ?BI?TMR2
            BIT     0022H.6   0000H.1   UNIT         ?BI?SPEED_SCAN
            BIT     0022H.7   0000H.1   UNIT         ?BI?MILEAGE
            BIT     0023H.0   0000H.1   UNIT         _BIT_GROUP_
                    0023H.1   0000H.7                *** GAP ***
            DATA    0024H     0008H     UNIT         _DATA_GROUP_
                    002CH     0004H                  *** GAP ***
            DATA    0030H     0004H     ABSOLUTE     
            DATA    0034H     0004H     ABSOLUTE     
            DATA    0038H     0004H     ABSOLUTE     
            DATA    003CH     0004H     ABSOLUTE     
                    0040H     0010H                  *** GAP ***
            DATA    0050H     0002H     ABSOLUTE     
            DATA    0052H     0002H     ABSOLUTE     
            DATA    0054H     0002H     ABSOLUTE     
                    0056H     000AH                  *** GAP ***
            DATA    0060H     0001H     ABSOLUTE     
            DATA    0061H     0001H     ABSOLUTE     
            DATA    0062H     0001H     ABSOLUTE     
            DATA    0063H     0001H     ABSOLUTE     
            DATA    0064H     0001H     ABSOLUTE     
            DATA    0065H     0001H     ABSOLUTE     
            DATA    0066H     0001H     ABSOLUTE     
            IDATA   0067H     0001H     UNIT         ?STACK

            * * * * * * *  X D A T A   M E M O R Y  * * * * * * *
                    0000H     6000H                  *** GAP ***
            XDATA   6000H     0004H     ABSOLUTE     
BL51 BANKED LINKER/LOCATER V6.22.4.0                                                  08/15/2025  17:22:19  PAGE 3


            XDATA   6004H     0004H     ABSOLUTE     
            XDATA   6008H     0004H     ABSOLUTE     
            XDATA   600CH     0003H     UNIT         ?XD?EEPROM_24CXX_CLEAR?IIC_SOFT
            XDATA   600FH     0001H     UNIT         ?XD?___TK_MODE_CARRY_FUNC?TK_LIB
            XDATA   6010H     0004H     ABSOLUTE     
            XDATA   6014H     0004H     ABSOLUTE     
            XDATA   6018H     0394H     UNIT         ?XD?TK_LIB
            XDATA   63ACH     003EH     UNIT         ?XD?UART0
            XDATA   63EAH     0037H     UNIT         ?XD?IIC_SOFT
            XDATA   6421H     002EH     UNIT         ?XD?FUEL_CAPACITY
            XDATA   644FH     0024H     UNIT         ?XD?FUN_INFO
            XDATA   6473H     0020H     UNIT         _XDATA_GROUP_
            XDATA   6493H     0018H     UNIT         ?XD?TK_SET
            XDATA   64ABH     0015H     UNIT         ?XD?MILEAGE
            XDATA   64C0H     0010H     UNIT         ?XD?SPEED_SCAN
            XDATA   64D0H     0006H     UNIT         ?XD?INSTRUCTION
            XDATA   64D6H     0002H     UNIT         ?XD?TMR2
            XDATA   64D8H     0002H     UNIT         ?XD?ADC
            XDATA   64DAH     0002H     UNIT         ?XD?PIN_LEVEL_SCAN
            XDATA   64DCH     0002H     UNIT         ?XD?__TK_LIB_INIT?TK_LIB

            * * * * * * *   C O D E   M E M O R Y   * * * * * * *
            CODE    0000H     0003H     ABSOLUTE     
            CODE    0003H     000CH     ABSOLUTE     
            CODE    000FH     0011H     UNIT         ?PR?TMR2
                    0020H     0001H                  *** GAP ***
            CODE    0021H     0003H     ABSOLUTE     
            CODE    0024H     0003H     ABSOLUTE     
            CODE    0027H     0023H     UNIT         ?PR?_ADC_SEL_PIN?ADC
                    004AH     0001H                  *** GAP ***
            CODE    004BH     0003H     ABSOLUTE     
            CODE    004EH     000FH     UNIT         ?PR?ADC
            CODE    005DH     0003H     ABSOLUTE     
            CODE    0060H     03DFH     UNIT         ?C?LIB_CODE
            CODE    043FH     033FH     UNIT         ?PR?__TK_DATA_PROCESS?TK_LIB
            CODE    077EH     0252H     UNIT         ?PR?___TK_MODE_CARRY_FUNC?TK_LIB
            CODE    09D0H     0206H     UNIT         ?PR?_SEND_DATA?SEND_DATA
            CODE    0BD6H     01CCH     UNIT         ?PR?INSTRUCTION_HANDLE?INSTRUCTION
            CODE    0DA2H     01B9H     UNIT         ?PR?__TK_BUTTON_DECIDE?TK_LIB
            CODE    0F5BH     01B5H     UNIT         ?PR?___TK_LIB_I_ADJUST?TK_LIB
            CODE    1110H     01A6H     UNIT         ?PR?EEPROM_DATA_SAVE?IIC_SOFT
            CODE    12B6H     0183H     UNIT         ?PR?_CONVERT_FUEL_ADC_TO_PERCENT?FUEL_CAPACITY
            CODE    1439H     0166H     UNIT         ?PR?INSTRUCTION_SCAN?INSTRUCTION
            CODE    159FH     013CH     UNIT         ?PR?TK_GPIO_CONFIG?TK_SET
            CODE    16DBH     0120H     UNIT         ?PR?UART0_IRQHANDLER?UART0
            CODE    17FBH     0112H     UNIT         ?PR?UART0_SCAN_HANDLE?UART0
            CODE    190DH     010CH     UNIT         ?PR?MILEAGE_SCAN?MILEAGE
            CODE    1A19H     00DCH     UNIT         ?PR?SYSTEM_INIT?SYSTEM
            CODE    1AF5H     00D4H     UNIT         ?PR?ADC_GETVAL?ADC
            CODE    1BC9H     00CDH     UNIT         ?PR?IIC_SOFT
            CODE    1C96H     00CBH     UNIT         ?PR?SPEED_SCAN?SPEED_SCAN
            CODE    1D61H     00CAH     UNIT         ?PR?TIMR1_IRQHANDLER?TMR1
            CODE    1E2BH     00AFH     UNIT         ?PR?_AIP1302_WRITE_BYTE?AIP1302
            CODE    1EDAH     00A9H     UNIT         ?PR?TIMR2_IRQHANDLER?TMR2
            CODE    1F83H     009BH     UNIT         ?PR?__TK_LIB_INIT?TK_LIB
            CODE    201EH     009AH     UNIT         ?C_C51STARTUP
            CODE    20B8H     0099H     UNIT         ?PR?FUEL_CAPACITY_SCAN?FUEL_CAPACITY
BL51 BANKED LINKER/LOCATER V6.22.4.0                                                  08/15/2025  17:22:19  PAGE 4


            CODE    2151H     0093H     UNIT         ?PR?__TK_BASELINE_INIT?TK_LIB
            CODE    21E4H     0092H     UNIT         ?PR?TK_PARAM_INIT?TK_SET
            CODE    2276H     0092H     UNIT         ?PR?___AIP1302_READ_BYTE?AIP1302
            CODE    2308H     0090H     UNIT         ?PR?___AIP1302_WRITE_BYTE?AIP1302
            CODE    2398H     008EH     UNIT         ?PR?_IIC_EEPROM_READ?IIC_SOFT
            CODE    2426H     0084H     UNIT         ?PR?EEPROM_MENU_INIT?IIC_SOFT
            CODE    24AAH     0084H     UNIT         ?PR?___TK_SET_NEXT_CH?TK_LIB
            CODE    252EH     0083H     UNIT         ?C_INITSEG
            CODE    25B1H     007EH     UNIT         ?PR?__TK_BASELINE_UPDATE?TK_LIB
            CODE    262FH     007EH     UNIT         ?PR?__TK_LONG_KEY_CLEAR?TK_LIB
            CODE    26ADH     0077H     UNIT         ?PR?_IIC_EEPROM_WRITE?IIC_SOFT
            CODE    2724H     0075H     UNIT         ?PR?__TK_HANDLER?TK_LIB
            CODE    2799H     0072H     UNIT         ?PR?PIN_LEVEL_SCAN?PIN_LEVEL_SCAN
            CODE    280BH     006EH     UNIT         ?PR?___AIP1302_CONVERT_READ_BYTE?AIP1302
            CODE    2879H     006CH     UNIT         ?PR?_GET_FILTERED_ADC?FUEL_CAPACITY
            CODE    28E5H     0062H     UNIT         ?PR?__TK_I_SOURCE_ADJUST?TK_LIB
            CODE    2947H     0060H     UNIT         ?PR?AIP1302_IS_RUNNING?AIP1302
            CODE    29A7H     005EH     UNIT         ?PR?FUN_INFO_INIT?FUN_INFO
            CODE    2A05H     0058H     UNIT         ?PR?AIP1302_CONFIG?AIP1302
            CODE    2A5DH     0053H     UNIT         ?PR?UART0
            CODE    2AB0H     004FH     UNIT         ?PR?TK_INIT?TK_SET
            CODE    2AFFH     004FH     UNIT         ?PR?_IIC_READ_BYTE?IIC_SOFT
            CODE    2B4EH     0049H     UNIT         ?PR?FUEL_CAPACITY
            CODE    2B97H     0046H     UNIT         ?PR?AIP1302_READ_ALL?AIP1302
            CODE    2BDDH     0046H     UNIT         ?PR?_IIC_SEND_BYTE?IIC_SOFT
            CODE    2C23H     0045H     UNIT         ?PR?TK_IRQHANDLER?TK_SET
            CODE    2C68H     0045H     UNIT         ?PR?TMR2_CONFIG?TMR2
            CODE    2CADH     0040H     UNIT         ?PR?TMR1_CONFIG?TMR1
            CODE    2CEDH     0040H     UNIT         ?PR?INSTRUCTION
            CODE    2D2DH     003FH     UNIT         ?PR?AIP1302_UPDATE_TIME?AIP1302
            CODE    2D6CH     003EH     UNIT         ?PR?EEPROM_24CXX_CLEAR?IIC_SOFT
            CODE    2DAAH     003EH     UNIT         ?PR?SEND_DATA
            CODE    2DE8H     003DH     UNIT         ?PR?__TK_MODE_CONFIG?TK_LIB
            CODE    2E25H     0039H     UNIT         ?PR?UPDATE_SPEED_SCAN_DATA?SPEED_SCAN
            CODE    2E5EH     0038H     UNIT         ?PR?MAIN?MAIN
            CODE    2E96H     0036H     UNIT         ?PR?IIC_WAIT_ACK?IIC_SOFT
            CODE    2ECCH     0036H     UNIT         ?PR?FUN_INFO
            CODE    2F02H     0035H     UNIT         ?PR?_EEPROM_24CXX_WRITE?IIC_SOFT
            CODE    2F37H     0035H     UNIT         ?PR?_EEPROM_24CXX_READ?IIC_SOFT
            CODE    2F6CH     0032H     UNIT         ?PR?PIN_LEVEL_SCAN_CONFIG?PIN_LEVEL_SCAN
            CODE    2F9EH     0031H     UNIT         ?PR?USER_INIT?MAIN
            CODE    2FCFH     0030H     UNIT         ?PR?MILEAGE
            CODE    2FFFH     002EH     UNIT         ?PR?AIP1302
            CODE    302DH     002BH     UNIT         ?PR?UART0_CONFIG?UART0
            CODE    3058H     0027H     UNIT         ?PR?ADC_CONFIG?ADC
            CODE    307FH     0023H     UNIT         ?PR?ADC_SINGLE_CONVERT?ADC
            CODE    30A2H     0020H     UNIT         ?PR?__TK_SCAN?TK_LIB
            CODE    30C2H     001EH     UNIT         ?CO?TK_SET
            CODE    30E0H     001CH     UNIT         ?PR?IIC_STOP?IIC_SOFT
            CODE    30FCH     001BH     UNIT         ?PR?_DELAY_MS?SYSTEM
            CODE    3117H     001AH     UNIT         ?PR?_REVERSE_U8?AIP1302
            CODE    3131H     0019H     UNIT         ?PR?EEPROM_MENU_READ?IIC_SOFT
            CODE    314AH     0019H     UNIT         ?PR?IIC_START?IIC_SOFT
            CODE    3163H     0018H     UNIT         ?PR?TK_SET
            CODE    317BH     0017H     UNIT         ?PR?IIC_CONFIG?IIC_SOFT
            CODE    3192H     0016H     UNIT         ?PR?_AIP1302_READ_BYTE?AIP1302
            CODE    31A8H     0016H     UNIT         ?PR?EEPROM_MENU_WRITE?IIC_SOFT
BL51 BANKED LINKER/LOCATER V6.22.4.0                                                  08/15/2025  17:22:19  PAGE 5


            CODE    31BEH     0014H     UNIT         ?PR?IIC_ACK?IIC_SOFT
            CODE    31D2H     0014H     UNIT         ?PR?IIC_NACK?IIC_SOFT
            CODE    31E6H     0011H     UNIT         ?PR?_SAMPLES_INIT?FUEL_CAPACITY
            CODE    31F7H     000DH     UNIT         ?PR?_UART0_SENDBYTE?UART0
            CODE    3204H     000DH     UNIT         ?PR?SPEED_SCAN_CONFIG?SPEED_SCAN
            CODE    3211H     000CH     UNIT         ?PR?SPEED_SCAN
            CODE    321DH     000BH     UNIT         ?PR?_DELAY?SYSTEM
            CODE    3228H     000AH     UNIT         ?PR?UART0_RECEIVE_TIMEOUT_ENABLE?UART0
            CODE    3232H     000AH     UNIT         ?PR?UART0_RECEIVE_TIMEOUT_DISABLE?UART0
            CODE    323CH     0007H     UNIT         ?PR?TMR1
            CODE    3243H     0005H     UNIT         ?PR?__TK_MS_HANDLER?TK_LIB
            CODE    3248H     0003H     UNIT         ?PR?FUN_INFO_SAVE?FUN_INFO



OVERLAY MAP OF MODULE:   .\Release\Objects\Project (?C_STARTUP)


SEGMENT                                             BIT_GROUP          DATA_GROUP          XDATA_GROUP
  +--> CALLED SEGMENT                            START    LENGTH     START    LENGTH     START    LENGTH
--------------------------------------------------------------------------------------------------------
?C_C51STARTUP                                    -----    -----      -----    -----      -----    -----
  +--> ?PR?MAIN?MAIN
  +--> ?C_INITSEG

?PR?MAIN?MAIN                                    -----    -----      -----    -----      -----    -----
  +--> ?PR?SYSTEM_INIT?SYSTEM
  +--> ?PR?USER_INIT?MAIN
  +--> ?PR?_DELAY_MS?SYSTEM
  +--> ?PR?PIN_LEVEL_SCAN?PIN_LEVEL_SCAN
  +--> ?PR?SPEED_SCAN?SPEED_SCAN
  +--> ?PR?MILEAGE_SCAN?MILEAGE
  +--> ?PR?FUEL_CAPACITY_SCAN?FUEL_CAPACITY
  +--> ?PR?UART0_SCAN_HANDLE?UART0
  +--> ?PR?INSTRUCTION_SCAN?INSTRUCTION
  +--> ?PR?INSTRUCTION_HANDLE?INSTRUCTION

?PR?SYSTEM_INIT?SYSTEM                           -----    -----      -----    -----      -----    -----
  +--> ?PR?_DELAY?SYSTEM
  +--> ?PR?_DELAY_MS?SYSTEM

?PR?_DELAY_MS?SYSTEM                             -----    -----      -----    -----      -----    -----
  +--> ?PR?_DELAY?SYSTEM

?PR?USER_INIT?MAIN                               -----    -----      -----    -----      -----    -----
  +--> ?PR?UART0_CONFIG?UART0
  +--> ?PR?PIN_LEVEL_SCAN_CONFIG?PIN_LEVEL_SCAN
  +--> ?PR?TMR1_CONFIG?TMR1
  +--> ?PR?SPEED_SCAN_CONFIG?SPEED_SCAN
  +--> ?PR?ADC_CONFIG?ADC
  +--> ?PR?AIP1302_CONFIG?AIP1302
  +--> ?PR?TMR2_CONFIG?TMR2
  +--> ?PR?IIC_CONFIG?IIC_SOFT
  +--> ?PR?FUN_INFO_INIT?FUN_INFO
  +--> ?PR?_DELAY_MS?SYSTEM

?PR?AIP1302_CONFIG?AIP1302                       -----    -----      -----    -----      -----    -----
BL51 BANKED LINKER/LOCATER V6.22.4.0                                                  08/15/2025  17:22:19  PAGE 6


  +--> ?PR?AIP1302
  +--> ?PR?AIP1302_IS_RUNNING?AIP1302
  +--> ?PR?_AIP1302_WRITE_BYTE?AIP1302
  +--> ?PR?AIP1302_READ_ALL?AIP1302

?PR?AIP1302_IS_RUNNING?AIP1302                   -----    -----      -----    -----      -----    -----
  +--> ?PR?AIP1302_READ_ALL?AIP1302

?PR?AIP1302_READ_ALL?AIP1302                     -----    -----      -----    -----      -----    -----
  +--> ?PR?_AIP1302_READ_BYTE?AIP1302

?PR?_AIP1302_READ_BYTE?AIP1302                   -----    -----      -----    -----      6473H    0001H
  +--> ?PR?___AIP1302_READ_BYTE?AIP1302
  +--> ?PR?___AIP1302_CONVERT_READ_BYTE?AIP1302

?PR?___AIP1302_READ_BYTE?AIP1302                 -----    -----      -----    -----      6474H    0003H
  +--> ?PR?AIP1302
  +--> ?PR?_DELAY?SYSTEM

?PR?___AIP1302_CONVERT_READ_BYTE?AIP1302         -----    -----      -----    -----      6474H    0003H
  +--> ?PR?_REVERSE_U8?AIP1302

?PR?_AIP1302_WRITE_BYTE?AIP1302                  -----    -----      -----    -----      647AH    0004H
  +--> ?PR?___AIP1302_WRITE_BYTE?AIP1302

?PR?___AIP1302_WRITE_BYTE?AIP1302                -----    -----      -----    -----      647EH    0003H
  +--> ?PR?AIP1302
  +--> ?PR?_DELAY?SYSTEM

?PR?IIC_CONFIG?IIC_SOFT                          -----    -----      -----    -----      -----    -----
  +--> ?PR?IIC_SOFT

?PR?FUN_INFO_INIT?FUN_INFO                       -----    -----      -----    -----      6473H    0005H
  +--> ?PR?EEPROM_MENU_INIT?IIC_SOFT
  +--> ?PR?FUN_INFO
  +--> ?PR?_EEPROM_24CXX_READ?IIC_SOFT

?PR?EEPROM_MENU_INIT?IIC_SOFT                    -----    -----      -----    -----      -----    -----
  +--> ?PR?EEPROM_MENU_READ?IIC_SOFT
  +--> ?PR?IIC_SOFT
  +--> ?PR?_EEPROM_24CXX_WRITE?IIC_SOFT
  +--> ?PR?EEPROM_MENU_WRITE?IIC_SOFT

?PR?EEPROM_MENU_READ?IIC_SOFT                    -----    -----      -----    -----      -----    -----
  +--> ?PR?IIC_SOFT
  +--> ?PR?_EEPROM_24CXX_READ?IIC_SOFT

?PR?_EEPROM_24CXX_READ?IIC_SOFT                  -----    -----      -----    -----      647AH    0008H
  +--> ?PR?IIC_SOFT
  +--> ?PR?_IIC_EEPROM_READ?IIC_SOFT

?PR?_IIC_EEPROM_READ?IIC_SOFT                    -----    -----      -----    -----      6482H    0007H
  +--> ?PR?IIC_SOFT
  +--> ?PR?IIC_START?IIC_SOFT
  +--> ?PR?_IIC_SEND_BYTE?IIC_SOFT
  +--> ?PR?IIC_WAIT_ACK?IIC_SOFT
  +--> ?PR?_DELAY?SYSTEM
BL51 BANKED LINKER/LOCATER V6.22.4.0                                                  08/15/2025  17:22:19  PAGE 7


  +--> ?PR?_IIC_READ_BYTE?IIC_SOFT
  +--> ?PR?IIC_STOP?IIC_SOFT

?PR?IIC_START?IIC_SOFT                           -----    -----      -----    -----      -----    -----
  +--> ?PR?IIC_SOFT
  +--> ?PR?_DELAY?SYSTEM

?PR?_IIC_SEND_BYTE?IIC_SOFT                      -----    -----      -----    -----      6489H    0002H
  +--> ?PR?IIC_SOFT
  +--> ?PR?_DELAY?SYSTEM

?PR?IIC_WAIT_ACK?IIC_SOFT                        -----    -----      -----    -----      6489H    0001H
  +--> ?PR?IIC_SOFT
  +--> ?PR?_DELAY?SYSTEM
  +--> ?PR?IIC_STOP?IIC_SOFT

?PR?IIC_STOP?IIC_SOFT                            -----    -----      -----    -----      -----    -----
  +--> ?PR?IIC_SOFT
  +--> ?PR?_DELAY?SYSTEM

?PR?_IIC_READ_BYTE?IIC_SOFT                      -----    -----      -----    -----      6489H    0003H
  +--> ?PR?IIC_SOFT
  +--> ?PR?_DELAY?SYSTEM
  +--> ?PR?IIC_NACK?IIC_SOFT
  +--> ?PR?IIC_ACK?IIC_SOFT

?PR?IIC_NACK?IIC_SOFT                            -----    -----      -----    -----      -----    -----
  +--> ?PR?IIC_SOFT
  +--> ?PR?_DELAY?SYSTEM

?PR?IIC_ACK?IIC_SOFT                             -----    -----      -----    -----      -----    -----
  +--> ?PR?IIC_SOFT
  +--> ?PR?_DELAY?SYSTEM

?PR?_EEPROM_24CXX_WRITE?IIC_SOFT                 -----    -----      -----    -----      647AH    0008H
  +--> ?PR?IIC_SOFT
  +--> ?PR?_IIC_EEPROM_WRITE?IIC_SOFT

?PR?_IIC_EEPROM_WRITE?IIC_SOFT                   -----    -----      -----    -----      6482H    0007H
  +--> ?PR?IIC_SOFT
  +--> ?PR?IIC_START?IIC_SOFT
  +--> ?PR?_IIC_SEND_BYTE?IIC_SOFT
  +--> ?PR?IIC_WAIT_ACK?IIC_SOFT
  +--> ?PR?_DELAY?SYSTEM
  +--> ?PR?IIC_STOP?IIC_SOFT

?PR?EEPROM_MENU_WRITE?IIC_SOFT                   -----    -----      -----    -----      -----    -----
  +--> ?PR?IIC_SOFT
  +--> ?PR?_EEPROM_24CXX_WRITE?IIC_SOFT

?PR?SPEED_SCAN?SPEED_SCAN                        -----    -----      -----    -----      6473H    0008H
  +--> ?PR?SPEED_SCAN

?PR?MILEAGE_SCAN?MILEAGE                         -----    -----      -----    -----      -----    -----
  +--> ?PR?FUN_INFO_SAVE?FUN_INFO
  +--> ?PR?MILEAGE

BL51 BANKED LINKER/LOCATER V6.22.4.0                                                  08/15/2025  17:22:19  PAGE 8


?PR?FUN_INFO_SAVE?FUN_INFO                       -----    -----      -----    -----      -----    -----
  +--> ?PR?EEPROM_DATA_SAVE?IIC_SOFT

?PR?EEPROM_DATA_SAVE?IIC_SOFT                    -----    -----      -----    -----      6473H    0007H
  +--> ?PR?EEPROM_MENU_READ?IIC_SOFT
  +--> ?PR?IIC_SOFT
  +--> ?PR?_EEPROM_24CXX_READ?IIC_SOFT
  +--> ?PR?_EEPROM_24CXX_WRITE?IIC_SOFT
  +--> ?PR?EEPROM_MENU_WRITE?IIC_SOFT

?PR?FUEL_CAPACITY_SCAN?FUEL_CAPACITY             -----    -----      -----    -----      6473H    0003H
  +--> ?PR?_ADC_SEL_PIN?ADC
  +--> ?PR?_GET_FILTERED_ADC?FUEL_CAPACITY
  +--> ?PR?FUEL_CAPACITY
  +--> ?PR?_SAMPLES_INIT?FUEL_CAPACITY
  +--> ?PR?_CONVERT_FUEL_ADC_TO_PERCENT?FUEL...
  +--> ?PR?ADC_GETVAL?ADC

?PR?_ADC_SEL_PIN?ADC                             -----    -----      -----    -----      -----    -----
  +--> ?PR?_DELAY_MS?SYSTEM

?PR?_GET_FILTERED_ADC?FUEL_CAPACITY              -----    -----      -----    -----      6476H    0005H
  +--> ?PR?FUEL_CAPACITY

?PR?_SAMPLES_INIT?FUEL_CAPACITY                  -----    -----      -----    -----      -----    -----
  +--> ?PR?FUEL_CAPACITY

?PR?_CONVERT_FUEL_ADC_TO_PERCENT?FUEL...         -----    -----      -----    -----      6476H    0002H
  +--> ?PR?FUEL_CAPACITY

?PR?ADC_GETVAL?ADC                               -----    -----      -----    -----      6476H    000BH
  +--> ?PR?ADC_SINGLE_CONVERT?ADC
  +--> ?PR?ADC

?PR?UART0_SCAN_HANDLE?UART0                      0023H.0  0000H.1    -----    -----      6473H    0003H
  +--> ?PR?UART0_RECEIVE_TIMEOUT_DISABLE?UART0
  +--> ?PR?UART0

?PR?INSTRUCTION_SCAN?INSTRUCTION                 -----    -----      -----    -----      6473H    0001H
  +--> ?PR?INSTRUCTION

?PR?INSTRUCTION_HANDLE?INSTRUCTION               -----    -----      -----    -----      -----    -----
  +--> ?PR?INSTRUCTION
  +--> ?PR?_SEND_DATA?SEND_DATA
  +--> ?PR?AIP1302_READ_ALL?AIP1302
  +--> ?PR?AIP1302_UPDATE_TIME?AIP1302
  +--> ?PR?FUN_INFO_SAVE?FUN_INFO

?PR?_SEND_DATA?SEND_DATA                         -----    -----      -----    -----      6473H    0009H
  +--> ?PR?_UART0_SENDBYTE?UART0
  +--> ?PR?SEND_DATA
  +--> ?PR?_DELAY_MS?SYSTEM

?PR?AIP1302_UPDATE_TIME?AIP1302                  -----    -----      -----    -----      6473H    0007H
  +--> ?PR?_AIP1302_WRITE_BYTE?AIP1302

*** NEW ROOT ***************************************************
BL51 BANKED LINKER/LOCATER V6.22.4.0                                                  08/15/2025  17:22:19  PAGE 9



?PR?TK_IRQHANDLER?TK_SET                         -----    -----      -----    -----      -----    -----
  +--> ?PR?__TK_HANDLER?TK_LIB

?PR?__TK_HANDLER?TK_LIB                          -----    -----      -----    -----      -----    -----
  +--> ?CO?TK_SET
  +--> ?PR?__TK_MODE_CONFIG?TK_LIB
  +--> ?PR?__TK_I_SOURCE_ADJUST?TK_LIB
  +--> ?PR?__TK_BASELINE_INIT?TK_LIB
  +--> ?PR?___TK_SET_NEXT_CH?TK_LIB

?PR?__TK_MODE_CONFIG?TK_LIB                      -----    -----      -----    -----      -----    -----
  +--> ?PR?___TK_SET_NEXT_CH?TK_LIB

?PR?__TK_I_SOURCE_ADJUST?TK_LIB                  -----    -----      -----    -----      648CH    0001H
  +--> ?CO?TK_SET
  +--> ?PR?___TK_LIB_I_ADJUST?TK_LIB
  +--> ?PR?__TK_MODE_CONFIG?TK_LIB
  +--> ?PR?___TK_SET_NEXT_CH?TK_LIB

?PR?___TK_LIB_I_ADJUST?TK_LIB                    -----    -----      0024H    0008H      648DH    0005H
  +--> ?CO?TK_SET

?PR?__TK_BASELINE_INIT?TK_LIB                    -----    -----      -----    -----      -----    -----
  +--> ?CO?TK_SET
  +--> ?PR?___TK_SET_NEXT_CH?TK_LIB

*** NEW ROOT ***************************************************

?PR?TIMR1_IRQHANDLER?TMR1                        -----    -----      -----    -----      -----    -----
  +--> ?PR?TMR1

*** NEW ROOT ***************************************************

?PR?TIMR2_IRQHANDLER?TMR2                        -----    -----      -----    -----      -----    -----
  +--> ?PR?TMR2
  +--> ?PR?UPDATE_SPEED_SCAN_DATA?SPEED_SCAN

?PR?UPDATE_SPEED_SCAN_DATA?SPEED_SCAN            -----    -----      -----    -----      -----    -----
  +--> ?PR?SPEED_SCAN

*** NEW ROOT ***************************************************

?PR?UART0_IRQHANDLER?UART0                       -----    -----      -----    -----      6492H    0001H
  +--> ?PR?UART0
  +--> ?PR?UART0_RECEIVE_TIMEOUT_ENABLE?UART0
  +--> ?PR?UART0_RECEIVE_TIMEOUT_DISABLE?UART0



SYMBOL TABLE OF MODULE:  .\Release\Objects\Project (?C_STARTUP)

  VALUE           TYPE          NAME
  ----------------------------------

  -------         MODULE        ?C_STARTUP
  C:201EH         SEGMENT       ?C_C51STARTUP
BL51 BANKED LINKER/LOCATER V6.22.4.0                                                  08/15/2025  17:22:19  PAGE 10


  I:0067H         SEGMENT       ?STACK
  C:0000H         PUBLIC        ?C_STARTUP
  D:00E0H         SYMBOL        ACC
  D:00F0H         SYMBOL        B
  D:0083H         SYMBOL        DPH
  D:0082H         SYMBOL        DPL
  N:0000H         SYMBOL        IBPSTACK
  N:0100H         SYMBOL        IBPSTACKTOP
  N:0080H         SYMBOL        IDATALEN
  C:2021H         SYMBOL        IDATALOOP
  N:0000H         SYMBOL        PBPSTACK
  N:0100H         SYMBOL        PBPSTACKTOP
  N:0000H         SYMBOL        PDATALEN
  N:0000H         SYMBOL        PDATASTART
  N:0000H         SYMBOL        PPAGE
  N:0000H         SYMBOL        PPAGEENABLE
  D:00A0H         SYMBOL        PPAGE_SFR
  D:0081H         SYMBOL        SP
  C:201EH         SYMBOL        STARTUP1
  N:0000H         SYMBOL        XBPSTACK
  N:0000H         SYMBOL        XBPSTACKTOP
  N:0700H         SYMBOL        XDATALEN
  C:202CH         SYMBOL        XDATALOOP
  N:6000H         SYMBOL        XDATASTART
  C:0000H         LINE#         126
  C:201EH         LINE#         133
  C:2020H         LINE#         134
  C:2021H         LINE#         135
  C:2022H         LINE#         136
  C:2024H         LINE#         140
  C:2027H         LINE#         141
  C:2029H         LINE#         145
  C:202BH         LINE#         147
  C:202CH         LINE#         148
  C:202DH         LINE#         149
  C:202EH         LINE#         150
  C:2030H         LINE#         151
  C:2032H         LINE#         185
  C:2035H         LINE#         196
  -------         ENDMOD        ?C_STARTUP

  -------         MODULE        SYSTEM
  C:0000H         SYMBOL        _ICE_DUMMY_
  D:00D9H         PUBLIC        WDT_KEY
  D:00A7H         PUBLIC        FLASH_TIMEREG0
  D:00ACH         PUBLIC        FLASH_TIMEREG1
  C:321DH         PUBLIC        _delay
  C:30FCH         PUBLIC        _delay_ms
  C:1A19H         PUBLIC        system_init
  -------         PROC          _DELAY
  D:0006H         SYMBOL        cnt
  C:321DH         LINE#         37
  C:321DH         LINE#         38
  C:321DH         LINE#         39
  C:3227H         LINE#         40
  C:3227H         LINE#         41
  C:3227H         LINE#         42
BL51 BANKED LINKER/LOCATER V6.22.4.0                                                  08/15/2025  17:22:19  PAGE 11


  -------         ENDPROC       _DELAY
  -------         PROC          _DELAY_MS
  D:0002H         SYMBOL        ms
  C:30FCH         LINE#         49
  C:3100H         LINE#         50
  C:3100H         LINE#         51
  C:310AH         LINE#         52
  C:310AH         LINE#         53
  C:3111H         LINE#         54
  C:3114H         LINE#         55
  C:3116H         LINE#         56
  -------         ENDPROC       _DELAY_MS
  -------         PROC          SYSTEM_INIT
  -------         DO            
  D:0007H         SYMBOL        i
  -------         ENDDO         
  C:1A19H         LINE#         63
  C:1A19H         LINE#         64
  C:1A19H         LINE#         67
  C:1A20H         LINE#         68
  C:1A2DH         LINE#         69
  C:1A30H         LINE#         72
  C:1A33H         LINE#         73
  C:1A39H         LINE#         74
  C:1A3FH         LINE#         75
  C:1A45H         LINE#         76
  C:1A4BH         LINE#         77
  C:1A52H         LINE#         81
  C:1A54H         LINE#         82
  C:1A54H         LINE#         83
  C:1A61H         LINE#         84
  C:1A66H         LINE#         86
  C:1AF4H         LINE#         87
  -------         ENDPROC       SYSTEM_INIT
  -------         ENDMOD        SYSTEM

  -------         MODULE        TK_SET
  C:0000H         SYMBOL        _ICE_DUMMY_
  D:00A8H         PUBLIC        IE0
  D:00A9H         PUBLIC        IE1
  D:00AAH         PUBLIC        IE2
  D:00ABH         PUBLIC        IE3
  B:00A8H.7       PUBLIC        IE_EA
  D:00B8H         PUBLIC        IP0
  D:00B1H         PUBLIC        IP1
  D:00B2H         PUBLIC        IP2
  D:00B3H         PUBLIC        IP3
  D:00B4H         PUBLIC        IP4
  D:00B5H         PUBLIC        IP5
  D:00B6H         PUBLIC        IP6
  D:00B7H         PUBLIC        IP7
  C:21E4H         PUBLIC        tk_param_init
  X:6493H         PUBLIC        __tk_update_cnt
  X:6495H         PUBLIC        __tk_confirm_cnt
  X:6497H         PUBLIC        __tk_leave_cnt
  X:6499H         PUBLIC        __tk_ch_index
  X:649BH         PUBLIC        __tk_ch_fth
BL51 BANKED LINKER/LOCATER V6.22.4.0                                                  08/15/2025  17:22:19  PAGE 12


  X:649FH         PUBLIC        __tk_i_set
  X:6000H         PUBLIC        __tk_ch_data_0
  X:6004H         PUBLIC        __tk_ch_data_1
  X:6008H         PUBLIC        __tk_ch_data_2
  X:6010H         PUBLIC        __tk_ch_data_3
  X:6014H         PUBLIC        __tk_ch_data_4
  X:64A3H         PUBLIC        __tk_ch_data_5
  X:64A7H         PUBLIC        __tk_ch_data_6
  C:30C2H         PUBLIC        __tk_adjust_line
  C:30C6H         PUBLIC        __tk_adjust_time
  C:30C8H         PUBLIC        __tk_adjust_diff_valu
  C:30CAH         PUBLIC        __tk_adjust_en
  C:30CBH         PUBLIC        __tk_valid_time
  C:30CDH         PUBLIC        __tk_long_key_time
  C:30D7H         PUBLIC        __tk_use_num
  C:30D1H         PUBLIC        __tk_cs_en
  C:30D3H         PUBLIC        __tk_nm_num
  C:30D2H         PUBLIC        __tk_tp_en
  C:30D4H         PUBLIC        __tk_base_update_cnt
  C:30D6H         PUBLIC        __tk_cm_valu
  C:30CFH         PUBLIC        __tk_noise_value
  C:30D5H         PUBLIC        __tk_nm_cm_value
  C:30D8H         SYMBOL        TK_CH_EN_BUG
  C:159FH         PUBLIC        tk_gpio_config
  C:2C23H         PUBLIC        TK_IRQHandler
  C:2AB0H         PUBLIC        tk_init
  C:3163H         SYMBOL        Com0055
  C:3163H         SYMBOL        L?0086
  C:3163H         SYMBOL        L?0087
  C:3165H         SYMBOL        L?0088
  C:3168H         SYMBOL        L?0089
  C:3171H         SYMBOL        L?0090
  C:3173H         SYMBOL        L?0091
  -------         PROC          COM0055
  -------         ENDPROC       COM0055
  -------         PROC          TK_GPIO_CONFIG
  -------         DO            
  D:0007H         SYMBOL        i
  -------         ENDDO         
  C:159FH         LINE#         262
  C:159FH         LINE#         263
  C:159FH         LINE#         264
  C:15A1H         LINE#         266
  C:15A1H         LINE#         267
  C:15A1H         LINE#         269
  C:15A9H         LINE#         270
  C:15A9H         LINE#         271
  C:15B1H         LINE#         272
  C:15B1H         LINE#         273
  C:15C6H         LINE#         274
  C:15D6H         LINE#         275
  C:15D9H         LINE#         277
  C:15D9H         LINE#         278
  C:15EEH         LINE#         279
  C:15FEH         LINE#         280
  C:15FEH         LINE#         281
  C:1601H         LINE#         282
BL51 BANKED LINKER/LOCATER V6.22.4.0                                                  08/15/2025  17:22:19  PAGE 13


  C:1611H         LINE#         283
  C:1611H         LINE#         284
  C:1619H         LINE#         285
  C:1619H         LINE#         286
  C:1630H         LINE#         287
  C:1642H         LINE#         288
  C:1645H         LINE#         290
  C:1645H         LINE#         291
  C:165CH         LINE#         292
  C:166EH         LINE#         293
  C:166EH         LINE#         294
  C:1671H         LINE#         296
  C:1671H         LINE#         297
  C:1679H         LINE#         298
  C:1679H         LINE#         299
  C:1690H         LINE#         300
  C:16A2H         LINE#         301
  C:16A4H         LINE#         303
  C:16A4H         LINE#         304
  C:16BBH         LINE#         305
  C:16D1H         LINE#         306
  C:16D1H         LINE#         307
  C:16D1H         LINE#         308
  C:16DAH         LINE#         309
  -------         ENDPROC       TK_GPIO_CONFIG
  -------         PROC          TK_IRQHANDLER
  C:2C23H         LINE#         316
  C:2C40H         LINE#         318
  C:2C40H         LINE#         319
  C:2C46H         LINE#         320
  C:2C46H         LINE#         321
  C:2C4AH         LINE#         322
  C:2C4DH         LINE#         323
  C:2C4DH         LINE#         324
  C:2C4DH         LINE#         325
  -------         ENDPROC       TK_IRQHANDLER
  -------         PROC          TK_INIT
  C:2AB0H         LINE#         332
  C:2AB0H         LINE#         333
  C:2AB0H         LINE#         334
  C:2AB2H         LINE#         335
  C:2AB5H         LINE#         336
  C:2AB8H         LINE#         337
  C:2ABFH         LINE#         338
  C:2AC2H         LINE#         339
  C:2AC7H         LINE#         340
  C:2ACBH         LINE#         341
  C:2AD0H         LINE#         342
  C:2AD4H         LINE#         343
  C:2AD9H         LINE#         344
  C:2ADDH         LINE#         345
  C:2AE2H         LINE#         346
  C:2AE6H         LINE#         347
  C:2AE9H         LINE#         348
  C:2AEBH         LINE#         349
  C:2AEDH         LINE#         350
  C:2AF2H         LINE#         351
BL51 BANKED LINKER/LOCATER V6.22.4.0                                                  08/15/2025  17:22:19  PAGE 14


  C:2AF6H         LINE#         352
  C:2AFAH         LINE#         353
  C:2AFEH         LINE#         354
  -------         ENDPROC       TK_INIT
  -------         PROC          TK_PARAM_INIT
  -------         DO            
  D:0003H         SYMBOL        i
  -------         ENDDO         
  C:21E4H         LINE#         403
  C:21E4H         LINE#         404
  C:21E4H         LINE#         405
  C:21E6H         LINE#         408
  C:21E6H         LINE#         409
  C:21E6H         LINE#         410
  C:2204H         LINE#         411
  C:222AH         LINE#         412
  C:223CH         LINE#         413
  C:2264H         LINE#         414
  C:226DH         LINE#         417
  C:2270H         LINE#         420
  C:2273H         LINE#         423
  -------         ENDPROC       TK_PARAM_INIT
  -------         ENDMOD        TK_SET

  -------         MODULE        TMR1
  C:0000H         SYMBOL        _ICE_DUMMY_
  D:00A8H         PUBLIC        IE0
  D:00A9H         PUBLIC        IE1
  D:00AAH         PUBLIC        IE2
  D:00ABH         PUBLIC        IE3
  B:00A8H.7       PUBLIC        IE_EA
  D:00B8H         PUBLIC        IP0
  D:00B1H         PUBLIC        IP1
  D:00B2H         PUBLIC        IP2
  D:00B3H         PUBLIC        IP3
  D:00B4H         PUBLIC        IP4
  D:00B5H         PUBLIC        IP5
  D:00B6H         PUBLIC        IP6
  D:00B7H         PUBLIC        IP7
  D:00D1H         PUBLIC        TMR_ALLCON
  C:2CADH         PUBLIC        tmr1_config
  C:1D61H         PUBLIC        TIMR1_IRQHandler
  C:323CH         SYMBOL        Com0046
  C:323CH         SYMBOL        L?0071
  C:323CH         SYMBOL        L?0072
  -------         PROC          COM0046
  -------         ENDPROC       COM0046
  -------         PROC          TMR1_CONFIG
  C:2CADH         LINE#         15
  C:2CADH         LINE#         16
  C:2CADH         LINE#         17
  C:2CB3H         LINE#         18
  C:2CB6H         LINE#         19
  C:2CB8H         LINE#         21
  C:2CBBH         LINE#         23
  C:2CC1H         LINE#         24
  C:2CC5H         LINE#         25
BL51 BANKED LINKER/LOCATER V6.22.4.0                                                  08/15/2025  17:22:19  PAGE 15


  C:2CC9H         LINE#         26
  C:2CCDH         LINE#         28
  C:2CD2H         LINE#         29
  C:2CD6H         LINE#         32
  C:2CDBH         LINE#         33
  C:2CDFH         LINE#         39
  C:2CE5H         LINE#         40
  C:2CE9H         LINE#         42
  C:2CECH         LINE#         44
  -------         ENDPROC       TMR1_CONFIG
  -------         PROC          TIMR1_IRQHANDLER
  C:1D61H         LINE#         47
  C:1D7EH         LINE#         50
  C:1D7EH         LINE#         55
  C:1D87H         LINE#         56
  C:1D87H         LINE#         57
  C:1D8BH         LINE#         65
  C:1D8EH         LINE#         66
  C:1D8EH         LINE#         67
  C:1D94H         LINE#         68
  C:1D94H         LINE#         87
  C:1D94H         LINE#         88
  C:1D9AH         LINE#         89
  C:1D9AH         LINE#         105
  C:1DB1H         LINE#         106
  C:1DB1H         LINE#         107
  C:1DB7H         LINE#         109
  C:1DB7H         LINE#         113
  C:1DB7H         LINE#         114
  C:1DD0H         LINE#         116
  C:1DD0H         LINE#         120
  C:1DD0H         LINE#         121
  C:1DD6H         LINE#         123
  C:1DE5H         LINE#         124
  C:1DE5H         LINE#         126
  C:1DE9H         LINE#         127
  C:1DEDH         LINE#         128
  C:1DEDH         LINE#         129
  C:1DEDH         LINE#         147
  C:1DEDH         LINE#         149
  C:1DF3H         LINE#         151
  C:1E02H         LINE#         152
  C:1E02H         LINE#         154
  C:1E06H         LINE#         155
  C:1E0AH         LINE#         156
  C:1E0AH         LINE#         157
  C:1E0AH         LINE#         160
  C:1E0AH         LINE#         161
  C:1E10H         LINE#         162
  C:1E10H         LINE#         195
  C:1E10H         LINE#         199
  C:1E10H         LINE#         200
  -------         ENDPROC       TIMR1_IRQHANDLER
  -------         ENDMOD        TMR1

  -------         MODULE        TMR2
  C:0000H         SYMBOL        _ICE_DUMMY_
BL51 BANKED LINKER/LOCATER V6.22.4.0                                                  08/15/2025  17:22:19  PAGE 16


  D:00A8H         PUBLIC        IE0
  D:00A9H         PUBLIC        IE1
  D:00AAH         PUBLIC        IE2
  D:00ABH         PUBLIC        IE3
  B:00A8H.7       PUBLIC        IE_EA
  D:00B8H         PUBLIC        IP0
  D:00B1H         PUBLIC        IP1
  D:00B2H         PUBLIC        IP2
  D:00B3H         PUBLIC        IP3
  D:00B4H         PUBLIC        IP4
  D:00B5H         PUBLIC        IP5
  D:00B6H         PUBLIC        IP6
  D:00B7H         PUBLIC        IP7
  B:0090H.5       PUBLIC        P15
  D:00D1H         PUBLIC        TMR_ALLCON
  C:2C68H         PUBLIC        tmr2_config
  C:1EDAH         PUBLIC        TIMR2_IRQHandler
  C:000FH         SYMBOL        Com0047
  C:000FH         SYMBOL        L?0072
  -------         PROC          COM0047
  -------         ENDPROC       COM0047
  -------         PROC          TMR2_CONFIG
  C:2C68H         LINE#         14
  C:2C68H         LINE#         15
  C:2C68H         LINE#         16
  C:2C6EH         LINE#         17
  C:2C71H         LINE#         18
  C:2C73H         LINE#         21
  C:2C76H         LINE#         23
  C:2C7DH         LINE#         24
  C:2C7FH         LINE#         25
  C:2C83H         LINE#         26
  C:2C87H         LINE#         29
  C:2C8DH         LINE#         30
  C:2C93H         LINE#         34
  C:2C9AH         LINE#         35
  C:2C9EH         LINE#         37
  C:2CA5H         LINE#         38
  C:2CA9H         LINE#         40
  C:2CACH         LINE#         41
  -------         ENDPROC       TMR2_CONFIG
  -------         PROC          TIMR2_IRQHANDLER
  -------         DO            
  B:0022H.5       SYMBOL        last_speed_scan_level
  -------         DO            
  X:64D6H         SYMBOL        cnt
  -------         ENDDO         
  -------         ENDDO         
  C:1EDAH         LINE#         77
  C:1EF7H         LINE#         93
  C:1EF7H         LINE#         98
  C:1EFEH         LINE#         99
  C:1EFEH         LINE#         100
  C:1F02H         LINE#         145
  C:1F02H         LINE#         147
  C:1F0CH         LINE#         148
  C:1F1BH         LINE#         149
BL51 BANKED LINKER/LOCATER V6.22.4.0                                                  08/15/2025  17:22:19  PAGE 17


  C:1F1BH         LINE#         150
  C:1F1FH         LINE#         151
  C:1F2BH         LINE#         154
  C:1F41H         LINE#         156
  C:1F41H         LINE#         157
  C:1F4BH         LINE#         158
  C:1F4DH         LINE#         159
  C:1F4DH         LINE#         160
  C:1F4DH         LINE#         161
  C:1F4DH         LINE#         163
  C:1F50H         LINE#         164
  C:1F50H         LINE#         165
  C:1F53H         LINE#         166
  C:1F53H         LINE#         175
  C:1F5FH         LINE#         176
  C:1F62H         LINE#         177
  C:1F62H         LINE#         179
  C:1F64H         LINE#         180
  C:1F66H         LINE#         182
  C:1F66H         LINE#         184
  C:1F68H         LINE#         185
  C:1F68H         LINE#         187
  C:1F68H         LINE#         191
  C:1F68H         LINE#         192
  -------         ENDPROC       TIMR2_IRQHANDLER
  -------         ENDMOD        TMR2

  -------         MODULE        UART0
  C:0000H         SYMBOL        _ICE_DUMMY_
  D:00A8H         PUBLIC        IE0
  D:00A9H         PUBLIC        IE1
  D:00AAH         PUBLIC        IE2
  D:00ABH         PUBLIC        IE3
  B:00A8H.7       PUBLIC        IE_EA
  D:00B8H         PUBLIC        IP0
  D:00B1H         PUBLIC        IP1
  D:00B2H         PUBLIC        IP2
  D:00B3H         PUBLIC        IP3
  D:00B4H         PUBLIC        IP4
  D:00B5H         PUBLIC        IP5
  D:00B6H         PUBLIC        IP6
  D:00B7H         PUBLIC        IP7
  D:00D2H         PUBLIC        UART0_CON0
  D:00D4H         PUBLIC        UART0_STA
  D:00D5H         PUBLIC        UART0_BAUD0
  D:00D6H         PUBLIC        UART0_BAUD1
  D:00D7H         PUBLIC        UART0_DATA
  X:63ACH         PUBLIC        uart0_recv_buf
  X:63D9H         PUBLIC        uart0_recv_len
  X:63DCH         PUBLIC        recved_flagbuf
  X:63DFH         PUBLIC        recv_frame_cnt
  X:63E0H         PUBLIC        flagbuf_valid_instruction
  B:0022H.0       PUBLIC        flag_is_uart0_receive_timeout
  B:0022H.1       PUBLIC        flag_is_uart0_receive_timeout_enable
  X:63E3H         PUBLIC        uart0_receive_timeout_cnt
  C:302DH         PUBLIC        uart0_config
  C:31F7H         PUBLIC        _uart0_sendbyte
BL51 BANKED LINKER/LOCATER V6.22.4.0                                                  08/15/2025  17:22:19  PAGE 18


  C:17FBH         PUBLIC        uart0_scan_handle
  B:0022H.2       SYMBOL        flag_is_recving_data
  X:63E4H         SYMBOL        frame_len
  X:63E5H         SYMBOL        cur_recv_len
  X:63E6H         SYMBOL        blank_index
  C:3228H         SYMBOL        uart0_receive_timeout_enable
  C:3232H         SYMBOL        uart0_receive_timeout_disable
  C:16DBH         PUBLIC        UART0_IRQHandler
  C:2A5DH         SYMBOL        Com005B
  C:2A5DH         SYMBOL        L?0092
  C:2A66H         SYMBOL        L?0093
  C:2A6EH         SYMBOL        L?0094
  C:2A75H         SYMBOL        L?0095
  C:2A7DH         SYMBOL        L?0096
  C:2A8FH         SYMBOL        L?0097
  C:2A92H         SYMBOL        L?0098
  C:2A9AH         SYMBOL        L?0099
  C:2AA6H         SYMBOL        L?0100
  -------         PROC          COM005B
  -------         ENDPROC       COM005B
  -------         PROC          UART0_RECEIVE_TIMEOUT_ENABLE
  C:3228H         LINE#         46
  C:3228H         LINE#         47
  C:3228H         LINE#         48
  C:322DH         LINE#         49
  C:322FH         LINE#         50
  C:3231H         LINE#         51
  -------         ENDPROC       UART0_RECEIVE_TIMEOUT_ENABLE
  -------         PROC          UART0_RECEIVE_TIMEOUT_DISABLE
  C:3232H         LINE#         53
  C:3232H         LINE#         54
  C:3232H         LINE#         55
  C:3234H         LINE#         56
  C:3239H         LINE#         57
  C:323BH         LINE#         58
  -------         ENDPROC       UART0_RECEIVE_TIMEOUT_DISABLE
  -------         PROC          UART0_CONFIG
  C:302DH         LINE#         62
  C:302DH         LINE#         63
  C:302DH         LINE#         66
  C:3033H         LINE#         67
  C:3037H         LINE#         68
  C:303BH         LINE#         69
  C:3042H         LINE#         70
  C:3049H         LINE#         89
  C:304CH         LINE#         90
  C:304EH         LINE#         92
  C:3051H         LINE#         93
  C:3054H         LINE#         94
  C:3057H         LINE#         97
  -------         ENDPROC       UART0_CONFIG
  -------         PROC          UART0_IRQHANDLER
  -------         DO            
  X:6492H         SYMBOL        uart0_tmp_val
  -------         ENDDO         
  C:16DBH         LINE#         100
  C:16F8H         LINE#         102
BL51 BANKED LINKER/LOCATER V6.22.4.0                                                  08/15/2025  17:22:19  PAGE 19


  C:16FDH         LINE#         105
  C:16FDH         LINE#         110
  C:1705H         LINE#         111
  C:1705H         LINE#         113
  C:1708H         LINE#         115
  C:1718H         LINE#         117
  C:1718H         LINE#         124
  C:1718H         LINE#         126
  C:171BH         LINE#         128
  C:171BH         LINE#         131
  C:1722H         LINE#         132
  C:1722H         LINE#         135
  C:1724H         LINE#         136
  C:1724H         LINE#         137
  C:1727H         LINE#         142
  C:172AH         LINE#         143
  C:172AH         LINE#         145
  C:1731H         LINE#         146
  C:1731H         LINE#         148
  C:1739H         LINE#         151
  C:1739H         LINE#         154
  C:1742H         LINE#         155
  C:1742H         LINE#         157
  C:1774H         LINE#         161
  C:1779H         LINE#         163
  C:1784H         LINE#         165
  C:1784H         LINE#         167
  C:1797H         LINE#         169
  C:1799H         LINE#         170
  C:1799H         LINE#         171
  C:179CH         LINE#         173
  C:17A2H         LINE#         174
  C:17A8H         LINE#         176
  C:17C1H         LINE#         177
  C:17D3H         LINE#         178
  C:17D3H         LINE#         179
  C:17DDH         LINE#         180
  C:17DDH         LINE#         205
  C:17DDH         LINE#         209
  C:17E0H         LINE#         210
  C:17E0H         LINE#         212
  C:17E0H         LINE#         213
  C:17E0H         LINE#         214
  C:17E0H         LINE#         219
  C:17E0H         LINE#         223
  C:17E0H         LINE#         224
  -------         ENDPROC       UART0_IRQHANDLER
  -------         PROC          _UART0_SENDBYTE
  D:0007H         SYMBOL        senddata
  C:31F7H         LINE#         227
  C:31F7H         LINE#         228
  C:31F7H         LINE#         229
  C:31FCH         LINE#         231
  C:31FEH         LINE#         232
  C:3203H         LINE#         234
  -------         ENDPROC       _UART0_SENDBYTE
  -------         PROC          UART0_SCAN_HANDLE
BL51 BANKED LINKER/LOCATER V6.22.4.0                                                  08/15/2025  17:22:19  PAGE 20


  -------         DO            
  X:6473H         SYMBOL        i
  X:6474H         SYMBOL        checksum
  B:0023H.0       SYMBOL        __flag_is_crc_or_len_err
  -------         DO            
  X:6475H         SYMBOL        __loop_crc_cnt
  -------         ENDDO         
  -------         ENDDO         
  C:17FBH         LINE#         250
  C:17FBH         LINE#         251
  C:17FBH         LINE#         252
  C:1800H         LINE#         253
  C:1802H         LINE#         254
  C:1804H         LINE#         299
  C:180DH         LINE#         300
  C:180DH         LINE#         304
  C:1810H         LINE#         307
  C:1815H         LINE#         308
  C:1819H         LINE#         309
  C:181CH         LINE#         312
  C:181CH         LINE#         316
  C:182EH         LINE#         317
  C:182EH         LINE#         318
  C:183AH         LINE#         319
  C:183AH         LINE#         323
  C:1857H         LINE#         324
  C:1857H         LINE#         331
  C:1860H         LINE#         332
  C:1860H         LINE#         333
  C:1871H         LINE#         336
  C:1871H         LINE#         338
  C:1871H         LINE#         339
  C:1876H         LINE#         340
  C:187AH         LINE#         341
  C:188BH         LINE#         342
  C:188BH         LINE#         343
  C:18A7H         LINE#         344
  C:18ADH         LINE#         347
  C:18B2H         LINE#         348
  C:18D1H         LINE#         349
  C:18D1H         LINE#         351
  C:18D3H         LINE#         352
  C:18D3H         LINE#         353
  C:18D3H         LINE#         355
  C:18D6H         LINE#         356
  C:18D6H         LINE#         377
  C:18D8H         LINE#         378
  C:18E2H         LINE#         379
  C:18E2H         LINE#         380
  C:18F3H         LINE#         381
  C:18F3H         LINE#         384
  C:1903H         LINE#         385
  C:1903H         LINE#         386
  C:190CH         LINE#         387
  -------         ENDPROC       UART0_SCAN_HANDLE
  -------         ENDMOD        UART0

BL51 BANKED LINKER/LOCATER V6.22.4.0                                                  08/15/2025  17:22:19  PAGE 21


  -------         MODULE        ADC
  C:0000H         SYMBOL        _ICE_DUMMY_
  D:0091H         PUBLIC        ADC_CFG2
  D:0093H         PUBLIC        ADC_DATAH0
  D:0094H         PUBLIC        ADC_DATAL0
  D:0099H         PUBLIC        ADC_CHS0
  D:009EH         PUBLIC        ADC_TRGS0
  X:64D8H         PUBLIC        adc_val
  C:3058H         PUBLIC        adc_config
  C:0027H         PUBLIC        _adc_sel_pin
  C:307FH         PUBLIC        adc_single_convert
  C:1AF5H         PUBLIC        adc_getval
  C:004EH         SYMBOL        Com000F
  C:004EH         SYMBOL        L?0016
  C:0057H         SYMBOL        L?0017
  -------         PROC          COM000F
  -------         ENDPROC       COM000F
  -------         PROC          ADC_CONFIG
  C:3058H         LINE#         9
  C:3058H         LINE#         10
  C:3058H         LINE#         23
  C:305EH         LINE#         31
  C:3064H         LINE#         32
  C:3067H         LINE#         39
  C:306EH         LINE#         40
  C:3072H         LINE#         41
  C:3078H         LINE#         45
  C:307BH         LINE#         46
  C:307EH         LINE#         47
  -------         ENDPROC       ADC_CONFIG
  -------         PROC          _ADC_SEL_PIN
  D:0007H         SYMBOL        adc_pin
  C:0027H         LINE#         51
  C:0027H         LINE#         52
  C:0027H         LINE#         53
  C:002AH         LINE#         55
  C:002FH         LINE#         56
  C:002FH         LINE#         76
  C:002FH         LINE#         81
  C:0036H         LINE#         82
  C:003AH         LINE#         83
  C:003DH         LINE#         84
  C:003DH         LINE#         94
  C:003DH         LINE#         96
  C:0043H         LINE#         99
  -------         ENDPROC       _ADC_SEL_PIN
  -------         PROC          ADC_SINGLE_CONVERT
  C:307FH         LINE#         103
  C:307FH         LINE#         104
  C:307FH         LINE#         105
  C:3085H         LINE#         106
  C:308BH         LINE#         108
  C:308EH         LINE#         109
  C:30A1H         LINE#         110
  -------         ENDPROC       ADC_SINGLE_CONVERT
  -------         PROC          ADC_GETVAL
  -------         DO            
BL51 BANKED LINKER/LOCATER V6.22.4.0                                                  08/15/2025  17:22:19  PAGE 22


  X:6476H         SYMBOL        adc_val_tmp
  X:6478H         SYMBOL        adc_val_sum
  X:647CH         SYMBOL        get_adcmax
  X:647EH         SYMBOL        get_adcmin
  X:6480H         SYMBOL        i
  -------         ENDDO         
  C:1AF5H         LINE#         113
  C:1AF5H         LINE#         114
  C:1AF5H         LINE#         115
  C:1AFCH         LINE#         116
  C:1B04H         LINE#         117
  C:1B0BH         LINE#         118
  C:1B11H         LINE#         119
  C:1B14H         LINE#         121
  C:1B15H         LINE#         122
  C:1B15H         LINE#         123
  C:1B20H         LINE#         124
  C:1B29H         LINE#         125
  C:1B29H         LINE#         126
  C:1B3FH         LINE#         127
  C:1B47H         LINE#         128
  C:1B56H         LINE#         129
  C:1B65H         LINE#         130
  C:1B7DH         LINE#         131
  C:1B89H         LINE#         133
  C:1BA1H         LINE#         134
  C:1BB8H         LINE#         135
  C:1BC8H         LINE#         137
  C:1BC8H         LINE#         138
  -------         ENDPROC       ADC_GETVAL
  -------         ENDMOD        ADC

  -------         MODULE        AIP1302
  C:0000H         SYMBOL        _ICE_DUMMY_
  B:0090H.6       PUBLIC        P16
  B:0090H.7       PUBLIC        P17
  B:00A0H.4       PUBLIC        P24
  C:2276H         PUBLIC        ___aip1302_read_byte
  C:2947H         PUBLIC        aip1302_is_running
  C:2A05H         PUBLIC        aip1302_config
  C:3192H         PUBLIC        _aip1302_read_byte
  C:1E2BH         PUBLIC        _aip1302_write_byte
  C:2D2DH         PUBLIC        aip1302_update_time
  C:2B97H         PUBLIC        aip1302_read_all
  C:3117H         SYMBOL        _reverse_u8
  C:280BH         SYMBOL        ___aip1302_convert_read_byte
  C:2308H         SYMBOL        ___aip1302_write_byte
  C:2FFFH         SYMBOL        Com0044
  C:2FFFH         SYMBOL        L?0069
  C:3001H         SYMBOL        L?0070
  C:3011H         SYMBOL        L?0074
  C:301CH         SYMBOL        L?0075
  C:3026H         SYMBOL        L?0076
  -------         PROC          COM0044
  -------         ENDPROC       COM0044
  -------         PROC          AIP1302_CONFIG
  -------         DO            
BL51 BANKED LINKER/LOCATER V6.22.4.0                                                  08/15/2025  17:22:19  PAGE 23


  D:0007H         SYMBOL        ret
  -------         ENDDO         
  C:2A05H         LINE#         8
  C:2A05H         LINE#         9
  C:2A05H         LINE#         10
  C:2A07H         LINE#         14
  C:2A0DH         LINE#         15
  C:2A11H         LINE#         16
  C:2A16H         LINE#         18
  C:2A1AH         LINE#         19
  C:2A1EH         LINE#         20
  C:2A23H         LINE#         22
  C:2A23H         LINE#         23
  C:2A23H         LINE#         24
  C:2A26H         LINE#         26
  C:2A28H         LINE#         27
  C:2A2AH         LINE#         33
  C:2A2DH         LINE#         34
  C:2A30H         LINE#         35
  C:2A30H         LINE#         41
  C:2A30H         LINE#         43
  C:2A30H         LINE#         50
  C:2A37H         LINE#         51
  C:2A3EH         LINE#         52
  C:2A45H         LINE#         54
  C:2A4CH         LINE#         55
  C:2A53H         LINE#         56
  C:2A5AH         LINE#         65
  C:2A5AH         LINE#         69
  -------         ENDPROC       AIP1302_CONFIG
  -------         PROC          _REVERSE_U8
  D:0007H         SYMBOL        arg
  -------         DO            
  D:0006H         SYMBOL        tmp
  D:0005H         SYMBOL        i
  -------         ENDDO         
  C:3117H         LINE#         99
  C:3117H         LINE#         100
  C:3117H         LINE#         102
  C:3119H         LINE#         105
  C:3119H         LINE#         106
  C:3119H         LINE#         107
  C:311DH         LINE#         108
  C:3121H         LINE#         109
  C:3121H         LINE#         110
  C:3125H         LINE#         111
  C:3125H         LINE#         113
  C:3125H         LINE#         114
  C:3125H         LINE#         115
  C:3129H         LINE#         116
  C:312EH         LINE#         118
  C:3130H         LINE#         119
  -------         ENDPROC       _REVERSE_U8
  -------         PROC          ___AIP1302_CONVERT_READ_BYTE
  D:0004H         SYMBOL        cmd
  D:0005H         SYMBOL        byte
  -------         DO            
BL51 BANKED LINKER/LOCATER V6.22.4.0                                                  08/15/2025  17:22:19  PAGE 24


  D:0007H         SYMBOL        tmp
  X:6474H         SYMBOL        i
  -------         DO            
  X:6475H         SYMBOL        tens_place
  X:6476H         SYMBOL        one_place
  -------         ENDDO         
  -------         ENDDO         
  C:280BH         LINE#         122
  C:280DH         LINE#         123
  C:280DH         LINE#         124
  C:280EH         LINE#         125
  C:2812H         LINE#         128
  C:2817H         LINE#         137
  C:2835H         LINE#         138
  C:2835H         LINE#         139
  C:283AH         LINE#         140
  C:283CH         LINE#         143
  C:2845H         LINE#         144
  C:2845H         LINE#         147
  C:2849H         LINE#         148
  C:284BH         LINE#         149
  C:2854H         LINE#         150
  C:2854H         LINE#         152
  C:2858H         LINE#         153
  C:285AH         LINE#         154
  C:285EH         LINE#         155
  C:285EH         LINE#         157
  C:2862H         LINE#         158
  C:2862H         LINE#         160
  C:286BH         LINE#         161
  C:2871H         LINE#         162
  C:2878H         LINE#         163
  C:2878H         LINE#         165
  C:2878H         LINE#         166
  -------         ENDPROC       ___AIP1302_CONVERT_READ_BYTE
  C:22EAH         SYMBOL        L?0071
  C:22F4H         SYMBOL        L?0072
  -------         PROC          ___AIP1302_READ_BYTE
  X:6474H         SYMBOL        cmd
  -------         DO            
  X:6475H         SYMBOL        recv_data
  X:6476H         SYMBOL        i
  -------         ENDDO         
  C:2276H         LINE#         169
  C:227BH         LINE#         170
  C:227BH         LINE#         171
  C:227EH         LINE#         172
  C:227EH         LINE#         175
  C:227EH         LINE#         176
  C:227EH         LINE#         177
  C:2281H         LINE#         179
  C:2281H         LINE#         180
  C:2281H         LINE#         181
  C:2281H         LINE#         182
  C:2287H         LINE#         184
  C:228CH         LINE#         185
  C:228CH         LINE#         186
BL51 BANKED LINKER/LOCATER V6.22.4.0                                                  08/15/2025  17:22:19  PAGE 25


  C:228CH         LINE#         187
  C:228FH         LINE#         188
  C:22A2H         LINE#         189
  C:22A2H         LINE#         190
  C:22A4H         LINE#         191
  C:22A6H         LINE#         193
  C:22A6H         LINE#         194
  C:22A8H         LINE#         195
  C:22A8H         LINE#         196
  C:22AFH         LINE#         198
  C:22AFH         LINE#         199
  C:22AFH         LINE#         200
  C:22B4H         LINE#         203
  C:22BAH         LINE#         204
  C:22C0H         LINE#         206
  C:22C5H         LINE#         207
  C:22C5H         LINE#         208
  C:22CCH         LINE#         209
  C:22CCH         LINE#         210
  C:22CFH         LINE#         211
  C:22D2H         LINE#         212
  C:22D2H         LINE#         213
  C:22D9H         LINE#         214
  C:22D9H         LINE#         216
  C:22D9H         LINE#         217
  C:22D9H         LINE#         218
  C:22D9H         LINE#         219
  C:22D9H         LINE#         220
  C:22DEH         LINE#         222
  C:22E0H         LINE#         223
  C:22E2H         LINE#         224
  C:22E4H         LINE#         226
  C:22E9H         LINE#         227
  -------         ENDPROC       ___AIP1302_READ_BYTE
  -------         PROC          _AIP1302_READ_BYTE
  X:6473H         SYMBOL        cmd
  -------         DO            
  D:0006H         SYMBOL        recv_data
  -------         ENDDO         
  C:3192H         LINE#         236
  C:3197H         LINE#         237
  C:3197H         LINE#         238
  C:3199H         LINE#         239
  C:319EH         LINE#         240
  -------         ENDPROC       _AIP1302_READ_BYTE
  C:237DH         SYMBOL        L?0067
  C:238EH         SYMBOL        L?0073
  -------         PROC          ___AIP1302_WRITE_BYTE
  X:647EH         SYMBOL        cmd
  X:647FH         SYMBOL        byte
  -------         DO            
  X:6480H         SYMBOL        i
  -------         ENDDO         
  C:2308H         LINE#         250
  C:2310H         LINE#         251
  C:2310H         LINE#         252
  C:2311H         LINE#         255
BL51 BANKED LINKER/LOCATER V6.22.4.0                                                  08/15/2025  17:22:19  PAGE 26


  C:2311H         LINE#         256
  C:2311H         LINE#         257
  C:2314H         LINE#         259
  C:2314H         LINE#         260
  C:2314H         LINE#         261
  C:2314H         LINE#         262
  C:231AH         LINE#         264
  C:231FH         LINE#         265
  C:231FH         LINE#         266
  C:231FH         LINE#         267
  C:2322H         LINE#         268
  C:2335H         LINE#         269
  C:2335H         LINE#         270
  C:2337H         LINE#         271
  C:2339H         LINE#         273
  C:2339H         LINE#         274
  C:233BH         LINE#         275
  C:233BH         LINE#         276
  C:233BH         LINE#         277
  C:233BH         LINE#         278
  C:233EH         LINE#         279
  C:2343H         LINE#         281
  C:2348H         LINE#         282
  C:2348H         LINE#         283
  C:2348H         LINE#         284
  C:234BH         LINE#         285
  C:2361H         LINE#         286
  C:2361H         LINE#         287
  C:2363H         LINE#         288
  C:2365H         LINE#         290
  C:2365H         LINE#         291
  C:2367H         LINE#         292
  C:2367H         LINE#         293
  C:2367H         LINE#         294
  C:2367H         LINE#         295
  C:236AH         LINE#         296
  C:236FH         LINE#         298
  C:2371H         LINE#         299
  C:2378H         LINE#         300
  C:237AH         LINE#         301
  C:237CH         LINE#         302
  -------         ENDPROC       ___AIP1302_WRITE_BYTE
  -------         PROC          AIP1302_IS_RUNNING
  C:2947H         LINE#         311
  C:2947H         LINE#         312
  C:2947H         LINE#         330
  C:294AH         LINE#         331
  C:29A1H         LINE#         339
  C:29A1H         LINE#         340
  C:29A4H         LINE#         341
  C:29A4H         LINE#         343
  C:29A4H         LINE#         344
  C:29A6H         LINE#         345
  C:29A6H         LINE#         346
  -------         ENDPROC       AIP1302_IS_RUNNING
  -------         PROC          _AIP1302_WRITE_BYTE
  X:647AH         SYMBOL        cmd
BL51 BANKED LINKER/LOCATER V6.22.4.0                                                  08/15/2025  17:22:19  PAGE 27


  D:0005H         SYMBOL        byte
  -------         DO            
  X:647BH         SYMBOL        tmp
  -------         DO            
  X:647CH         SYMBOL        tens_place
  X:647DH         SYMBOL        one_place
  -------         ENDDO         
  -------         ENDDO         
  C:1E2BH         LINE#         359
  C:1E30H         LINE#         360
  C:1E30H         LINE#         361
  C:1E33H         LINE#         369
  C:1E55H         LINE#         370
  C:1E55H         LINE#         371
  C:1E5AH         LINE#         372
  C:1E5CH         LINE#         373
  C:1E66H         LINE#         374
  C:1E66H         LINE#         375
  C:1E6DH         LINE#         376
  C:1E6DH         LINE#         377
  C:1E7CH         LINE#         380
  C:1E89H         LINE#         384
  C:1E96H         LINE#         385
  C:1E96H         LINE#         386
  C:1E9DH         LINE#         387
  C:1E9FH         LINE#         388
  C:1EACH         LINE#         389
  C:1EACH         LINE#         392
  C:1EB3H         LINE#         393
  C:1EB5H         LINE#         394
  C:1EBCH         LINE#         395
  C:1EBCH         LINE#         397
  C:1EC1H         LINE#         398
  C:1EC1H         LINE#         399
  C:1EC1H         LINE#         402
  C:1EC8H         LINE#         403
  C:1ED3H         LINE#         405
  -------         ENDPROC       _AIP1302_WRITE_BYTE
  -------         PROC          AIP1302_UPDATE_TIME
  X:6473H         SYMBOL        aip1302_saveinfo
  C:2D2DH         LINE#         480
  C:2D2DH         LINE#         481
  C:2D2DH         LINE#         482
  C:2D3AH         LINE#         483
  C:2D44H         LINE#         484
  C:2D4EH         LINE#         486
  C:2D58H         LINE#         487
  C:2D62H         LINE#         488
  -------         ENDPROC       AIP1302_UPDATE_TIME
  -------         PROC          AIP1302_READ_ALL
  C:2B97H         LINE#         508
  C:2B97H         LINE#         509
  C:2B97H         LINE#         510
  C:2BA1H         LINE#         511
  C:2BABH         LINE#         512
  C:2BB5H         LINE#         513
  C:2BBFH         LINE#         514
BL51 BANKED LINKER/LOCATER V6.22.4.0                                                  08/15/2025  17:22:19  PAGE 28


  C:2BC9H         LINE#         515
  C:2BDCH         LINE#         517
  -------         ENDPROC       AIP1302_READ_ALL
  -------         ENDMOD        AIP1302

  -------         MODULE        KEY_DRIVER
  C:0000H         SYMBOL        _ICE_DUMMY_
  -------         ENDMOD        KEY_DRIVER

  -------         MODULE        IIC_SOFT
  C:0000H         SYMBOL        _ICE_DUMMY_
  D:00D9H         PUBLIC        WDT_KEY
  B:00A0H.6       PUBLIC        P26
  B:00B0H.1       PUBLIC        P31
  X:63EAH         PUBLIC        eeprom_menu_prev
  X:63ECH         PUBLIC        eeprom_menu_next
  X:63EEH         PUBLIC        eeprom_saveinfo_prev
  X:63FFH         PUBLIC        eeprom_saveinfo_next
  X:6410H         PUBLIC        eeprom_saveinfo
  C:2D6CH         PUBLIC        eeprom_24cxx_clear
  C:2426H         PUBLIC        eeprom_menu_init
  C:31A8H         PUBLIC        eeprom_menu_write
  C:3131H         PUBLIC        eeprom_menu_read
  C:1110H         PUBLIC        eeprom_data_save
  C:26ADH         PUBLIC        _iic_eeprom_write
  C:2398H         PUBLIC        _iic_eeprom_read
  C:2F02H         PUBLIC        _eeprom_24cxx_write
  C:2F37H         PUBLIC        _eeprom_24cxx_read
  C:317BH         PUBLIC        iic_config
  C:314AH         PUBLIC        iic_start
  C:30E0H         PUBLIC        iic_stop
  C:2E96H         PUBLIC        iic_wait_ack
  C:31BEH         PUBLIC        iic_ack
  C:31D2H         PUBLIC        iic_nack
  C:2BDDH         PUBLIC        _iic_send_byte
  C:2AFFH         PUBLIC        _iic_read_byte
  C:1BC9H         SYMBOL        Com00A4
  C:1BC9H         SYMBOL        L?0165
  C:1BCBH         SYMBOL        L?0166
  C:1BD1H         SYMBOL        L?0167
  C:1BE1H         SYMBOL        L?0168
  C:1BE9H         SYMBOL        L?0169
  C:1BF3H         SYMBOL        L?0170
  C:1BFCH         SYMBOL        L?0171
  C:1BFFH         SYMBOL        L?0172
  C:1C05H         SYMBOL        L?0173
  C:1C0CH         SYMBOL        L?0174
  C:1C13H         SYMBOL        L?0175
  C:1C1AH         SYMBOL        L?0176
  C:1C1AH         SYMBOL        L?0177
  C:1C24H         SYMBOL        L?0180
  C:1C2AH         SYMBOL        L?0181
  C:1C31H         SYMBOL        L?0182
  C:1C40H         SYMBOL        L?0183
  C:1C43H         SYMBOL        L?0184
  C:1C4AH         SYMBOL        L?0185
  C:1C4DH         SYMBOL        L?0186
BL51 BANKED LINKER/LOCATER V6.22.4.0                                                  08/15/2025  17:22:19  PAGE 29


  C:1C53H         SYMBOL        L?0187
  C:1C53H         SYMBOL        L?0188
  C:1C5AH         SYMBOL        L?0189
  C:1C67H         SYMBOL        L?0190
  C:1C67H         SYMBOL        L?0191
  C:1C6EH         SYMBOL        L?0192
  C:1C6EH         SYMBOL        L?0193
  C:1C75H         SYMBOL        L?0194
  C:1C7EH         SYMBOL        L?0195
  C:1C87H         SYMBOL        L?0196
  C:1C87H         SYMBOL        L?0197
  C:1C8DH         SYMBOL        L?0198
  -------         PROC          COM00A4
  -------         ENDPROC       COM00A4
  -------         PROC          EEPROM_MENU_WRITE
  C:31A8H         LINE#         8
  C:31A8H         LINE#         9
  C:31A8H         LINE#         10
  C:31B0H         LINE#         11
  C:31B0H         LINE#         12
  -------         ENDPROC       EEPROM_MENU_WRITE
  -------         PROC          EEPROM_MENU_READ
  C:3131H         LINE#         15
  C:3131H         LINE#         16
  C:3131H         LINE#         17
  C:313CH         LINE#         18
  C:313CH         LINE#         19
  -------         ENDPROC       EEPROM_MENU_READ
  -------         PROC          EEPROM_MENU_INIT
  C:2426H         LINE#         22
  C:2426H         LINE#         23
  C:2426H         LINE#         24
  C:2429H         LINE#         26
  C:2436H         LINE#         27
  C:2436H         LINE#         29
  C:2438H         LINE#         30
  C:2438H         LINE#         32
  C:243BH         LINE#         33
  C:243BH         LINE#         36
  C:243EH         LINE#         38
  C:2459H         LINE#         39
  C:2459H         LINE#         43
  C:2460H         LINE#         44
  C:2460H         LINE#         45
  C:2463H         LINE#         46
  C:246EH         LINE#         47
  C:2470H         LINE#         48
  C:2475H         LINE#         49
  C:2475H         LINE#         50
  C:2481H         LINE#         51
  C:2489H         LINE#         52
  C:2489H         LINE#         55
  C:2489H         LINE#         57
  C:2489H         LINE#         65
  C:2490H         LINE#         66
  C:2490H         LINE#         67
  C:2495H         LINE#         68
BL51 BANKED LINKER/LOCATER V6.22.4.0                                                  08/15/2025  17:22:19  PAGE 30


  C:2495H         LINE#         69
  C:2497H         LINE#         70
  C:249EH         LINE#         71
  C:249EH         LINE#         72
  C:24A6H         LINE#         73
  C:24A9H         LINE#         74
  C:24A9H         LINE#         76
  C:24A9H         LINE#         78
  C:24A9H         LINE#         79
  C:24A9H         LINE#         80
  -------         ENDPROC       EEPROM_MENU_INIT
  -------         PROC          EEPROM_24CXX_CLEAR
  -------         DO            
  X:600CH         SYMBOL        i
  X:600EH         SYMBOL        clear_data
  -------         ENDDO         
  C:2D6CH         LINE#         123
  C:2D6CH         LINE#         124
  C:2D6CH         LINE#         127
  C:2D72H         LINE#         128
  C:2D79H         LINE#         129
  C:2D79H         LINE#         130
  C:2D95H         LINE#         131
  C:2D95H         LINE#         132
  C:2D98H         LINE#         133
  C:2D9AH         LINE#         134
  C:2DA9H         LINE#         135
  -------         ENDPROC       EEPROM_24CXX_CLEAR
  -------         PROC          EEPROM_DATA_SAVE
  -------         DO            
  X:6473H         SYMBOL        cur_save_info_id_prev
  X:6474H         SYMBOL        cur_save_info_id_next
  X:6475H         SYMBOL        cur_write_page_id
  X:6476H         SYMBOL        cur_erase_cnt
  -------         ENDDO         
  C:1110H         LINE#         143
  C:1110H         LINE#         144
  C:1110H         LINE#         148
  C:1115H         LINE#         157
  C:1118H         LINE#         160
  C:111EH         LINE#         161
  C:111EH         LINE#         162
  C:111EH         LINE#         163
  C:1120H         LINE#         165
  C:1120H         LINE#         167
  C:1127H         LINE#         168
  C:1127H         LINE#         169
  C:1127H         LINE#         170
  C:1129H         LINE#         172
  C:1129H         LINE#         173
  C:1131H         LINE#         174
  C:1131H         LINE#         175
  C:1131H         LINE#         185
  C:1138H         LINE#         186
  C:1138H         LINE#         192
  C:113CH         LINE#         193
  C:113FH         LINE#         194
BL51 BANKED LINKER/LOCATER V6.22.4.0                                                  08/15/2025  17:22:19  PAGE 31


  C:1141H         LINE#         196
  C:1141H         LINE#         203
  C:114BH         LINE#         204
  C:114EH         LINE#         205
  C:114EH         LINE#         215
  C:115BH         LINE#         216
  C:1168H         LINE#         219
  C:1170H         LINE#         220
  C:1170H         LINE#         221
  C:117AH         LINE#         222
  C:1184H         LINE#         223
  C:118EH         LINE#         224
  C:1198H         LINE#         225
  C:119EH         LINE#         226
  C:119EH         LINE#         229
  C:11A6H         LINE#         230
  C:11A6H         LINE#         231
  C:11B0H         LINE#         232
  C:11B0H         LINE#         234
  C:11C5H         LINE#         235
  C:11C5H         LINE#         241
  C:11CBH         LINE#         242
  C:11D1H         LINE#         243
  C:11DAH         LINE#         245
  C:11E0H         LINE#         246
  C:11ECH         LINE#         247
  C:11EEH         LINE#         249
  C:11EEH         LINE#         256
  C:11F4H         LINE#         257
  C:11FAH         LINE#         258
  C:1203H         LINE#         260
  C:1209H         LINE#         261
  C:1213H         LINE#         262
  C:1213H         LINE#         264
  C:1226H         LINE#         265
  C:122FH         LINE#         266
  C:1238H         LINE#         267
  C:124CH         LINE#         268
  C:124CH         LINE#         271
  C:1255H         LINE#         272
  C:125AH         LINE#         274
  C:125FH         LINE#         275
  C:125FH         LINE#         277
  C:1265H         LINE#         278
  C:1268H         LINE#         279
  C:1268H         LINE#         282
  C:1272H         LINE#         283
  C:127CH         LINE#         284
  C:127CH         LINE#         286
  C:128DH         LINE#         287
  C:12A1H         LINE#         292
  C:12AEH         LINE#         293
  C:12AEH         LINE#         294
  C:12AFH         LINE#         295
  C:12AFH         LINE#         300
  C:12B2H         LINE#         302
  C:12B5H         LINE#         303
BL51 BANKED LINKER/LOCATER V6.22.4.0                                                  08/15/2025  17:22:19  PAGE 32


  C:12B5H         LINE#         304
  -------         ENDPROC       EEPROM_DATA_SAVE
  -------         PROC          IIC_START
  C:314AH         LINE#         320
  C:314AH         LINE#         321
  C:314AH         LINE#         323
  C:314DH         LINE#         324
  C:314FH         LINE#         325
  C:3151H         LINE#         329
  C:3157H         LINE#         330
  C:3159H         LINE#         331
  C:3160H         LINE#         332
  C:3162H         LINE#         333
  -------         ENDPROC       IIC_START
  -------         PROC          IIC_STOP
  C:30E0H         LINE#         340
  C:30E0H         LINE#         341
  C:30E0H         LINE#         342
  C:30E3H         LINE#         345
  C:30E5H         LINE#         346
  C:30E7H         LINE#         347
  C:30EDH         LINE#         350
  C:30EDH         LINE#         351
  C:30F3H         LINE#         354
  C:30F5H         LINE#         355
  -------         ENDPROC       IIC_STOP
  -------         PROC          IIC_WAIT_ACK
  -------         DO            
  X:6489H         SYMBOL        timeout
  -------         ENDDO         
  C:2E96H         LINE#         363
  C:2E96H         LINE#         364
  C:2E96H         LINE#         365
  C:2E99H         LINE#         367
  C:2E9CH         LINE#         370
  C:2E9EH         LINE#         371
  C:2EA5H         LINE#         374
  C:2EA7H         LINE#         375
  C:2EA9H         LINE#         377
  C:2EACH         LINE#         378
  C:2EACH         LINE#         380
  C:2EB2H         LINE#         381
  C:2EB8H         LINE#         382
  C:2EB8H         LINE#         383
  C:2EBBH         LINE#         384
  C:2EBEH         LINE#         385
  C:2EBEH         LINE#         386
  C:2EC5H         LINE#         387
  C:2EC7H         LINE#         388
  C:2EC9H         LINE#         390
  C:2ECBH         LINE#         391
  -------         ENDPROC       IIC_WAIT_ACK
  -------         PROC          IIC_ACK
  C:31BEH         LINE#         398
  C:31BEH         LINE#         399
  C:31BEH         LINE#         400
  C:31BEH         LINE#         401
BL51 BANKED LINKER/LOCATER V6.22.4.0                                                  08/15/2025  17:22:19  PAGE 33


  C:31C1H         LINE#         402
  C:31C3H         LINE#         403
  C:31C9H         LINE#         404
  C:31C9H         LINE#         405
  C:31CFH         LINE#         406
  C:31D1H         LINE#         407
  -------         ENDPROC       IIC_ACK
  -------         PROC          IIC_NACK
  C:31D2H         LINE#         414
  C:31D2H         LINE#         415
  C:31D2H         LINE#         416
  C:31D2H         LINE#         417
  C:31D5H         LINE#         418
  C:31D7H         LINE#         419
  C:31DDH         LINE#         420
  C:31DDH         LINE#         421
  C:31E3H         LINE#         422
  C:31E5H         LINE#         423
  -------         ENDPROC       IIC_NACK
  -------         PROC          _IIC_SEND_BYTE
[...]
  C:30A2H         PUBLIC        __tk_scan
  X:6021H         PUBLIC        data_func_array
  D:0050H         PUBLIC        __ch_fth
  C:25B1H         SYMBOL        __tk_baseline_update
  D:00F1H         PUBLIC        MDU_STA
  D:0030H         PUBLIC        __tk_key_debug_flag
  C:077EH         SYMBOL        ___tk_mode_carry_func
  D:0064H         PUBLIC        __tk_max_diff_index
  D:0061H         PUBLIC        __tk_next
  D:0052H         PUBLIC        __tk_max_diff
  D:0018H         PUBLIC        __tk_key_flag
  C:262FH         SYMBOL        __tk_long_key_clear
BL51 BANKED LINKER/LOCATER V6.22.4.0                                                  08/15/2025  17:22:19  PAGE 51


  D:0008H         PUBLIC        MUL_RES_1
  D:000CH         PUBLIC        MUL_RES_2
  D:0065H         PUBLIC        __tk_lib_normal_cnt
  D:0010H         PUBLIC        MUL_RES_3
  C:28E5H         SYMBOL        __tk_i_source_adjust
  D:0054H         PUBLIC        __tk_lib_data_temp
  D:008AH         PUBLIC        MDU_ADR0
  C:1F83H         PUBLIC        __tk_lib_init
  D:008BH         PUBLIC        MDU_ADR1
  X:63A9H         PUBLIC        __tk_p_data_process
  D:008CH         PUBLIC        MDU_ADR2
  B:0088H.0       PUBLIC        MDU_EN
  B:0022H.4       PUBLIC        __tk_long_key_flag
  D:0088H         PUBLIC        MDU_CTL0
  D:0089H         PUBLIC        MDU_CTL1
  D:0062H         PUBLIC        __tk_ms_flag
  C:2151H         SYMBOL        __tk_baseline_init
  C:0DA2H         SYMBOL        __tk_button_decide
  C:2724H         PUBLIC        __tk_handler
  C:0F5BH         SYMBOL        ___tk_lib_i_adjust
  D:0063H         PUBLIC        __tk_cm_cnt
  -------         PROC          __TK_MODE_CONFIG
  C:2DE8H         LINE#         262
  C:2DE8H         LINE#         263
  C:2DE8H         LINE#         264
  C:2DEBH         LINE#         265
  C:2DFAH         LINE#         266
  C:2E00H         LINE#         267
  C:2E04H         LINE#         268
  C:2E08H         LINE#         269
  C:2E0CH         LINE#         270
  C:2E10H         LINE#         272
  C:2E20H         LINE#         273
  -------         ENDPROC       __TK_MODE_CONFIG
  -------         PROC          ___TK_MODE_CARRY_FUNC
  X:600FH         SYMBOL        ch_index
  C:077EH         LINE#         283
  C:0783H         LINE#         284
  C:0783H         LINE#         285
  C:0791H         LINE#         286
  C:079DH         LINE#         288
  C:07B0H         LINE#         289
  C:07C0H         LINE#         291
  C:07CBH         LINE#         292
  C:07F4H         LINE#         293
  C:0825H         LINE#         294
  C:0865H         LINE#         295
  C:0895H         LINE#         296
  C:08BBH         LINE#         297
  C:08D7H         LINE#         299
  C:08F2H         LINE#         300
  C:0909H         LINE#         301
  C:0916H         LINE#         302
  C:0916H         LINE#         304
  C:092EH         LINE#         305
  C:093FH         LINE#         306
  C:0942H         LINE#         307
BL51 BANKED LINKER/LOCATER V6.22.4.0                                                  08/15/2025  17:22:19  PAGE 52


  C:094AH         LINE#         308
  C:095EH         LINE#         309
  C:0971H         LINE#         310
  C:0976H         LINE#         311
  C:0979H         LINE#         312
  C:097CH         LINE#         313
  C:097FH         LINE#         314
  C:097FH         LINE#         315
  C:0980H         LINE#         321
  C:0983H         LINE#         322
  C:09B0H         LINE#         323
  C:09CFH         LINE#         324
  C:09CFH         LINE#         325
  C:09CFH         LINE#         326
  -------         ENDPROC       ___TK_MODE_CARRY_FUNC
  -------         PROC          __TK_DATA_PROCESS
  C:043FH         LINE#         333
  C:043FH         LINE#         334
  C:043FH         LINE#         335
  C:0451H         LINE#         338
  C:046AH         LINE#         339
  C:046DH         LINE#         341
  C:0483H         LINE#         342
  C:0486H         LINE#         347
  C:04B8H         LINE#         348
  C:04C5H         LINE#         349
  C:04C8H         LINE#         350
  C:04CBH         LINE#         351
  C:04CBH         LINE#         352
  C:04CDH         LINE#         353
  C:04D0H         LINE#         354
  C:04D0H         LINE#         356
  C:04D5H         LINE#         357
  C:04E6H         LINE#         358
  C:04F7H         LINE#         359
  C:04FAH         LINE#         363
  C:0510H         LINE#         364
  C:0513H         LINE#         365
  C:0523H         LINE#         366
  C:0543H         LINE#         369
  C:055AH         LINE#         370
  C:055DH         LINE#         371
  C:056DH         LINE#         372
  C:058DH         LINE#         377
  C:058DH         LINE#         378
  C:05ABH         LINE#         380
  C:05E5H         LINE#         381
  C:05E5H         LINE#         382
  C:05E5H         LINE#         383
  C:061CH         LINE#         384
  C:062AH         LINE#         385
  C:0642H         LINE#         386
  C:064FH         LINE#         387
  C:0673H         LINE#         388
  C:0697H         LINE#         389
  C:0697H         LINE#         390
  C:0699H         LINE#         391
BL51 BANKED LINKER/LOCATER V6.22.4.0                                                  08/15/2025  17:22:19  PAGE 53


  C:06A6H         LINE#         392
  C:06A6H         LINE#         397
  C:06C8H         LINE#         398
  C:06CBH         LINE#         399
  C:06DBH         LINE#         401
  C:06F3H         LINE#         402
  C:06F6H         LINE#         404
  C:070DH         LINE#         405
  C:0710H         LINE#         409
  C:0731H         LINE#         410
  C:0734H         LINE#         411
  C:0744H         LINE#         413
  C:075CH         LINE#         414
  C:075FH         LINE#         416
  C:0775H         LINE#         417
  C:0778H         LINE#         422
  C:077DH         LINE#         423
  -------         ENDPROC       __TK_DATA_PROCESS
  -------         PROC          __TK_BUTTON_DECIDE
  C:0DA2H         LINE#         430
  C:0DA2H         LINE#         431
  C:0DA2H         LINE#         432
  C:0DB4H         LINE#         433
  C:0DD2H         LINE#         434
  C:0E04H         LINE#         435
  C:0E11H         LINE#         436
  C:0E16H         LINE#         437
  C:0E8BH         LINE#         438
  C:0E8BH         LINE#         439
  C:0E98H         LINE#         440
  C:0EA6H         LINE#         442
  C:0EBAH         LINE#         443
  C:0EC7H         LINE#         444
  C:0EF4H         LINE#         445
  C:0F18H         LINE#         446
  C:0F46H         LINE#         447
  C:0F46H         LINE#         448
  C:0F48H         LINE#         449
  C:0F55H         LINE#         450
  C:0F55H         LINE#         451
  C:0F5AH         LINE#         452
  -------         ENDPROC       __TK_BUTTON_DECIDE
  -------         PROC          __TK_BASELINE_UPDATE
  C:25B1H         LINE#         459
  C:25B1H         LINE#         460
  C:25B1H         LINE#         461
  C:25C0H         LINE#         462
  C:25D1H         LINE#         463
  C:25E2H         LINE#         464
  C:2606H         LINE#         465
  C:262AH         LINE#         466
  C:262EH         LINE#         467
  -------         ENDPROC       __TK_BASELINE_UPDATE
  -------         PROC          __TK_BASELINE_INIT
  -------         DO            
  X:6018H         SYMBOL        init_flag
  -------         ENDDO         
BL51 BANKED LINKER/LOCATER V6.22.4.0                                                  08/15/2025  17:22:19  PAGE 54


  C:2151H         LINE#         474
  C:2151H         LINE#         475
  C:2151H         LINE#         478
  C:2160H         LINE#         479
  C:2170H         LINE#         480
  C:2179H         LINE#         481
  C:219EH         LINE#         482
  C:219EH         LINE#         483
  C:21C3H         LINE#         484
  C:21C3H         LINE#         485
  C:21C7H         LINE#         487
  C:21D4H         LINE#         488
  C:21D7H         LINE#         489
  C:21D9H         LINE#         490
  C:21DFH         LINE#         491
  C:21DFH         LINE#         493
  -------         ENDPROC       __TK_BASELINE_INIT
  -------         PROC          __TK_LONG_KEY_CLEAR
  -------         DO            
  X:6019H         SYMBOL        __tk_long_cnt
  -------         ENDDO         
  C:262FH         LINE#         501
  C:262FH         LINE#         502
  C:262FH         LINE#         505
  C:2642H         LINE#         506
  C:2650H         LINE#         507
  C:266AH         LINE#         508
  C:266EH         LINE#         509
  C:2676H         LINE#         510
  C:267EH         LINE#         511
  C:2686H         LINE#         512
  C:2688H         LINE#         513
  C:268BH         LINE#         514
  C:26A2H         LINE#         515
  C:26A4H         LINE#         516
  C:26A4H         LINE#         517
  C:26A5H         LINE#         518
  C:26ACH         LINE#         519
  C:26ACH         LINE#         520
  -------         ENDPROC       __TK_LONG_KEY_CLEAR
  -------         PROC          ___TK_LIB_I_ADJUST
  X:648DH         SYMBOL        i_ch
  X:648EH         SYMBOL        adjust_line
  -------         DO            
  X:601BH         SYMBOL        sta_finish
  X:601CH         SYMBOL        n_sta
  X:601DH         SYMBOL        p_sta
  X:601EH         SYMBOL        min_iset
  X:601FH         SYMBOL        min_diff
  D:0024H         SYMBOL        diff
  D:0028H         SYMBOL        temp
  -------         ENDDO         
  C:0F5BH         LINE#         528
  C:0F60H         LINE#         529
  C:0F60H         LINE#         537
  C:0F73H         LINE#         538
  C:0F78H         LINE#         539
BL51 BANKED LINKER/LOCATER V6.22.4.0                                                  08/15/2025  17:22:19  PAGE 55


  C:0F7CH         LINE#         540
  C:0F85H         LINE#         541
  C:0F88H         LINE#         542
  C:0F8BH         LINE#         545
  C:0FC8H         LINE#         546
  C:0FF3H         LINE#         547
  C:1009H         LINE#         548
  C:1009H         LINE#         550
  C:1020H         LINE#         551
  C:1036H         LINE#         552
  C:1039H         LINE#         553
  C:103BH         LINE#         555
  C:104EH         LINE#         557
  C:106AH         LINE#         558
  C:107DH         LINE#         559
  C:1080H         LINE#         560
  C:1080H         LINE#         561
  C:1082H         LINE#         563
  C:109EH         LINE#         564
  C:10B1H         LINE#         565
  C:10B7H         LINE#         566
  C:10B7H         LINE#         567
  C:10B7H         LINE#         568
  C:10B7H         LINE#         569
  C:10C5H         LINE#         570
  C:10C9H         LINE#         571
  C:10CBH         LINE#         572
  C:10D0H         LINE#         573
  C:10D0H         LINE#         575
  C:10D8H         LINE#         576
  C:10F1H         LINE#         577
  C:10F9H         LINE#         578
  C:10FFH         LINE#         579
  C:1104H         LINE#         580
  C:1106H         LINE#         581
  C:110AH         LINE#         582
  C:110DH         LINE#         583
  C:110DH         LINE#         585
  C:110FH         LINE#         586
  -------         ENDPROC       ___TK_LIB_I_ADJUST
  -------         PROC          __TK_I_SOURCE_ADJUST
  -------         DO            
  X:648CH         SYMBOL        result
  -------         ENDDO         
  C:28E5H         LINE#         593
  C:28E5H         LINE#         594
  C:28E5H         LINE#         595
  C:28EAH         LINE#         597
  C:2903H         LINE#         598
  C:2905H         LINE#         600
  C:290AH         LINE#         601
  C:290DH         LINE#         602
  C:2913H         LINE#         603
  C:2913H         LINE#         605
  C:291FH         LINE#         606
  C:2922H         LINE#         607
  C:2925H         LINE#         608
BL51 BANKED LINKER/LOCATER V6.22.4.0                                                  08/15/2025  17:22:19  PAGE 56


  C:2925H         LINE#         609
  C:2925H         LINE#         611
  C:293CH         LINE#         612
  C:293EH         LINE#         613
  C:2941H         LINE#         614
  C:2941H         LINE#         615
  C:2946H         LINE#         616
  C:2946H         LINE#         617
  -------         ENDPROC       __TK_I_SOURCE_ADJUST
  -------         PROC          ___TK_SET_NEXT_CH
  D:0007H         SYMBOL        kick_type
  C:24AAH         LINE#         625
  C:24AAH         LINE#         626
  C:24AAH         LINE#         627
  C:24ADH         LINE#         629
  C:24CBH         LINE#         630
  C:24D1H         LINE#         631
  C:24D5H         LINE#         632
  C:24D9H         LINE#         633
  C:24DDH         LINE#         634
  C:24E1H         LINE#         636
  C:24FBH         LINE#         638
  C:250BH         LINE#         639
  C:250BH         LINE#         640
  C:250DH         LINE#         642
  C:2527H         LINE#         643
  C:252DH         LINE#         644
  C:252DH         LINE#         645
  -------         ENDPROC       ___TK_SET_NEXT_CH
  -------         PROC          __TK_LIB_INIT
  -------         DO            
  X:64DCH         SYMBOL        i
  -------         ENDDO         
  C:1F83H         LINE#         652
  C:1F83H         LINE#         653
  C:1F83H         LINE#         655
  C:1FCBH         LINE#         656
  C:1FD9H         LINE#         658
  C:1FDCH         LINE#         659
  C:1FE4H         LINE#         660
  C:1FE6H         LINE#         661
  C:1FE8H         LINE#         662
  C:1FF0H         LINE#         663
  C:1FF8H         LINE#         664
  C:2000H         LINE#         665
  C:2016H         LINE#         666
  C:2019H         LINE#         667
  -------         ENDPROC       __TK_LIB_INIT
  -------         PROC          __TK_HANDLER
  C:2724H         LINE#         675
  C:2724H         LINE#         676
  C:2724H         LINE#         677
  C:2729H         LINE#         678
  C:272DH         LINE#         679
  C:2754H         LINE#         682
  C:2757H         LINE#         683
  C:275EH         LINE#         684
BL51 BANKED LINKER/LOCATER V6.22.4.0                                                  08/15/2025  17:22:19  PAGE 57


  C:2760H         LINE#         685
  C:2763H         LINE#         686
  C:2763H         LINE#         687
  C:2766H         LINE#         688
  C:2766H         LINE#         689
  C:2766H         LINE#         690
  C:2768H         LINE#         691
  C:2774H         LINE#         692
  C:2784H         LINE#         693
  C:2787H         LINE#         694
  C:278CH         LINE#         696
  C:278FH         LINE#         697
  C:278FH         LINE#         699
  C:2792H         LINE#         700
  C:2792H         LINE#         701
  C:2793H         LINE#         702
  C:2798H         LINE#         703
  C:2798H         LINE#         704
  C:2798H         LINE#         705
  -------         ENDPROC       __TK_HANDLER
  -------         PROC          __TK_MS_HANDLER
  C:3243H         LINE#         712
  C:3243H         LINE#         713
  C:3243H         LINE#         714
  C:3245H         LINE#         716
  -------         ENDPROC       __TK_MS_HANDLER
  -------         PROC          __TK_SCAN
  C:30A2H         LINE#         724
  C:30A2H         LINE#         725
  C:30A2H         LINE#         727
  C:30A7H         LINE#         730
  C:30B3H         LINE#         735
  C:30B6H         LINE#         739
  C:30B9H         LINE#         740
  C:30BEH         LINE#         741
  C:30C1H         LINE#         742
  C:30C1H         LINE#         743
  -------         ENDPROC       __TK_SCAN
  -------         ENDMOD        TK_LIB

  -------         MODULE        ?C?COPY
  C:0130H         PUBLIC        ?C?COPY
  -------         ENDMOD        ?C?COPY

  -------         MODULE        ?C?CLDPTR
  C:0156H         PUBLIC        ?C?CLDPTR
  -------         ENDMOD        ?C?CLDPTR

  -------         MODULE        ?C?CSTPTR
  C:016FH         PUBLIC        ?C?CSTPTR
  -------         ENDMOD        ?C?CSTPTR

  -------         MODULE        ?C?IILDX
  C:0181H         PUBLIC        ?C?IILDX
  -------         ENDMOD        ?C?IILDX

  -------         MODULE        ?C?ILDIX
BL51 BANKED LINKER/LOCATER V6.22.4.0                                                  08/15/2025  17:22:19  PAGE 58


  C:0197H         PUBLIC        ?C?ILDIX
  -------         ENDMOD        ?C?ILDIX

  -------         MODULE        ?C?LADD
  C:01ADH         PUBLIC        ?C?LADD
  -------         ENDMOD        ?C?LADD

  -------         MODULE        ?C?LSUB
  C:01BAH         PUBLIC        ?C?LSUB
  -------         ENDMOD        ?C?LSUB

  -------         MODULE        ?C?LMUL
  C:01C8H         PUBLIC        ?C?LMUL
  -------         ENDMOD        ?C?LMUL

  -------         MODULE        ?C?ULDIV
  C:0253H         PUBLIC        ?C?ULDIV
  -------         ENDMOD        ?C?ULDIV

  -------         MODULE        ?C?LNOT
  C:02E5H         PUBLIC        ?C?LNOT
  -------         ENDMOD        ?C?LNOT

  -------         MODULE        ?C?LNEG
  C:02F2H         PUBLIC        ?C?LNEG
  -------         ENDMOD        ?C?LNEG

  -------         MODULE        ?C?SLCMP
  C:0300H         PUBLIC        ?C?SLCMP
  -------         ENDMOD        ?C?SLCMP

  -------         MODULE        ?C?ULCMP
  C:0316H         PUBLIC        ?C?ULCMP
  -------         ENDMOD        ?C?ULCMP

  -------         MODULE        ?C?ULSHR
  C:0327H         PUBLIC        ?C?ULSHR
  -------         ENDMOD        ?C?ULSHR

  -------         MODULE        ?C?LSHL
  C:033AH         PUBLIC        ?C?LSHL
  -------         ENDMOD        ?C?LSHL

  -------         MODULE        ?C?LLDXDATA
  C:034DH         PUBLIC        ?C?LLDXDATA
  -------         ENDMOD        ?C?LLDXDATA

  -------         MODULE        ?C?LLDCODE
  C:0359H         PUBLIC        ?C?LLDCODE
  -------         ENDMOD        ?C?LLDCODE

  -------         MODULE        ?C?LLDXDATA0
  C:0369H         PUBLIC        ?C?LLDXDATA0
  -------         ENDMOD        ?C?LLDXDATA0

  -------         MODULE        ?C?LSTXDATA
  C:0375H         PUBLIC        ?C?LSTXDATA
BL51 BANKED LINKER/LOCATER V6.22.4.0                                                  08/15/2025  17:22:19  PAGE 59


  -------         ENDMOD        ?C?LSTXDATA

  -------         MODULE        ?C?LSTKXDATA
  C:0381H         PUBLIC        ?C?LSTKXDATA
  -------         ENDMOD        ?C?LSTKXDATA

  -------         MODULE        ?C?OFFXADD
  C:03B2H         PUBLIC        ?C?OFFXADD
  -------         ENDMOD        ?C?OFFXADD

  -------         MODULE        ?C?PLDXDATA
  C:03BEH         PUBLIC        ?C?PLDXDATA
  -------         ENDMOD        ?C?PLDXDATA

  -------         MODULE        ?C?PLDIXDATA
  C:03C7H         PUBLIC        ?C?PLDIXDATA
  -------         ENDMOD        ?C?PLDIXDATA

  -------         MODULE        ?C?PSTXDATA
  C:03DEH         PUBLIC        ?C?PSTXDATA
  -------         ENDMOD        ?C?PSTXDATA

  -------         MODULE        ?C?CCASE
  C:03E7H         PUBLIC        ?C?CCASE
  -------         ENDMOD        ?C?CCASE

  -------         MODULE        ?C?ICALL
  C:040DH         PUBLIC        ?C?ICALL
  C:0411H         PUBLIC        ?C?ICALL2
  -------         ENDMOD        ?C?ICALL

  -------         MODULE        ?C?MEMSET
  C:0413H         PUBLIC        ?C?MEMSET
  -------         ENDMOD        ?C?MEMSET

*** WARNING L16: UNCALLED SEGMENT, IGNORED FOR OVERLAY PROCESS
    SEGMENT: ?PR?TK_PARAM_INIT?TK_SET

*** WARNING L16: UNCALLED SEGMENT, IGNORED FOR OVERLAY PROCESS
    SEGMENT: ?PR?EEPROM_24CXX_CLEAR?IIC_SOFT

*** WARNING L16: UNCALLED SEGMENT, IGNORED FOR OVERLAY PROCESS
    SEGMENT: ?PR?__TK_MS_HANDLER?TK_LIB

*** WARNING L16: UNCALLED SEGMENT, IGNORED FOR OVERLAY PROCESS
    SEGMENT: ?PR?__TK_SCAN?TK_LIB

Program Size: data=73.1 xdata=1246 code=12873
LINK/LOCATE RUN COMPLETE.  4 WARNING(S),  0 ERROR(S)
