BL51 BANKED LINKER/LOCATER V6.22.4.0                                                    08/07/2025  18:02:30  PAGE 1


BL51 BANKED LINKER/LOCATER V6.22.4.0, INVOKED BY:
C:\KEIL_V5\C51\BIN\BL51.EXE .\Release\Objects\STARTUP.obj, .\Release\Objects\system.obj, ..\..\User\lib\tk_simplify_algo
>> rithm_V1.0.0.LIB, .\Release\Objects\tk_set.obj, .\Release\Objects\tmr1.obj, .\Release\Objects\tmr2.obj, .\Release\Obj
>> ects\uart0.obj, .\Release\Objects\adc.obj, .\Release\Objects\aip1302.obj, .\Release\Objects\key_driver.obj, .\Release
>> \Objects\iic_soft.obj, .\Release\Objects\main.obj, .\Release\Objects\fun_info.obj, .\Release\Objects\send_data.obj, .
>> \Release\Objects\pin_level_scan.obj, .\Release\Objects\speed_scan.obj, .\Release\Objects\engine_speed_scan.obj, .\Rel
>> ease\Objects\mileage.obj, .\Release\Objects\instruction.obj, .\Release\Objects\ad_key.obj, .\Release\Objects\fuel_cap
>> acity.obj, .\Release\Objects\temp_of_water.obj, .\Release\Objects\battery.obj, .\Release\Objects\touch_key.obj TO .\R
>> elease\Objects\Project PRINT (.\Release\Listings\Project.m51) RAMSIZE (256) CODE (0X0000-0X3EEF) XDATA (0X6000-0X66FF
>> )


MEMORY MODEL: LARGE


INPUT MODULES INCLUDED:
  .\Release\Objects\STARTUP.obj (?C_STARTUP)
  .\Release\Objects\system.obj (SYSTEM)
  .\Release\Objects\tk_set.obj (TK_SET)
  .\Release\Objects\tmr1.obj (TMR1)
  .\Release\Objects\tmr2.obj (TMR2)
  .\Release\Objects\uart0.obj (UART0)
  .\Release\Objects\adc.obj (ADC)
  .\Release\Objects\aip1302.obj (AIP1302)
  .\Release\Objects\key_driver.obj (KEY_DRIVER)
  .\Release\Objects\iic_soft.obj (IIC_SOFT)
  .\Release\Objects\main.obj (MAIN)
  .\Release\Objects\fun_info.obj (FUN_INFO)
  .\Release\Objects\send_data.obj (SEND_DATA)
  .\Release\Objects\pin_level_scan.obj (PIN_LEVEL_SCAN)
  .\Release\Objects\speed_scan.obj (SPEED_SCAN)
  .\Release\Objects\engine_speed_scan.obj (ENGINE_SPEED_SCAN)
  .\Release\Objects\mileage.obj (MILEAGE)
  .\Release\Objects\instruction.obj (INSTRUCTION)
  .\Release\Objects\ad_key.obj (AD_KEY)
  .\Release\Objects\fuel_capacity.obj (FUEL_CAPACITY)
  .\Release\Objects\temp_of_water.obj (TEMP_OF_WATER)
  .\Release\Objects\battery.obj (BATTERY)
  .\Release\Objects\touch_key.obj (TOUCH_KEY)
  ..\..\User\lib\tk_simplify_algorithm_V1.0.0.LIB (TK_LIB)
  C:\KEIL_V5\C51\LIB\C51L.LIB (?C_INIT)
  C:\KEIL_V5\C51\LIB\C51L.LIB (?C?COPY)
  C:\KEIL_V5\C51\LIB\C51L.LIB (?C?CLDPTR)
  C:\KEIL_V5\C51\LIB\C51L.LIB (?C?CLDOPTR)
  C:\KEIL_V5\C51\LIB\C51L.LIB (?C?CILDOPTR)
  C:\KEIL_V5\C51\LIB\C51L.LIB (?C?CSTPTR)
  C:\KEIL_V5\C51\LIB\C51L.LIB (?C?CSTOPTR)
  C:\KEIL_V5\C51\LIB\C51L.LIB (?C?IILDX)
  C:\KEIL_V5\C51\LIB\C51L.LIB (?C?ILDIX)
  C:\KEIL_V5\C51\LIB\C51L.LIB (?C?LADD)
  C:\KEIL_V5\C51\LIB\C51L.LIB (?C?LSUB)
  C:\KEIL_V5\C51\LIB\C51L.LIB (?C?LMUL)
  C:\KEIL_V5\C51\LIB\C51L.LIB (?C?ULDIV)
  C:\KEIL_V5\C51\LIB\C51L.LIB (?C?LNOT)
  C:\KEIL_V5\C51\LIB\C51L.LIB (?C?LNEG)
  C:\KEIL_V5\C51\LIB\C51L.LIB (?C?SLCMP)
  C:\KEIL_V5\C51\LIB\C51L.LIB (?C?ULCMP)
  C:\KEIL_V5\C51\LIB\C51L.LIB (?C?ULSHR)
BL51 BANKED LINKER/LOCATER V6.22.4.0                                                  08/07/2025  18:02:30  PAGE 2


  C:\KEIL_V5\C51\LIB\C51L.LIB (?C?LSHL)
  C:\KEIL_V5\C51\LIB\C51L.LIB (?C?LLDXDATA)
  C:\KEIL_V5\C51\LIB\C51L.LIB (?C?LLDCODE)
  C:\KEIL_V5\C51\LIB\C51L.LIB (?C?LLDXDATA0)
  C:\KEIL_V5\C51\LIB\C51L.LIB (?C?LSTXDATA)
  C:\KEIL_V5\C51\LIB\C51L.LIB (?C?LSTKXDATA)
  C:\KEIL_V5\C51\LIB\C51L.LIB (?C?OFFXADD)
  C:\KEIL_V5\C51\LIB\C51L.LIB (?C?PLDXDATA)
  C:\KEIL_V5\C51\LIB\C51L.LIB (?C?PLDIXDATA)
  C:\KEIL_V5\C51\LIB\C51L.LIB (?C?PSTXDATA)
  C:\KEIL_V5\C51\LIB\C51L.LIB (?C?PLDOPTR)
  C:\KEIL_V5\C51\LIB\C51L.LIB (?C?CCASE)
  C:\KEIL_V5\C51\LIB\C51L.LIB (?C?ICALL)
  C:\KEIL_V5\C51\LIB\C51L.LIB (?C?MEMSET)
  C:\KEIL_V5\C51\LIB\C51L.LIB (?C?PLDIDATA)
  C:\KEIL_V5\C51\LIB\C51L.LIB (?C?PLDPDATA)
  C:\KEIL_V5\C51\LIB\C51L.LIB (?C?PLDCODE)


LINK MAP OF MODULE:  .\Release\Objects\Project (?C_STARTUP)


            TYPE    BASE      LENGTH    RELOCATION   SEGMENT NAME
            -----------------------------------------------------

            * * * * * * *   D A T A   M E M O R Y   * * * * * * *
            REG     0000H     0008H     ABSOLUTE     "REG BANK 0"
            DATA    0008H     0004H     ABSOLUTE     
            DATA    000CH     0004H     ABSOLUTE     
            DATA    0010H     0004H     ABSOLUTE     
            DATA    0014H     0004H     ABSOLUTE     
            DATA    0018H     0004H     ABSOLUTE     
            DATA    001CH     0004H     ABSOLUTE     
            BIT     0020H.0   0002H.0   UNIT         ?BI?INSTRUCTION
            BIT     0022H.0   0000H.3   UNIT         ?BI?UART0
            BIT     0022H.3   0000H.2   UNIT         ?BI?TK_LIB
            BIT     0022H.5   0000H.1   UNIT         ?BI?TMR2
            BIT     0022H.6   0000H.1   UNIT         ?BI?SPEED_SCAN
            BIT     0022H.7   0000H.1   UNIT         ?BI?MILEAGE
            BIT     0023H.0   0000H.1   UNIT         _BIT_GROUP_
                    0023H.1   0000H.7                *** GAP ***
            DATA    0024H     0008H     UNIT         _DATA_GROUP_
                    002CH     0004H                  *** GAP ***
            DATA    0030H     0004H     ABSOLUTE     
            DATA    0034H     0004H     ABSOLUTE     
            DATA    0038H     0004H     ABSOLUTE     
            DATA    003CH     0004H     ABSOLUTE     
                    0040H     0010H                  *** GAP ***
            DATA    0050H     0002H     ABSOLUTE     
            DATA    0052H     0002H     ABSOLUTE     
            DATA    0054H     0002H     ABSOLUTE     
                    0056H     000AH                  *** GAP ***
            DATA    0060H     0001H     ABSOLUTE     
            DATA    0061H     0001H     ABSOLUTE     
            DATA    0062H     0001H     ABSOLUTE     
            DATA    0063H     0001H     ABSOLUTE     
            DATA    0064H     0001H     ABSOLUTE     
BL51 BANKED LINKER/LOCATER V6.22.4.0                                                  08/07/2025  18:02:30  PAGE 3


            DATA    0065H     0001H     ABSOLUTE     
            DATA    0066H     0001H     ABSOLUTE     
            IDATA   0067H     0001H     UNIT         ?STACK

            * * * * * * *  X D A T A   M E M O R Y  * * * * * * *
                    0000H     6000H                  *** GAP ***
            XDATA   6000H     0004H     ABSOLUTE     
            XDATA   6004H     0004H     ABSOLUTE     
            XDATA   6008H     0004H     ABSOLUTE     
            XDATA   600CH     0004H     UNIT         ?XD?KEY_DRIVER
            XDATA   6010H     0004H     ABSOLUTE     
            XDATA   6014H     0004H     ABSOLUTE     
            XDATA   6018H     0394H     UNIT         ?XD?TK_LIB
            XDATA   63ACH     0045H     UNIT         ?XD?AD_KEY
            XDATA   63F1H     003EH     UNIT         ?XD?UART0
            XDATA   642FH     0037H     UNIT         ?XD?IIC_SOFT
            XDATA   6466H     002EH     UNIT         ?XD?FUEL_CAPACITY
            XDATA   6494H     0024H     UNIT         ?XD?FUN_INFO
            XDATA   64B8H     0020H     UNIT         _XDATA_GROUP_
            XDATA   64D8H     0018H     UNIT         ?XD?TK_SET
            XDATA   64F0H     0015H     UNIT         ?XD?MILEAGE
            XDATA   6505H     0010H     UNIT         ?XD?SPEED_SCAN
            XDATA   6515H     0006H     UNIT         ?XD?INSTRUCTION
            XDATA   651BH     0003H     UNIT         ?XD?EEPROM_24CXX_CLEAR?IIC_SOFT
            XDATA   651EH     0002H     UNIT         ?XD?TMR2
            XDATA   6520H     0002H     UNIT         ?XD?ADC
            XDATA   6522H     0002H     UNIT         ?XD?PIN_LEVEL_SCAN
            XDATA   6524H     0002H     UNIT         ?XD?__TK_LIB_INIT?TK_LIB
            XDATA   6526H     0001H     UNIT         ?XD?___TK_MODE_CARRY_FUNC?TK_LIB

            * * * * * * *   C O D E   M E M O R Y   * * * * * * *
            CODE    0000H     0003H     ABSOLUTE     
            CODE    0003H     000CH     ABSOLUTE     
            CODE    000FH     0011H     UNIT         ?PR?TMR2
                    0020H     0001H                  *** GAP ***
            CODE    0021H     0003H     ABSOLUTE     
            CODE    0024H     0003H     ABSOLUTE     
            CODE    0027H     0024H     UNIT         ?PR?ADC_CONFIG?ADC
            CODE    004BH     0003H     ABSOLUTE     
            CODE    004EH     000FH     UNIT         ?PR?AD_KEY
            CODE    005DH     0003H     ABSOLUTE     
            CODE    0060H     04AFH     UNIT         ?C?LIB_CODE
            CODE    050FH     033FH     UNIT         ?PR?__TK_DATA_PROCESS?TK_LIB
            CODE    084EH     0252H     UNIT         ?PR?___TK_MODE_CARRY_FUNC?TK_LIB
            CODE    0AA0H     0206H     UNIT         ?PR?_SEND_DATA?SEND_DATA
            CODE    0CA6H     01CCH     UNIT         ?PR?INSTRUCTION_HANDLE?INSTRUCTION
            CODE    0E72H     01B9H     UNIT         ?PR?__TK_BUTTON_DECIDE?TK_LIB
            CODE    102BH     01B5H     UNIT         ?PR?___TK_LIB_I_ADJUST?TK_LIB
            CODE    11E0H     01A6H     UNIT         ?PR?EEPROM_DATA_SAVE?IIC_SOFT
            CODE    1386H     0193H     UNIT         ?PR?_KEY_DRIVER_SCAN?KEY_DRIVER
            CODE    1519H     0183H     UNIT         ?PR?_CONVERT_FUEL_ADC_TO_PERCENT?FUEL_CAPACITY
            CODE    169CH     0166H     UNIT         ?PR?INSTRUCTION_SCAN?INSTRUCTION
            CODE    1802H     013CH     UNIT         ?PR?TK_GPIO_CONFIG?TK_SET
            CODE    193EH     0120H     UNIT         ?PR?UART0_IRQHANDLER?UART0
            CODE    1A5EH     0112H     UNIT         ?PR?UART0_SCAN_HANDLE?UART0
            CODE    1B70H     010CH     UNIT         ?PR?MILEAGE_SCAN?MILEAGE
            CODE    1C7CH     00DCH     UNIT         ?PR?SYSTEM_INIT?SYSTEM
BL51 BANKED LINKER/LOCATER V6.22.4.0                                                  08/07/2025  18:02:30  PAGE 4


            CODE    1D58H     00D4H     UNIT         ?PR?ADC_GETVAL?ADC
            CODE    1E2CH     00D1H     UNIT         ?C_INITSEG
            CODE    1EFDH     00D0H     UNIT         ?PR?TIMR1_IRQHANDLER?TMR1
            CODE    1FCDH     00CDH     UNIT         ?PR?IIC_SOFT
            CODE    209AH     00CBH     UNIT         ?PR?SPEED_SCAN?SPEED_SCAN
            CODE    2165H     00BAH     UNIT         ?PR?AD_KEY_HANDLE?AD_KEY
            CODE    221FH     00AFH     UNIT         ?PR?_AIP1302_WRITE_BYTE?AIP1302
            CODE    22CEH     00A9H     UNIT         ?PR?TIMR2_IRQHANDLER?TMR2
            CODE    2377H     009BH     UNIT         ?PR?__TK_LIB_INIT?TK_LIB
            CODE    2412H     009AH     UNIT         ?C_C51STARTUP
            CODE    24ACH     0099H     UNIT         ?PR?FUEL_CAPACITY_SCAN?FUEL_CAPACITY
            CODE    2545H     0093H     UNIT         ?PR?__TK_BASELINE_INIT?TK_LIB
            CODE    25D8H     0092H     UNIT         ?PR?TK_PARAM_INIT?TK_SET
            CODE    266AH     0092H     UNIT         ?PR?___AIP1302_READ_BYTE?AIP1302
            CODE    26FCH     0090H     UNIT         ?PR?___AIP1302_WRITE_BYTE?AIP1302
            CODE    278CH     008EH     UNIT         ?PR?_IIC_EEPROM_READ?IIC_SOFT
            CODE    281AH     0084H     UNIT         ?PR?EEPROM_MENU_INIT?IIC_SOFT
            CODE    289EH     0084H     UNIT         ?PR?___TK_SET_NEXT_CH?TK_LIB
            CODE    2922H     007EH     UNIT         ?PR?__TK_BASELINE_UPDATE?TK_LIB
            CODE    29A0H     007EH     UNIT         ?PR?__TK_LONG_KEY_CLEAR?TK_LIB
            CODE    2A1EH     0077H     UNIT         ?PR?_IIC_EEPROM_WRITE?IIC_SOFT
            CODE    2A95H     0075H     UNIT         ?PR?__TK_HANDLER?TK_LIB
            CODE    2B0AH     0072H     UNIT         ?PR?PIN_LEVEL_SCAN?PIN_LEVEL_SCAN
            CODE    2B7CH     006EH     UNIT         ?PR?___AIP1302_CONVERT_READ_BYTE?AIP1302
            CODE    2BEAH     006CH     UNIT         ?PR?_GET_FILTERED_ADC?FUEL_CAPACITY
            CODE    2C56H     0062H     UNIT         ?PR?__TK_I_SOURCE_ADJUST?TK_LIB
            CODE    2CB8H     0060H     UNIT         ?PR?AIP1302_IS_RUNNING?AIP1302
            CODE    2D18H     005EH     UNIT         ?PR?FUN_INFO_INIT?FUN_INFO
            CODE    2D76H     0058H     UNIT         ?PR?AIP1302_CONFIG?AIP1302
            CODE    2DCEH     0053H     UNIT         ?PR?UART0
            CODE    2E21H     004FH     UNIT         ?PR?TK_INIT?TK_SET
            CODE    2E70H     004FH     UNIT         ?PR?_IIC_READ_BYTE?IIC_SOFT
            CODE    2EBFH     004CH     UNIT         ?PR?___CONVER_CUR_AD_TO_AD_KEY?AD_KEY
            CODE    2F0BH     0049H     UNIT         ?PR?FUEL_CAPACITY
            CODE    2F54H     0046H     UNIT         ?PR?AIP1302_READ_ALL?AIP1302
            CODE    2F9AH     0046H     UNIT         ?PR?_IIC_SEND_BYTE?IIC_SOFT
            CODE    2FE0H     0045H     UNIT         ?PR?TK_IRQHANDLER?TK_SET
            CODE    3025H     0045H     UNIT         ?PR?TMR2_CONFIG?TMR2
            CODE    306AH     0044H     UNIT         ?PR?MAIN?MAIN
            CODE    30AEH     0040H     UNIT         ?PR?TMR1_CONFIG?TMR1
            CODE    30EEH     0040H     UNIT         ?PR?INSTRUCTION
            CODE    312EH     003FH     UNIT         ?PR?AIP1302_UPDATE_TIME?AIP1302
            CODE    316DH     003EH     UNIT         ?PR?SEND_DATA
            CODE    31ABH     003DH     UNIT         ?PR?__TK_MODE_CONFIG?TK_LIB
            CODE    31E8H     003CH     UNIT         ?PR?EEPROM_24CXX_CLEAR?IIC_SOFT
            CODE    3224H     0039H     UNIT         ?PR?UPDATE_SPEED_SCAN_DATA?SPEED_SCAN
            CODE    325DH     0036H     UNIT         ?PR?IIC_WAIT_ACK?IIC_SOFT
            CODE    3293H     0036H     UNIT         ?PR?FUN_INFO
            CODE    32C9H     0035H     UNIT         ?PR?_EEPROM_24CXX_WRITE?IIC_SOFT
            CODE    32FEH     0035H     UNIT         ?PR?_EEPROM_24CXX_READ?IIC_SOFT
            CODE    3333H     0032H     UNIT         ?PR?PIN_LEVEL_SCAN_CONFIG?PIN_LEVEL_SCAN
            CODE    3365H     0032H     UNIT         ?PR?AD_KEY_GET_KEY_ID?AD_KEY
            CODE    3397H     0031H     UNIT         ?PR?USER_INIT?MAIN
            CODE    33C8H     0030H     UNIT         ?PR?MILEAGE
            CODE    33F8H     002EH     UNIT         ?PR?_ADC_SEL_PIN?ADC
            CODE    3426H     002EH     UNIT         ?PR?AIP1302
            CODE    3454H     002BH     UNIT         ?PR?UART0_CONFIG?UART0
BL51 BANKED LINKER/LOCATER V6.22.4.0                                                  08/07/2025  18:02:30  PAGE 5


            CODE    347FH     0023H     UNIT         ?PR?ADC_SINGLE_CONVERT?ADC
            CODE    34A2H     0023H     UNIT         ?PR?___AD_KEY_GET_EVENT?AD_KEY
            CODE    34C5H     0021H     UNIT         ?PR?KEY_DRIVER
            CODE    34E6H     0020H     UNIT         ?PR?__TK_SCAN?TK_LIB
            CODE    3506H     001EH     UNIT         ?CO?TK_SET
            CODE    3524H     001CH     UNIT         ?PR?IIC_STOP?IIC_SOFT
            CODE    3540H     001BH     UNIT         ?PR?_DELAY_MS?SYSTEM
            CODE    355BH     001BH     UNIT         ?PR?ADC
            CODE    3576H     001AH     UNIT         ?PR?_REVERSE_U8?AIP1302
            CODE    3590H     0019H     UNIT         ?PR?EEPROM_MENU_READ?IIC_SOFT
            CODE    35A9H     0019H     UNIT         ?PR?IIC_START?IIC_SOFT
            CODE    35C2H     0018H     UNIT         ?PR?TK_SET
            CODE    35DAH     0017H     UNIT         ?PR?IIC_CONFIG?IIC_SOFT
            CODE    35F1H     0016H     UNIT         ?PR?_AIP1302_READ_BYTE?AIP1302
            CODE    3607H     0016H     UNIT         ?PR?EEPROM_MENU_WRITE?IIC_SOFT
            CODE    361DH     0014H     UNIT         ?PR?IIC_ACK?IIC_SOFT
            CODE    3631H     0014H     UNIT         ?PR?IIC_NACK?IIC_SOFT
            CODE    3645H     0011H     UNIT         ?PR?_SAMPLES_INIT?FUEL_CAPACITY
            CODE    3656H     000DH     UNIT         ?PR?_UART0_SENDBYTE?UART0
            CODE    3663H     000DH     UNIT         ?PR?SPEED_SCAN_CONFIG?SPEED_SCAN
            CODE    3670H     000CH     UNIT         ?PR?SPEED_SCAN
            CODE    367CH     000BH     UNIT         ?PR?_DELAY?SYSTEM
            CODE    3687H     000AH     UNIT         ?PR?UART0_RECEIVE_TIMEOUT_ENABLE?UART0
            CODE    3691H     000AH     UNIT         ?PR?UART0_RECEIVE_TIMEOUT_DISABLE?UART0
            CODE    369BH     0007H     UNIT         ?PR?TMR1
            CODE    36A2H     0005H     UNIT         ?PR?__TK_MS_HANDLER?TK_LIB
            CODE    36A7H     0003H     UNIT         ?PR?FUN_INFO_SAVE?FUN_INFO



OVERLAY MAP OF MODULE:   .\Release\Objects\Project (?C_STARTUP)


SEGMENT                                             BIT_GROUP          DATA_GROUP          XDATA_GROUP
  +--> CALLED SEGMENT                            START    LENGTH     START    LENGTH     START    LENGTH
--------------------------------------------------------------------------------------------------------
?C_C51STARTUP                                    -----    -----      -----    -----      -----    -----
  +--> ?PR?MAIN?MAIN
  +--> ?C_INITSEG

?PR?MAIN?MAIN                                    -----    -----      -----    -----      -----    -----
  +--> ?PR?SYSTEM_INIT?SYSTEM
  +--> ?PR?USER_INIT?MAIN
  +--> ?PR?_DELAY_MS?SYSTEM
  +--> ?PR?_KEY_DRIVER_SCAN?KEY_DRIVER
  +--> ?PR?AD_KEY_HANDLE?AD_KEY
  +--> ?PR?PIN_LEVEL_SCAN?PIN_LEVEL_SCAN
  +--> ?PR?SPEED_SCAN?SPEED_SCAN
  +--> ?PR?MILEAGE_SCAN?MILEAGE
  +--> ?PR?FUEL_CAPACITY_SCAN?FUEL_CAPACITY
  +--> ?PR?UART0_SCAN_HANDLE?UART0
  +--> ?PR?INSTRUCTION_SCAN?INSTRUCTION
  +--> ?PR?INSTRUCTION_HANDLE?INSTRUCTION

?PR?SYSTEM_INIT?SYSTEM                           -----    -----      -----    -----      -----    -----
  +--> ?PR?_DELAY?SYSTEM
  +--> ?PR?_DELAY_MS?SYSTEM
BL51 BANKED LINKER/LOCATER V6.22.4.0                                                  08/07/2025  18:02:30  PAGE 6



?PR?_DELAY_MS?SYSTEM                             -----    -----      -----    -----      -----    -----
  +--> ?PR?_DELAY?SYSTEM

?PR?USER_INIT?MAIN                               -----    -----      -----    -----      -----    -----
  +--> ?PR?UART0_CONFIG?UART0
  +--> ?PR?PIN_LEVEL_SCAN_CONFIG?PIN_LEVEL_SCAN
  +--> ?PR?TMR1_CONFIG?TMR1
  +--> ?PR?SPEED_SCAN_CONFIG?SPEED_SCAN
  +--> ?PR?ADC_CONFIG?ADC
  +--> ?PR?AIP1302_CONFIG?AIP1302
  +--> ?PR?TMR2_CONFIG?TMR2
  +--> ?PR?IIC_CONFIG?IIC_SOFT
  +--> ?PR?FUN_INFO_INIT?FUN_INFO
  +--> ?PR?_DELAY_MS?SYSTEM

?PR?ADC_CONFIG?ADC                               -----    -----      -----    -----      -----    -----
  +--> ?PR?ADC

?PR?AIP1302_CONFIG?AIP1302                       -----    -----      -----    -----      -----    -----
  +--> ?PR?AIP1302
  +--> ?PR?AIP1302_IS_RUNNING?AIP1302
  +--> ?PR?_AIP1302_WRITE_BYTE?AIP1302
  +--> ?PR?AIP1302_READ_ALL?AIP1302

?PR?AIP1302_IS_RUNNING?AIP1302                   -----    -----      -----    -----      -----    -----
  +--> ?PR?AIP1302_READ_ALL?AIP1302

?PR?AIP1302_READ_ALL?AIP1302                     -----    -----      -----    -----      -----    -----
  +--> ?PR?_AIP1302_READ_BYTE?AIP1302

?PR?_AIP1302_READ_BYTE?AIP1302                   -----    -----      -----    -----      64B8H    0001H
  +--> ?PR?___AIP1302_READ_BYTE?AIP1302
  +--> ?PR?___AIP1302_CONVERT_READ_BYTE?AIP1302

?PR?___AIP1302_READ_BYTE?AIP1302                 -----    -----      -----    -----      64B9H    0003H
  +--> ?PR?AIP1302
  +--> ?PR?_DELAY?SYSTEM

?PR?___AIP1302_CONVERT_READ_BYTE?AIP1302         -----    -----      -----    -----      64B9H    0003H
  +--> ?PR?_REVERSE_U8?AIP1302

?PR?_AIP1302_WRITE_BYTE?AIP1302                  -----    -----      -----    -----      64BFH    0004H
  +--> ?PR?___AIP1302_WRITE_BYTE?AIP1302

?PR?___AIP1302_WRITE_BYTE?AIP1302                -----    -----      -----    -----      64C3H    0003H
  +--> ?PR?AIP1302
  +--> ?PR?_DELAY?SYSTEM

?PR?IIC_CONFIG?IIC_SOFT                          -----    -----      -----    -----      -----    -----
  +--> ?PR?IIC_SOFT

?PR?FUN_INFO_INIT?FUN_INFO                       -----    -----      -----    -----      64B8H    0005H
  +--> ?PR?EEPROM_MENU_INIT?IIC_SOFT
  +--> ?PR?FUN_INFO
  +--> ?PR?_EEPROM_24CXX_READ?IIC_SOFT

BL51 BANKED LINKER/LOCATER V6.22.4.0                                                  08/07/2025  18:02:30  PAGE 7


?PR?EEPROM_MENU_INIT?IIC_SOFT                    -----    -----      -----    -----      -----    -----
  +--> ?PR?EEPROM_MENU_READ?IIC_SOFT
  +--> ?PR?IIC_SOFT
  +--> ?PR?_EEPROM_24CXX_WRITE?IIC_SOFT
  +--> ?PR?EEPROM_MENU_WRITE?IIC_SOFT

?PR?EEPROM_MENU_READ?IIC_SOFT                    -----    -----      -----    -----      -----    -----
  +--> ?PR?IIC_SOFT
  +--> ?PR?_EEPROM_24CXX_READ?IIC_SOFT

?PR?_EEPROM_24CXX_READ?IIC_SOFT                  -----    -----      -----    -----      64BFH    0008H
  +--> ?PR?IIC_SOFT
  +--> ?PR?_IIC_EEPROM_READ?IIC_SOFT

?PR?_IIC_EEPROM_READ?IIC_SOFT                    -----    -----      -----    -----      64C7H    0007H
  +--> ?PR?IIC_SOFT
  +--> ?PR?IIC_START?IIC_SOFT
  +--> ?PR?_IIC_SEND_BYTE?IIC_SOFT
  +--> ?PR?IIC_WAIT_ACK?IIC_SOFT
  +--> ?PR?_DELAY?SYSTEM
  +--> ?PR?_IIC_READ_BYTE?IIC_SOFT
  +--> ?PR?IIC_STOP?IIC_SOFT

?PR?IIC_START?IIC_SOFT                           -----    -----      -----    -----      -----    -----
  +--> ?PR?IIC_SOFT
  +--> ?PR?_DELAY?SYSTEM

?PR?_IIC_SEND_BYTE?IIC_SOFT                      -----    -----      -----    -----      64CEH    0002H
  +--> ?PR?IIC_SOFT
  +--> ?PR?_DELAY?SYSTEM

?PR?IIC_WAIT_ACK?IIC_SOFT                        -----    -----      -----    -----      64CEH    0001H
  +--> ?PR?IIC_SOFT
  +--> ?PR?_DELAY?SYSTEM
  +--> ?PR?IIC_STOP?IIC_SOFT

?PR?IIC_STOP?IIC_SOFT                            -----    -----      -----    -----      -----    -----
  +--> ?PR?IIC_SOFT
  +--> ?PR?_DELAY?SYSTEM

?PR?_IIC_READ_BYTE?IIC_SOFT                      -----    -----      -----    -----      64CEH    0003H
  +--> ?PR?IIC_SOFT
  +--> ?PR?_DELAY?SYSTEM
  +--> ?PR?IIC_NACK?IIC_SOFT
  +--> ?PR?IIC_ACK?IIC_SOFT

?PR?IIC_NACK?IIC_SOFT                            -----    -----      -----    -----      -----    -----
  +--> ?PR?IIC_SOFT
  +--> ?PR?_DELAY?SYSTEM

?PR?IIC_ACK?IIC_SOFT                             -----    -----      -----    -----      -----    -----
  +--> ?PR?IIC_SOFT
  +--> ?PR?_DELAY?SYSTEM

?PR?_EEPROM_24CXX_WRITE?IIC_SOFT                 -----    -----      -----    -----      64BFH    0008H
  +--> ?PR?IIC_SOFT
  +--> ?PR?_IIC_EEPROM_WRITE?IIC_SOFT
BL51 BANKED LINKER/LOCATER V6.22.4.0                                                  08/07/2025  18:02:30  PAGE 8



?PR?_IIC_EEPROM_WRITE?IIC_SOFT                   -----    -----      -----    -----      64C7H    0007H
  +--> ?PR?IIC_SOFT
  +--> ?PR?IIC_START?IIC_SOFT
  +--> ?PR?_IIC_SEND_BYTE?IIC_SOFT
  +--> ?PR?IIC_WAIT_ACK?IIC_SOFT
  +--> ?PR?_DELAY?SYSTEM
  +--> ?PR?IIC_STOP?IIC_SOFT

?PR?EEPROM_MENU_WRITE?IIC_SOFT                   -----    -----      -----    -----      -----    -----
  +--> ?PR?IIC_SOFT
  +--> ?PR?_EEPROM_24CXX_WRITE?IIC_SOFT

?PR?_KEY_DRIVER_SCAN?KEY_DRIVER                  -----    -----      -----    -----      64B8H    0002H
  +--> ?PR?KEY_DRIVER

?PR?AD_KEY_HANDLE?AD_KEY                         -----    -----      -----    -----      -----    -----
  +--> ?PR?___AD_KEY_GET_EVENT?AD_KEY
  +--> ?PR?_SEND_DATA?SEND_DATA

?PR?___AD_KEY_GET_EVENT?AD_KEY                   -----    -----      -----    -----      -----    -----
  +--> ?PR?AD_KEY

?PR?_SEND_DATA?SEND_DATA                         -----    -----      -----    -----      64B8H    0009H
  +--> ?PR?_UART0_SENDBYTE?UART0
  +--> ?PR?SEND_DATA
  +--> ?PR?_DELAY_MS?SYSTEM

?PR?SPEED_SCAN?SPEED_SCAN                        -----    -----      -----    -----      64B8H    0008H
  +--> ?PR?SPEED_SCAN

?PR?MILEAGE_SCAN?MILEAGE                         -----    -----      -----    -----      -----    -----
  +--> ?PR?FUN_INFO_SAVE?FUN_INFO
  +--> ?PR?MILEAGE

?PR?FUN_INFO_SAVE?FUN_INFO                       -----    -----      -----    -----      -----    -----
  +--> ?PR?EEPROM_DATA_SAVE?IIC_SOFT

?PR?EEPROM_DATA_SAVE?IIC_SOFT                    -----    -----      -----    -----      64B8H    0007H
  +--> ?PR?EEPROM_MENU_READ?IIC_SOFT
  +--> ?PR?IIC_SOFT
  +--> ?PR?_EEPROM_24CXX_READ?IIC_SOFT
  +--> ?PR?_EEPROM_24CXX_WRITE?IIC_SOFT
  +--> ?PR?EEPROM_MENU_WRITE?IIC_SOFT

?PR?FUEL_CAPACITY_SCAN?FUEL_CAPACITY             -----    -----      -----    -----      64B8H    0003H
  +--> ?PR?_ADC_SEL_PIN?ADC
  +--> ?PR?_GET_FILTERED_ADC?FUEL_CAPACITY
  +--> ?PR?FUEL_CAPACITY
  +--> ?PR?_SAMPLES_INIT?FUEL_CAPACITY
  +--> ?PR?_CONVERT_FUEL_ADC_TO_PERCENT?FUEL...
  +--> ?PR?ADC_GETVAL?ADC

?PR?_ADC_SEL_PIN?ADC                             -----    -----      -----    -----      -----    -----
  +--> ?PR?ADC
  +--> ?PR?_DELAY_MS?SYSTEM

BL51 BANKED LINKER/LOCATER V6.22.4.0                                                  08/07/2025  18:02:30  PAGE 9


?PR?_GET_FILTERED_ADC?FUEL_CAPACITY              -----    -----      -----    -----      64BBH    0005H
  +--> ?PR?FUEL_CAPACITY

?PR?_SAMPLES_INIT?FUEL_CAPACITY                  -----    -----      -----    -----      -----    -----
  +--> ?PR?FUEL_CAPACITY

?PR?_CONVERT_FUEL_ADC_TO_PERCENT?FUEL...         -----    -----      -----    -----      64BBH    0002H
  +--> ?PR?FUEL_CAPACITY

?PR?ADC_GETVAL?ADC                               -----    -----      -----    -----      64BBH    000BH
  +--> ?PR?ADC_SINGLE_CONVERT?ADC
  +--> ?PR?ADC

?PR?UART0_SCAN_HANDLE?UART0                      0023H.0  0000H.1    -----    -----      64B8H    0003H
  +--> ?PR?UART0_RECEIVE_TIMEOUT_DISABLE?UART0
  +--> ?PR?UART0

?PR?INSTRUCTION_SCAN?INSTRUCTION                 -----    -----      -----    -----      64B8H    0001H
  +--> ?PR?INSTRUCTION

?PR?INSTRUCTION_HANDLE?INSTRUCTION               -----    -----      -----    -----      -----    -----
  +--> ?PR?INSTRUCTION
  +--> ?PR?_SEND_DATA?SEND_DATA
  +--> ?PR?AIP1302_READ_ALL?AIP1302
  +--> ?PR?AIP1302_UPDATE_TIME?AIP1302
  +--> ?PR?FUN_INFO_SAVE?FUN_INFO

?PR?AIP1302_UPDATE_TIME?AIP1302                  -----    -----      -----    -----      64B8H    0007H
  +--> ?PR?_AIP1302_WRITE_BYTE?AIP1302

?C_INITSEG                                       -----    -----      -----    -----      -----    -----
  +--> ?PR?AD_KEY_GET_KEY_ID?AD_KEY

?PR?AD_KEY_GET_KEY_ID?AD_KEY                     -----    -----      -----    -----      64B8H    0002H
  +--> ?PR?_ADC_SEL_PIN?ADC
  +--> ?PR?ADC_SINGLE_CONVERT?ADC
  +--> ?PR?___CONVER_CUR_AD_TO_AD_KEY?AD_KEY

?PR?___CONVER_CUR_AD_TO_AD_KEY?AD_KEY            -----    -----      -----    -----      64BAH    0002H

*** NEW ROOT ***************************************************

?PR?TK_IRQHANDLER?TK_SET                         -----    -----      -----    -----      -----    -----
  +--> ?PR?__TK_HANDLER?TK_LIB

?PR?__TK_HANDLER?TK_LIB                          -----    -----      -----    -----      -----    -----
  +--> ?CO?TK_SET
  +--> ?PR?__TK_MODE_CONFIG?TK_LIB
  +--> ?PR?__TK_I_SOURCE_ADJUST?TK_LIB
  +--> ?PR?__TK_BASELINE_INIT?TK_LIB
  +--> ?PR?___TK_SET_NEXT_CH?TK_LIB

?PR?__TK_MODE_CONFIG?TK_LIB                      -----    -----      -----    -----      -----    -----
  +--> ?PR?___TK_SET_NEXT_CH?TK_LIB

?PR?__TK_I_SOURCE_ADJUST?TK_LIB                  -----    -----      -----    -----      64D1H    0001H
  +--> ?CO?TK_SET
BL51 BANKED LINKER/LOCATER V6.22.4.0                                                  08/07/2025  18:02:30  PAGE 10


  +--> ?PR?___TK_LIB_I_ADJUST?TK_LIB
  +--> ?PR?__TK_MODE_CONFIG?TK_LIB
  +--> ?PR?___TK_SET_NEXT_CH?TK_LIB

?PR?___TK_LIB_I_ADJUST?TK_LIB                    -----    -----      0024H    0008H      64D2H    0005H
  +--> ?CO?TK_SET

?PR?__TK_BASELINE_INIT?TK_LIB                    -----    -----      -----    -----      -----    -----
  +--> ?CO?TK_SET
  +--> ?PR?___TK_SET_NEXT_CH?TK_LIB

*** NEW ROOT ***************************************************

?PR?TIMR1_IRQHANDLER?TMR1                        -----    -----      -----    -----      -----    -----
  +--> ?PR?TMR1

*** NEW ROOT ***************************************************

?PR?TIMR2_IRQHANDLER?TMR2                        -----    -----      -----    -----      -----    -----
  +--> ?PR?TMR2
  +--> ?PR?UPDATE_SPEED_SCAN_DATA?SPEED_SCAN

?PR?UPDATE_SPEED_SCAN_DATA?SPEED_SCAN            -----    -----      -----    -----      -----    -----
  +--> ?PR?SPEED_SCAN

*** NEW ROOT ***************************************************

?PR?UART0_IRQHANDLER?UART0                       -----    -----      -----    -----      64D7H    0001H
  +--> ?PR?UART0
  +--> ?PR?UART0_RECEIVE_TIMEOUT_ENABLE?UART0
  +--> ?PR?UART0_RECEIVE_TIMEOUT_DISABLE?UART0



SYMBOL TABLE OF MODULE:  .\Release\Objects\Project (?C_STARTUP)

  VALUE           TYPE          NAME
  ----------------------------------

  -------         MODULE        ?C_STARTUP
  C:2412H         SEGMENT       ?C_C51STARTUP
  I:0067H         SEGMENT       ?STACK
  C:0000H         PUBLIC        ?C_STARTUP
  D:00E0H         SYMBOL        ACC
  D:00F0H         SYMBOL        B
  D:0083H         SYMBOL        DPH
  D:0082H         SYMBOL        DPL
  N:0000H         SYMBOL        IBPSTACK
  N:0100H         SYMBOL        IBPSTACKTOP
  N:0080H         SYMBOL        IDATALEN
  C:2415H         SYMBOL        IDATALOOP
  N:0000H         SYMBOL        PBPSTACK
  N:0100H         SYMBOL        PBPSTACKTOP
  N:0000H         SYMBOL        PDATALEN
  N:0000H         SYMBOL        PDATASTART
  N:0000H         SYMBOL        PPAGE
  N:0000H         SYMBOL        PPAGEENABLE
BL51 BANKED LINKER/LOCATER V6.22.4.0                                                  08/07/2025  18:02:30  PAGE 11


  D:00A0H         SYMBOL        PPAGE_SFR
  D:0081H         SYMBOL        SP
  C:2412H         SYMBOL        STARTUP1
  N:0000H         SYMBOL        XBPSTACK
  N:0000H         SYMBOL        XBPSTACKTOP
  N:0700H         SYMBOL        XDATALEN
  C:2420H         SYMBOL        XDATALOOP
  N:6000H         SYMBOL        XDATASTART
  C:0000H         LINE#         126
  C:2412H         LINE#         133
  C:2414H         LINE#         134
  C:2415H         LINE#         135
  C:2416H         LINE#         136
  C:2418H         LINE#         140
  C:241BH         LINE#         141
  C:241DH         LINE#         145
  C:241FH         LINE#         147
  C:2420H         LINE#         148
  C:2421H         LINE#         149
  C:2422H         LINE#         150
  C:2424H         LINE#         151
  C:2426H         LINE#         185
  C:2429H         LINE#         196
  -------         ENDMOD        ?C_STARTUP

  -------         MODULE        SYSTEM
  C:0000H         SYMBOL        _ICE_DUMMY_
  D:00D9H         PUBLIC        WDT_KEY
  D:00A7H         PUBLIC        FLASH_TIMEREG0
  D:00ACH         PUBLIC        FLASH_TIMEREG1
  C:367CH         PUBLIC        _delay
  C:3540H         PUBLIC        _delay_ms
  C:1C7CH         PUBLIC        system_init
  -------         PROC          _DELAY
  D:0006H         SYMBOL        cnt
  C:367CH         LINE#         37
  C:367CH         LINE#         38
  C:367CH         LINE#         39
  C:3686H         LINE#         40
  C:3686H         LINE#         41
  C:3686H         LINE#         42
  -------         ENDPROC       _DELAY
  -------         PROC          _DELAY_MS
  D:0002H         SYMBOL        ms
  C:3540H         LINE#         49
  C:3544H         LINE#         50
  C:3544H         LINE#         51
  C:354EH         LINE#         52
  C:354EH         LINE#         53
  C:3555H         LINE#         54
  C:3558H         LINE#         55
  C:355AH         LINE#         56
  -------         ENDPROC       _DELAY_MS
  -------         PROC          SYSTEM_INIT
  -------         DO            
  D:0007H         SYMBOL        i
  -------         ENDDO         
BL51 BANKED LINKER/LOCATER V6.22.4.0                                                  08/07/2025  18:02:30  PAGE 12


  C:1C7CH         LINE#         63
  C:1C7CH         LINE#         64
  C:1C7CH         LINE#         67
  C:1C83H         LINE#         68
  C:1C90H         LINE#         69
  C:1C93H         LINE#         72
  C:1C96H         LINE#         73
  C:1C9CH         LINE#         74
  C:1CA2H         LINE#         75
  C:1CA8H         LINE#         76
  C:1CAEH         LINE#         77
  C:1CB5H         LINE#         81
  C:1CB7H         LINE#         82
  C:1CB7H         LINE#         83
  C:1CC4H         LINE#         84
  C:1CC9H         LINE#         86
  C:1D57H         LINE#         87
  -------         ENDPROC       SYSTEM_INIT
  -------         ENDMOD        SYSTEM

  -------         MODULE        TK_SET
  C:0000H         SYMBOL        _ICE_DUMMY_
  D:00A8H         PUBLIC        IE0
  D:00A9H         PUBLIC        IE1
  D:00AAH         PUBLIC        IE2
  D:00ABH         PUBLIC        IE3
  B:00A8H.7       PUBLIC        IE_EA
  D:00B8H         PUBLIC        IP0
  D:00B1H         PUBLIC        IP1
  D:00B2H         PUBLIC        IP2
  D:00B3H         PUBLIC        IP3
  D:00B4H         PUBLIC        IP4
  D:00B5H         PUBLIC        IP5
  D:00B6H         PUBLIC        IP6
  D:00B7H         PUBLIC        IP7
  C:25D8H         PUBLIC        tk_param_init
  X:64D8H         PUBLIC        __tk_update_cnt
  X:64DAH         PUBLIC        __tk_confirm_cnt
  X:64DCH         PUBLIC        __tk_leave_cnt
  X:64DEH         PUBLIC        __tk_ch_index
  X:64E0H         PUBLIC        __tk_ch_fth
  X:64E4H         PUBLIC        __tk_i_set
  X:6000H         PUBLIC        __tk_ch_data_0
  X:6004H         PUBLIC        __tk_ch_data_1
  X:6008H         PUBLIC        __tk_ch_data_2
  X:6010H         PUBLIC        __tk_ch_data_3
  X:6014H         PUBLIC        __tk_ch_data_4
  X:64E8H         PUBLIC        __tk_ch_data_5
  X:64ECH         PUBLIC        __tk_ch_data_6
  C:3506H         PUBLIC        __tk_adjust_line
  C:350AH         PUBLIC        __tk_adjust_time
  C:350CH         PUBLIC        __tk_adjust_diff_valu
  C:350EH         PUBLIC        __tk_adjust_en
  C:350FH         PUBLIC        __tk_valid_time
  C:3511H         PUBLIC        __tk_long_key_time
  C:351BH         PUBLIC        __tk_use_num
  C:3515H         PUBLIC        __tk_cs_en
BL51 BANKED LINKER/LOCATER V6.22.4.0                                                  08/07/2025  18:02:30  PAGE 13


  C:3517H         PUBLIC        __tk_nm_num
  C:3516H         PUBLIC        __tk_tp_en
  C:3518H         PUBLIC        __tk_base_update_cnt
  C:351AH         PUBLIC        __tk_cm_valu
  C:3513H         PUBLIC        __tk_noise_value
  C:3519H         PUBLIC        __tk_nm_cm_value
  C:351CH         SYMBOL        TK_CH_EN_BUG
  C:1802H         PUBLIC        tk_gpio_config
  C:2FE0H         PUBLIC        TK_IRQHandler
  C:2E21H         PUBLIC        tk_init
  C:35C2H         SYMBOL        Com0055
  C:35C2H         SYMBOL        L?0086
  C:35C2H         SYMBOL        L?0087
  C:35C4H         SYMBOL        L?0088
  C:35C7H         SYMBOL        L?0089
  C:35D0H         SYMBOL        L?0090
  C:35D2H         SYMBOL        L?0091
  -------         PROC          COM0055
  -------         ENDPROC       COM0055
  -------         PROC          TK_GPIO_CONFIG
  -------         DO            
  D:0007H         SYMBOL        i
  -------         ENDDO         
  C:1802H         LINE#         262
  C:1802H         LINE#         263
  C:1802H         LINE#         264
  C:1804H         LINE#         266
  C:1804H         LINE#         267
  C:1804H         LINE#         269
  C:180CH         LINE#         270
  C:180CH         LINE#         271
  C:1814H         LINE#         272
  C:1814H         LINE#         273
  C:1829H         LINE#         274
  C:1839H         LINE#         275
  C:183CH         LINE#         277
  C:183CH         LINE#         278
  C:1851H         LINE#         279
  C:1861H         LINE#         280
  C:1861H         LINE#         281
  C:1864H         LINE#         282
  C:1874H         LINE#         283
  C:1874H         LINE#         284
  C:187CH         LINE#         285
  C:187CH         LINE#         286
  C:1893H         LINE#         287
  C:18A5H         LINE#         288
  C:18A8H         LINE#         290
  C:18A8H         LINE#         291
  C:18BFH         LINE#         292
  C:18D1H         LINE#         293
  C:18D1H         LINE#         294
  C:18D4H         LINE#         296
  C:18D4H         LINE#         297
  C:18DCH         LINE#         298
  C:18DCH         LINE#         299
  C:18F3H         LINE#         300
BL51 BANKED LINKER/LOCATER V6.22.4.0                                                  08/07/2025  18:02:30  PAGE 14


  C:1905H         LINE#         301
  C:1907H         LINE#         303
  C:1907H         LINE#         304
  C:191EH         LINE#         305
  C:1934H         LINE#         306
  C:1934H         LINE#         307
  C:1934H         LINE#         308
  C:193DH         LINE#         309
  -------         ENDPROC       TK_GPIO_CONFIG
  -------         PROC          TK_IRQHANDLER
  C:2FE0H         LINE#         316
  C:2FFDH         LINE#         318
  C:2FFDH         LINE#         319
  C:3003H         LINE#         320
  C:3003H         LINE#         321
  C:3007H         LINE#         322
  C:300AH         LINE#         323
  C:300AH         LINE#         324
  C:300AH         LINE#         325
  -------         ENDPROC       TK_IRQHANDLER
  -------         PROC          TK_INIT
  C:2E21H         LINE#         332
  C:2E21H         LINE#         333
  C:2E21H         LINE#         334
  C:2E23H         LINE#         335
  C:2E26H         LINE#         336
  C:2E29H         LINE#         337
  C:2E30H         LINE#         338
  C:2E33H         LINE#         339
  C:2E38H         LINE#         340
  C:2E3CH         LINE#         341
  C:2E41H         LINE#         342
  C:2E45H         LINE#         343
  C:2E4AH         LINE#         344
  C:2E4EH         LINE#         345
  C:2E53H         LINE#         346
  C:2E57H         LINE#         347
  C:2E5AH         LINE#         348
  C:2E5CH         LINE#         349
  C:2E5EH         LINE#         350
  C:2E63H         LINE#         351
  C:2E67H         LINE#         352
  C:2E6BH         LINE#         353
  C:2E6FH         LINE#         354
  -------         ENDPROC       TK_INIT
  -------         PROC          TK_PARAM_INIT
  -------         DO            
  D:0003H         SYMBOL        i
  -------         ENDDO         
  C:25D8H         LINE#         403
  C:25D8H         LINE#         404
  C:25D8H         LINE#         405
  C:25DAH         LINE#         408
  C:25DAH         LINE#         409
  C:25DAH         LINE#         410
  C:25F8H         LINE#         411
  C:261EH         LINE#         412
BL51 BANKED LINKER/LOCATER V6.22.4.0                                                  08/07/2025  18:02:30  PAGE 15


  C:2630H         LINE#         413
  C:2658H         LINE#         414
  C:2661H         LINE#         417
  C:2664H         LINE#         420
  C:2667H         LINE#         423
  -------         ENDPROC       TK_PARAM_INIT
  -------         ENDMOD        TK_SET

  -------         MODULE        TMR1
  C:0000H         SYMBOL        _ICE_DUMMY_
  D:00A8H         PUBLIC        IE0
  D:00A9H         PUBLIC        IE1
  D:00AAH         PUBLIC        IE2
  D:00ABH         PUBLIC        IE3
  B:00A8H.7       PUBLIC        IE_EA
  D:00B8H         PUBLIC        IP0
  D:00B1H         PUBLIC        IP1
  D:00B2H         PUBLIC        IP2
  D:00B3H         PUBLIC        IP3
  D:00B4H         PUBLIC        IP4
  D:00B5H         PUBLIC        IP5
  D:00B6H         PUBLIC        IP6
  D:00B7H         PUBLIC        IP7
  D:00D1H         PUBLIC        TMR_ALLCON
  C:30AEH         PUBLIC        tmr1_config
  C:1EFDH         PUBLIC        TIMR1_IRQHandler
  C:369BH         SYMBOL        Com0046
  C:369BH         SYMBOL        L?0071
  C:369BH         SYMBOL        L?0072
  -------         PROC          COM0046
  -------         ENDPROC       COM0046
  -------         PROC          TMR1_CONFIG
  C:30AEH         LINE#         15
  C:30AEH         LINE#         16
  C:30AEH         LINE#         17
  C:30B4H         LINE#         18
  C:30B7H         LINE#         19
  C:30B9H         LINE#         21
  C:30BCH         LINE#         23
  C:30C2H         LINE#         24
  C:30C6H         LINE#         25
  C:30CAH         LINE#         26
  C:30CEH         LINE#         28
  C:30D3H         LINE#         29
  C:30D7H         LINE#         32
  C:30DCH         LINE#         33
  C:30E0H         LINE#         39
  C:30E6H         LINE#         40
  C:30EAH         LINE#         42
  C:30EDH         LINE#         44
  -------         ENDPROC       TMR1_CONFIG
  -------         PROC          TIMR1_IRQHANDLER
  C:1EFDH         LINE#         47
  C:1F1AH         LINE#         50
  C:1F1AH         LINE#         55
  C:1F23H         LINE#         56
  C:1F23H         LINE#         57
BL51 BANKED LINKER/LOCATER V6.22.4.0                                                  08/07/2025  18:02:30  PAGE 16


  C:1F27H         LINE#         65
  C:1F2AH         LINE#         66
  C:1F2AH         LINE#         67
  C:1F30H         LINE#         68
  C:1F30H         LINE#         73
  C:1F30H         LINE#         74
  C:1F36H         LINE#         75
  C:1F36H         LINE#         87
  C:1F36H         LINE#         88
  C:1F3CH         LINE#         89
  C:1F3CH         LINE#         106
  C:1F53H         LINE#         107
  C:1F53H         LINE#         108
  C:1F59H         LINE#         110
  C:1F59H         LINE#         114
  C:1F59H         LINE#         115
  C:1F72H         LINE#         117
  C:1F72H         LINE#         121
  C:1F72H         LINE#         122
  C:1F78H         LINE#         124
  C:1F87H         LINE#         125
  C:1F87H         LINE#         127
  C:1F8BH         LINE#         128
  C:1F8FH         LINE#         129
  C:1F8FH         LINE#         130
  C:1F8FH         LINE#         148
  C:1F8FH         LINE#         150
  C:1F95H         LINE#         152
  C:1FA4H         LINE#         153
  C:1FA4H         LINE#         155
  C:1FA8H         LINE#         156
  C:1FACH         LINE#         157
  C:1FACH         LINE#         158
  C:1FACH         LINE#         161
  C:1FACH         LINE#         162
  C:1FB2H         LINE#         163
  C:1FB2H         LINE#         196
  C:1FB2H         LINE#         200
  C:1FB2H         LINE#         201
  -------         ENDPROC       TIMR1_IRQHANDLER
  -------         ENDMOD        TMR1

  -------         MODULE        TMR2
  C:0000H         SYMBOL        _ICE_DUMMY_
  D:00A8H         PUBLIC        IE0
  D:00A9H         PUBLIC        IE1
  D:00AAH         PUBLIC        IE2
  D:00ABH         PUBLIC        IE3
  B:00A8H.7       PUBLIC        IE_EA
  D:00B8H         PUBLIC        IP0
  D:00B1H         PUBLIC        IP1
  D:00B2H         PUBLIC        IP2
  D:00B3H         PUBLIC        IP3
  D:00B4H         PUBLIC        IP4
  D:00B5H         PUBLIC        IP5
  D:00B6H         PUBLIC        IP6
  D:00B7H         PUBLIC        IP7
BL51 BANKED LINKER/LOCATER V6.22.4.0                                                  08/07/2025  18:02:30  PAGE 17


  B:0090H.5       PUBLIC        P15
  D:00D1H         PUBLIC        TMR_ALLCON
  C:3025H         PUBLIC        tmr2_config
  C:22CEH         PUBLIC        TIMR2_IRQHandler
  C:000FH         SYMBOL        Com0047
  C:000FH         SYMBOL        L?0072
  -------         PROC          COM0047
  -------         ENDPROC       COM0047
  -------         PROC          TMR2_CONFIG
  C:3025H         LINE#         14
  C:3025H         LINE#         15
  C:3025H         LINE#         16
  C:302BH         LINE#         17
  C:302EH         LINE#         18
  C:3030H         LINE#         21
  C:3033H         LINE#         23
  C:303AH         LINE#         24
  C:303CH         LINE#         25
  C:3040H         LINE#         26
  C:3044H         LINE#         29
  C:304AH         LINE#         30
  C:3050H         LINE#         34
  C:3057H         LINE#         35
  C:305BH         LINE#         37
  C:3062H         LINE#         38
  C:3066H         LINE#         40
  C:3069H         LINE#         41
  -------         ENDPROC       TMR2_CONFIG
  -------         PROC          TIMR2_IRQHANDLER
  -------         DO            
  B:0022H.5       SYMBOL        last_speed_scan_level
  -------         DO            
  X:651EH         SYMBOL        cnt
  -------         ENDDO         
  -------         ENDDO         
  C:22CEH         LINE#         77
  C:22EBH         LINE#         93
  C:22EBH         LINE#         98
  C:22F2H         LINE#         99
  C:22F2H         LINE#         100
  C:22F6H         LINE#         145
  C:22F6H         LINE#         147
  C:2300H         LINE#         148
  C:230FH         LINE#         149
  C:230FH         LINE#         150
  C:2313H         LINE#         151
  C:231FH         LINE#         154
  C:2335H         LINE#         156
  C:2335H         LINE#         157
  C:233FH         LINE#         158
  C:2341H         LINE#         159
  C:2341H         LINE#         160
  C:2341H         LINE#         161
  C:2341H         LINE#         163
  C:2344H         LINE#         164
  C:2344H         LINE#         165
  C:2347H         LINE#         166
BL51 BANKED LINKER/LOCATER V6.22.4.0                                                  08/07/2025  18:02:30  PAGE 18


  C:2347H         LINE#         175
  C:2353H         LINE#         176
  C:2356H         LINE#         177
  C:2356H         LINE#         179
  C:2358H         LINE#         180
  C:235AH         LINE#         182
  C:235AH         LINE#         184
  C:235CH         LINE#         185
  C:235CH         LINE#         187
  C:235CH         LINE#         191
  C:235CH         LINE#         192
  -------         ENDPROC       TIMR2_IRQHANDLER
  -------         ENDMOD        TMR2

  -------         MODULE        UART0
  C:0000H         SYMBOL        _ICE_DUMMY_
  D:00A8H         PUBLIC        IE0
  D:00A9H         PUBLIC        IE1
  D:00AAH         PUBLIC        IE2
  D:00ABH         PUBLIC        IE3
  B:00A8H.7       PUBLIC        IE_EA
  D:00B8H         PUBLIC        IP0
  D:00B1H         PUBLIC        IP1
  D:00B2H         PUBLIC        IP2
  D:00B3H         PUBLIC        IP3
  D:00B4H         PUBLIC        IP4
  D:00B5H         PUBLIC        IP5
  D:00B6H         PUBLIC        IP6
  D:00B7H         PUBLIC        IP7
  D:00D2H         PUBLIC        UART0_CON0
  D:00D4H         PUBLIC        UART0_STA
  D:00D5H         PUBLIC        UART0_BAUD0
  D:00D6H         PUBLIC        UART0_BAUD1
  D:00D7H         PUBLIC        UART0_DATA
  X:63F1H         PUBLIC        uart0_recv_buf
  X:641EH         PUBLIC        uart0_recv_len
  X:6421H         PUBLIC        recved_flagbuf
  X:6424H         PUBLIC        recv_frame_cnt
  X:6425H         PUBLIC        flagbuf_valid_instruction
  B:0022H.0       PUBLIC        flag_is_uart0_receive_timeout
  B:0022H.1       PUBLIC        flag_is_uart0_receive_timeout_enable
  X:6428H         PUBLIC        uart0_receive_timeout_cnt
  C:3454H         PUBLIC        uart0_config
  C:3656H         PUBLIC        _uart0_sendbyte
  C:1A5EH         PUBLIC        uart0_scan_handle
  B:0022H.2       SYMBOL        flag_is_recving_data
  X:6429H         SYMBOL        frame_len
  X:642AH         SYMBOL        cur_recv_len
  X:642BH         SYMBOL        blank_index
  C:3687H         SYMBOL        uart0_receive_timeout_enable
  C:3691H         SYMBOL        uart0_receive_timeout_disable
  C:193EH         PUBLIC        UART0_IRQHandler
  C:2DCEH         SYMBOL        Com005B
  C:2DCEH         SYMBOL        L?0092
  C:2DD7H         SYMBOL        L?0093
  C:2DDFH         SYMBOL        L?0094
  C:2DE6H         SYMBOL        L?0095
BL51 BANKED LINKER/LOCATER V6.22.4.0                                                  08/07/2025  18:02:30  PAGE 19


  C:2DEEH         SYMBOL        L?0096
  C:2E00H         SYMBOL        L?0097
  C:2E03H         SYMBOL        L?0098
  C:2E0BH         SYMBOL        L?0099
  C:2E17H         SYMBOL        L?0100
  -------         PROC          COM005B
  -------         ENDPROC       COM005B
  -------         PROC          UART0_RECEIVE_TIMEOUT_ENABLE
  C:3687H         LINE#         46
  C:3687H         LINE#         47
  C:3687H         LINE#         48
  C:368CH         LINE#         49
  C:368EH         LINE#         50
  C:3690H         LINE#         51
  -------         ENDPROC       UART0_RECEIVE_TIMEOUT_ENABLE
  -------         PROC          UART0_RECEIVE_TIMEOUT_DISABLE
  C:3691H         LINE#         53
  C:3691H         LINE#         54
  C:3691H         LINE#         55
  C:3693H         LINE#         56
  C:3698H         LINE#         57
  C:369AH         LINE#         58
  -------         ENDPROC       UART0_RECEIVE_TIMEOUT_DISABLE
  -------         PROC          UART0_CONFIG
  C:3454H         LINE#         62
  C:3454H         LINE#         63
  C:3454H         LINE#         66
  C:345AH         LINE#         67
  C:345EH         LINE#         68
  C:3462H         LINE#         69
  C:3469H         LINE#         70
  C:3470H         LINE#         89
  C:3473H         LINE#         90
  C:3475H         LINE#         92
  C:3478H         LINE#         93
  C:347BH         LINE#         94
  C:347EH         LINE#         97
  -------         ENDPROC       UART0_CONFIG
  -------         PROC          UART0_IRQHANDLER
  -------         DO            
  X:64D7H         SYMBOL        uart0_tmp_val
  -------         ENDDO         
  C:193EH         LINE#         100
  C:195BH         LINE#         102
  C:1960H         LINE#         105
  C:1960H         LINE#         110
  C:1968H         LINE#         111
  C:1968H         LINE#         113
  C:196BH         LINE#         115
  C:197BH         LINE#         117
  C:197BH         LINE#         124
  C:197BH         LINE#         126
  C:197EH         LINE#         128
  C:197EH         LINE#         131
  C:1985H         LINE#         132
  C:1985H         LINE#         135
  C:1987H         LINE#         136
BL51 BANKED LINKER/LOCATER V6.22.4.0                                                  08/07/2025  18:02:30  PAGE 20


  C:1987H         LINE#         137
  C:198AH         LINE#         142
  C:198DH         LINE#         143
  C:198DH         LINE#         145
  C:1994H         LINE#         146
  C:1994H         LINE#         148
  C:199CH         LINE#         151
  C:199CH         LINE#         154
  C:19A5H         LINE#         155
  C:19A5H         LINE#         157
  C:19D7H         LINE#         161
  C:19DCH         LINE#         163
  C:19E7H         LINE#         165
  C:19E7H         LINE#         167
  C:19FAH         LINE#         169
  C:19FCH         LINE#         170
  C:19FCH         LINE#         171
  C:19FFH         LINE#         173
  C:1A05H         LINE#         174
  C:1A0BH         LINE#         176
  C:1A24H         LINE#         177
  C:1A36H         LINE#         178
  C:1A36H         LINE#         179
  C:1A40H         LINE#         180
  C:1A40H         LINE#         205
  C:1A40H         LINE#         209
  C:1A43H         LINE#         210
  C:1A43H         LINE#         212
  C:1A43H         LINE#         213
  C:1A43H         LINE#         214
  C:1A43H         LINE#         219
  C:1A43H         LINE#         223
  C:1A43H         LINE#         224
  -------         ENDPROC       UART0_IRQHANDLER
  -------         PROC          _UART0_SENDBYTE
  D:0007H         SYMBOL        senddata
  C:3656H         LINE#         227
  C:3656H         LINE#         228
  C:3656H         LINE#         229
  C:365BH         LINE#         231
  C:365DH         LINE#         232
  C:3662H         LINE#         234
  -------         ENDPROC       _UART0_SENDBYTE
  -------         PROC          UART0_SCAN_HANDLE
  -------         DO            
  X:64B8H         SYMBOL        i
  X:64B9H         SYMBOL        checksum
  B:0023H.0       SYMBOL        __flag_is_crc_or_len_err
  -------         DO            
  X:64BAH         SYMBOL        __loop_crc_cnt
  -------         ENDDO         
  -------         ENDDO         
  C:1A5EH         LINE#         250
  C:1A5EH         LINE#         251
  C:1A5EH         LINE#         252
  C:1A63H         LINE#         253
  C:1A65H         LINE#         254
BL51 BANKED LINKER/LOCATER V6.22.4.0                                                  08/07/2025  18:02:30  PAGE 21


  C:1A67H         LINE#         299
  C:1A70H         LINE#         300
  C:1A70H         LINE#         304
  C:1A73H         LINE#         307
  C:1A78H         LINE#         308
  C:1A7CH         LINE#         309
  C:1A7FH         LINE#         312
  C:1A7FH         LINE#         316
  C:1A91H         LINE#         317
  C:1A91H         LINE#         318
  C:1A9DH         LINE#         319
  C:1A9DH         LINE#         323
  C:1ABAH         LINE#         324
  C:1ABAH         LINE#         331
  C:1AC3H         LINE#         332
  C:1AC3H         LINE#         333
  C:1AD4H         LINE#         336
  C:1AD4H         LINE#         338
  C:1AD4H         LINE#         339
  C:1AD9H         LINE#         340
  C:1ADDH         LINE#         341
  C:1AEEH         LINE#         342
  C:1AEEH         LINE#         343
  C:1B0AH         LINE#         344
  C:1B10H         LINE#         347
  C:1B15H         LINE#         348
  C:1B34H         LINE#         349
  C:1B34H         LINE#         351
  C:1B36H         LINE#         352
  C:1B36H         LINE#         353
  C:1B36H         LINE#         355
  C:1B39H         LINE#         356
  C:1B39H         LINE#         377
  C:1B3BH         LINE#         378
  C:1B45H         LINE#         379
  C:1B45H         LINE#         380
  C:1B56H         LINE#         381
  C:1B56H         LINE#         384
  C:1B66H         LINE#         385
  C:1B66H         LINE#         386
  C:1B6FH         LINE#         387
  -------         ENDPROC       UART0_SCAN_HANDLE
  -------         ENDMOD        UART0

  -------         MODULE        ADC
  C:0000H         SYMBOL        _ICE_DUMMY_
  D:0091H         PUBLIC        ADC_CFG2
  D:0093H         PUBLIC        ADC_DATAH0
  D:0094H         PUBLIC        ADC_DATAL0
  D:0099H         PUBLIC        ADC_CHS0
  D:009EH         PUBLIC        ADC_TRGS0
  X:6520H         PUBLIC        adc_val
  C:0027H         PUBLIC        adc_config
  C:33F8H         PUBLIC        _adc_sel_pin
  C:347FH         PUBLIC        adc_single_convert
  C:1D58H         PUBLIC        adc_getval
  C:355BH         SYMBOL        Com0010
BL51 BANKED LINKER/LOCATER V6.22.4.0                                                  08/07/2025  18:02:30  PAGE 22


  C:355BH         SYMBOL        L?0017
  C:3564H         SYMBOL        L?0018
  C:356AH         SYMBOL        L?0019
  -------         PROC          COM0010
  -------         ENDPROC       COM0010
  -------         PROC          ADC_CONFIG
  C:0027H         LINE#         9
  C:0027H         LINE#         10
  C:0027H         LINE#         18
  C:002DH         LINE#         23
  C:0032H         LINE#         31
  C:0038H         LINE#         32
  C:003BH         LINE#         39
  C:003BH         LINE#         40
  C:003EH         LINE#         41
  C:0044H         LINE#         45
  C:0047H         LINE#         46
  C:004AH         LINE#         47
  -------         ENDPROC       ADC_CONFIG
  -------         PROC          _ADC_SEL_PIN
  D:0007H         SYMBOL        adc_pin
  C:33F8H         LINE#         51
  C:33F8H         LINE#         52
  C:33F8H         LINE#         53
  C:33FBH         LINE#         55
  C:3403H         LINE#         56
  C:3403H         LINE#         67
  C:3403H         LINE#         68
  C:3403H         LINE#         69
  C:3406H         LINE#         70
  C:3409H         LINE#         72
  C:340BH         LINE#         76
  C:340BH         LINE#         81
  C:3412H         LINE#         82
  C:3416H         LINE#         83
  C:3419H         LINE#         84
  C:3419H         LINE#         94
  C:3419H         LINE#         96
  C:341FH         LINE#         99
  -------         ENDPROC       _ADC_SEL_PIN
  -------         PROC          ADC_SINGLE_CONVERT
  C:347FH         LINE#         103
  C:347FH         LINE#         104
  C:347FH         LINE#         105
  C:3485H         LINE#         106
  C:348BH         LINE#         108
  C:348EH         LINE#         109
  C:34A1H         LINE#         110
  -------         ENDPROC       ADC_SINGLE_CONVERT
  -------         PROC          ADC_GETVAL
  -------         DO            
  X:64BBH         SYMBOL        adc_val_tmp
  X:64BDH         SYMBOL        adc_val_sum
  X:64C1H         SYMBOL        get_adcmax
  X:64C3H         SYMBOL        get_adcmin
  X:64C5H         SYMBOL        i
  -------         ENDDO         
BL51 BANKED LINKER/LOCATER V6.22.4.0                                                  08/07/2025  18:02:30  PAGE 23


  C:1D58H         LINE#         113
  C:1D58H         LINE#         114
  C:1D58H         LINE#         115
  C:1D5FH         LINE#         116
  C:1D67H         LINE#         117
  C:1D6EH         LINE#         118
  C:1D74H         LINE#         119
  C:1D77H         LINE#         121
  C:1D78H         LINE#         122
  C:1D78H         LINE#         123
  C:1D83H         LINE#         124
  C:1D8CH         LINE#         125
  C:1D8CH         LINE#         126
  C:1DA2H         LINE#         127
  C:1DAAH         LINE#         128
  C:1DB9H         LINE#         129
  C:1DC8H         LINE#         130
  C:1DE0H         LINE#         131
  C:1DECH         LINE#         133
  C:1E04H         LINE#         134
  C:1E1BH         LINE#         135
  C:1E2BH         LINE#         137
  C:1E2BH         LINE#         138
  -------         ENDPROC       ADC_GETVAL
  -------         ENDMOD        ADC

  -------         MODULE        AIP1302
  C:0000H         SYMBOL        _ICE_DUMMY_
  B:0090H.6       PUBLIC        P16
  B:0090H.7       PUBLIC        P17
  B:00A0H.4       PUBLIC        P24
  C:266AH         PUBLIC        ___aip1302_read_byte
  C:2CB8H         PUBLIC        aip1302_is_running
  C:2D76H         PUBLIC        aip1302_config
  C:35F1H         PUBLIC        _aip1302_read_byte
  C:221FH         PUBLIC        _aip1302_write_byte
  C:312EH         PUBLIC        aip1302_update_time
  C:2F54H         PUBLIC        aip1302_read_all
  C:3576H         SYMBOL        _reverse_u8
  C:2B7CH         SYMBOL        ___aip1302_convert_read_byte
  C:26FCH         SYMBOL        ___aip1302_write_byte
  C:3426H         SYMBOL        Com0044
  C:3426H         SYMBOL        L?0069
  C:3428H         SYMBOL        L?0070
  C:3438H         SYMBOL        L?0074
  C:3443H         SYMBOL        L?0075
  C:344DH         SYMBOL        L?0076
  -------         PROC          COM0044
  -------         ENDPROC       COM0044
  -------         PROC          AIP1302_CONFIG
  -------         DO            
  D:0007H         SYMBOL        ret
  -------         ENDDO         
  C:2D76H         LINE#         8
  C:2D76H         LINE#         9
  C:2D76H         LINE#         10
  C:2D78H         LINE#         14
BL51 BANKED LINKER/LOCATER V6.22.4.0                                                  08/07/2025  18:02:30  PAGE 24


  C:2D7EH         LINE#         15
  C:2D82H         LINE#         16
  C:2D87H         LINE#         18
  C:2D8BH         LINE#         19
  C:2D8FH         LINE#         20
  C:2D94H         LINE#         22
  C:2D94H         LINE#         23
  C:2D94H         LINE#         24
  C:2D97H         LINE#         26
  C:2D99H         LINE#         27
  C:2D9BH         LINE#         33
  C:2D9EH         LINE#         34
  C:2DA1H         LINE#         35
  C:2DA1H         LINE#         41
  C:2DA1H         LINE#         43
  C:2DA1H         LINE#         50
  C:2DA8H         LINE#         51
  C:2DAFH         LINE#         52
  C:2DB6H         LINE#         54
  C:2DBDH         LINE#         55
  C:2DC4H         LINE#         56
  C:2DCBH         LINE#         65
  C:2DCBH         LINE#         69
  -------         ENDPROC       AIP1302_CONFIG
  -------         PROC          _REVERSE_U8
  D:0007H         SYMBOL        arg
  -------         DO            
  D:0006H         SYMBOL        tmp
  D:0005H         SYMBOL        i
  -------         ENDDO         
  C:3576H         LINE#         99
  C:3576H         LINE#         100
  C:3576H         LINE#         102
  C:3578H         LINE#         105
  C:3578H         LINE#         106
  C:3578H         LINE#         107
  C:357CH         LINE#         108
  C:3580H         LINE#         109
  C:3580H         LINE#         110
  C:3584H         LINE#         111
  C:3584H         LINE#         113
  C:3584H         LINE#         114
  C:3584H         LINE#         115
  C:3588H         LINE#         116
  C:358DH         LINE#         118
  C:358FH         LINE#         119
  -------         ENDPROC       _REVERSE_U8
  -------         PROC          ___AIP1302_CONVERT_READ_BYTE
  D:0004H         SYMBOL        cmd
  D:0005H         SYMBOL        byte
  -------         DO            
  D:0007H         SYMBOL        tmp
  X:64B9H         SYMBOL        i
  -------         DO            
  X:64BAH         SYMBOL        tens_place
  X:64BBH         SYMBOL        one_place
  -------         ENDDO         
BL51 BANKED LINKER/LOCATER V6.22.4.0                                                  08/07/2025  18:02:30  PAGE 25


  -------         ENDDO         
  C:2B7CH         LINE#         122
  C:2B7EH         LINE#         123
  C:2B7EH         LINE#         124
  C:2B7FH         LINE#         125
  C:2B83H         LINE#         128
  C:2B88H         LINE#         137
  C:2BA6H         LINE#         138
  C:2BA6H         LINE#         139
  C:2BABH         LINE#         140
  C:2BADH         LINE#         143
  C:2BB6H         LINE#         144
  C:2BB6H         LINE#         147
  C:2BBAH         LINE#         148
  C:2BBCH         LINE#         149
  C:2BC5H         LINE#         150
  C:2BC5H         LINE#         152
  C:2BC9H         LINE#         153
  C:2BCBH         LINE#         154
  C:2BCFH         LINE#         155
  C:2BCFH         LINE#         157
  C:2BD3H         LINE#         158
  C:2BD3H         LINE#         160
  C:2BDCH         LINE#         161
  C:2BE2H         LINE#         162
  C:2BE9H         LINE#         163
  C:2BE9H         LINE#         165
  C:2BE9H         LINE#         166
  -------         ENDPROC       ___AIP1302_CONVERT_READ_BYTE
  C:26DEH         SYMBOL        L?0071
  C:26E8H         SYMBOL        L?0072
  -------         PROC          ___AIP1302_READ_BYTE
  X:64B9H         SYMBOL        cmd
  -------         DO            
  X:64BAH         SYMBOL        recv_data
  X:64BBH         SYMBOL        i
  -------         ENDDO         
  C:266AH         LINE#         169
  C:266FH         LINE#         170
  C:266FH         LINE#         171
  C:2672H         LINE#         172
  C:2672H         LINE#         175
  C:2672H         LINE#         176
  C:2672H         LINE#         177
  C:2675H         LINE#         179
  C:2675H         LINE#         180
  C:2675H         LINE#         181
  C:2675H         LINE#         182
  C:267BH         LINE#         184
  C:2680H         LINE#         185
  C:2680H         LINE#         186
  C:2680H         LINE#         187
  C:2683H         LINE#         188
  C:2696H         LINE#         189
  C:2696H         LINE#         190
  C:2698H         LINE#         191
  C:269AH         LINE#         193
BL51 BANKED LINKER/LOCATER V6.22.4.0                                                  08/07/2025  18:02:30  PAGE 26


  C:269AH         LINE#         194
  C:269CH         LINE#         195
  C:269CH         LINE#         196
  C:26A3H         LINE#         198
  C:26A3H         LINE#         199
  C:26A3H         LINE#         200
  C:26A8H         LINE#         203
  C:26AEH         LINE#         204
  C:26B4H         LINE#         206
  C:26B9H         LINE#         207
  C:26B9H         LINE#         208
  C:26C0H         LINE#         209
  C:26C0H         LINE#         210
  C:26C3H         LINE#         211
  C:26C6H         LINE#         212
  C:26C6H         LINE#         213
  C:26CDH         LINE#         214
  C:26CDH         LINE#         216
  C:26CDH         LINE#         217
  C:26CDH         LINE#         218
  C:26CDH         LINE#         219
  C:26CDH         LINE#         220
  C:26D2H         LINE#         222
  C:26D4H         LINE#         223
  C:26D6H         LINE#         224
  C:26D8H         LINE#         226
  C:26DDH         LINE#         227
  -------         ENDPROC       ___AIP1302_READ_BYTE
  -------         PROC          _AIP1302_READ_BYTE
  X:64B8H         SYMBOL        cmd
  -------         DO            
  D:0006H         SYMBOL        recv_data
  -------         ENDDO         
  C:35F1H         LINE#         236
  C:35F6H         LINE#         237
  C:35F6H         LINE#         238
  C:35F8H         LINE#         239
  C:35FDH         LINE#         240
  -------         ENDPROC       _AIP1302_READ_BYTE
  C:2771H         SYMBOL        L?0067
  C:2782H         SYMBOL        L?0073
  -------         PROC          ___AIP1302_WRITE_BYTE
  X:64C3H         SYMBOL        cmd
  X:64C4H         SYMBOL        byte
  -------         DO            
  X:64C5H         SYMBOL        i
  -------         ENDDO         
  C:26FCH         LINE#         250
  C:2704H         LINE#         251
  C:2704H         LINE#         252
  C:2705H         LINE#         255
  C:2705H         LINE#         256
  C:2705H         LINE#         257
  C:2708H         LINE#         259
  C:2708H         LINE#         260
  C:2708H         LINE#         261
  C:2708H         LINE#         262
BL51 BANKED LINKER/LOCATER V6.22.4.0                                                  08/07/2025  18:02:30  PAGE 27


  C:270EH         LINE#         264
  C:2713H         LINE#         265
  C:2713H         LINE#         266
  C:2713H         LINE#         267
  C:2716H         LINE#         268
  C:2729H         LINE#         269
  C:2729H         LINE#         270
  C:272BH         LINE#         271
  C:272DH         LINE#         273
  C:272DH         LINE#         274
  C:272FH         LINE#         275
  C:272FH         LINE#         276
  C:272FH         LINE#         277
  C:272FH         LINE#         278
  C:2732H         LINE#         279
  C:2737H         LINE#         281
  C:273CH         LINE#         282
  C:273CH         LINE#         283
  C:273CH         LINE#         284
  C:273FH         LINE#         285
  C:2755H         LINE#         286
  C:2755H         LINE#         287
  C:2757H         LINE#         288
  C:2759H         LINE#         290
  C:2759H         LINE#         291
  C:275BH         LINE#         292
  C:275BH         LINE#         293
  C:275BH         LINE#         294
  C:275BH         LINE#         295
  C:275EH         LINE#         296
  C:2763H         LINE#         298
  C:2765H         LINE#         299
  C:276CH         LINE#         300
  C:276EH         LINE#         301
  C:2770H         LINE#         302
  -------         ENDPROC       ___AIP1302_WRITE_BYTE
  -------         PROC          AIP1302_IS_RUNNING
  C:2CB8H         LINE#         311
  C:2CB8H         LINE#         312
  C:2CB8H         LINE#         330
  C:2CBBH         LINE#         331
  C:2D12H         LINE#         339
  C:2D12H         LINE#         340
  C:2D15H         LINE#         341
  C:2D15H         LINE#         343
  C:2D15H         LINE#         344
  C:2D17H         LINE#         345
  C:2D17H         LINE#         346
  -------         ENDPROC       AIP1302_IS_RUNNING
  -------         PROC          _AIP1302_WRITE_BYTE
  X:64BFH         SYMBOL        cmd
  D:0005H         SYMBOL        byte
  -------         DO            
  X:64C0H         SYMBOL        tmp
  -------         DO            
  X:64C1H         SYMBOL        tens_place
  X:64C2H         SYMBOL        one_place
BL51 BANKED LINKER/LOCATER V6.22.4.0                                                  08/07/2025  18:02:30  PAGE 28


  -------         ENDDO         
  -------         ENDDO         
  C:221FH         LINE#         359
  C:2224H         LINE#         360
  C:2224H         LINE#         361
  C:2227H         LINE#         369
  C:2249H         LINE#         370
  C:2249H         LINE#         371
  C:224EH         LINE#         372
  C:2250H         LINE#         373
  C:225AH         LINE#         374
  C:225AH         LINE#         375
  C:2261H         LINE#         376
  C:2261H         LINE#         377
  C:2270H         LINE#         380
  C:227DH         LINE#         384
  C:228AH         LINE#         385
  C:228AH         LINE#         386
  C:2291H         LINE#         387
  C:2293H         LINE#         388
  C:22A0H         LINE#         389
  C:22A0H         LINE#         392
  C:22A7H         LINE#         393
  C:22A9H         LINE#         394
  C:22B0H         LINE#         395
  C:22B0H         LINE#         397
  C:22B5H         LINE#         398
  C:22B5H         LINE#         399
  C:22B5H         LINE#         402
  C:22BCH         LINE#         403
  C:22C7H         LINE#         405
  -------         ENDPROC       _AIP1302_WRITE_BYTE
  -------         PROC          AIP1302_UPDATE_TIME
  X:64B8H         SYMBOL        aip1302_saveinfo
  C:312EH         LINE#         480
  C:312EH         LINE#         481
  C:312EH         LINE#         482
  C:313BH         LINE#         483
  C:3145H         LINE#         484
  C:314FH         LINE#         486
  C:3159H         LINE#         487
  C:3163H         LINE#         488
  -------         ENDPROC       AIP1302_UPDATE_TIME
  -------         PROC          AIP1302_READ_ALL
  C:2F54H         LINE#         508
  C:2F54H         LINE#         509
  C:2F54H         LINE#         510
  C:2F5EH         LINE#         511
  C:2F68H         LINE#         512
  C:2F72H         LINE#         513
  C:2F7CH         LINE#         514
  C:2F86H         LINE#         515
  C:2F99H         LINE#         517
  -------         ENDPROC       AIP1302_READ_ALL
  -------         ENDMOD        AIP1302

  -------         MODULE        KEY_DRIVER
BL51 BANKED LINKER/LOCATER V6.22.4.0                                                  08/07/2025  18:02:30  PAGE 29


  C:0000H         SYMBOL        _ICE_DUMMY_
  C:1386H         PUBLIC        _key_driver_scan
  X:600CH         SYMBOL        is_key_active
  X:600DH         PUBLIC        scan_para
  C:34C5H         SYMBOL        Com0021
  C:34C5H         SYMBOL        L?0034
  C:34C8H         SYMBOL        L?0035
  C:34C9H         SYMBOL        L?0036
  C:34CFH         SYMBOL        L?0037
  C:34D2H         SYMBOL        L?0038
  C:34D6H         SYMBOL        L?0039
  C:34DCH         SYMBOL        L?0040
  C:34DFH         SYMBOL        L?0041
  -------         PROC          COM0021
  -------         ENDPROC       COM0021
  -------         PROC          _KEY_DRIVER_SCAN
  D:0001H         SYMBOL        _scan_para
  -------         DO            
  X:64B8H         SYMBOL        key_event
  D:0007H         SYMBOL        cur_key_value
  X:64B9H         SYMBOL        key_value
  C:14EEH         SYMBOL        _notify
  C:150EH         SYMBOL        _scan_end
  -------         ENDDO         
  C:1386H         LINE#         19
  C:1386H         LINE#         21
  C:1386H         LINE#         26
  C:138BH         LINE#         27
  C:138DH         LINE#         28
  C:1391H         LINE#         32
  C:1397H         LINE#         35
  C:13AAH         LINE#         36
  C:13AAH         LINE#         38
  C:13AAH         LINE#         40
  C:13B4H         LINE#         42
  C:13BDH         LINE#         48
  C:13C1H         LINE#         49
  C:13C1H         LINE#         50
  C:13C7H         LINE#         51
  C:13C9H         LINE#         52
  C:13CFH         LINE#         53
  C:13CFH         LINE#         54
  C:13D2H         LINE#         55
  C:13D2H         LINE#         85
  C:13E6H         LINE#         86
  C:13E6H         LINE#         88
  C:13EDH         LINE#         89
  C:13F3H         LINE#         91
  C:13F3H         LINE#         94
  C:1404H         LINE#         95
  C:1404H         LINE#         96
  C:140FH         LINE#         98
  C:140FH         LINE#         101
  C:141BH         LINE#         102
  C:141BH         LINE#         109
  C:141FH         LINE#         110
  C:141FH         LINE#         111
BL51 BANKED LINKER/LOCATER V6.22.4.0                                                  08/07/2025  18:02:30  PAGE 30


  C:1426H         LINE#         112
  C:1426H         LINE#         113
  C:1428H         LINE#         114
  C:142EH         LINE#         115
  C:1430H         LINE#         117
  C:1430H         LINE#         120
  C:1430H         LINE#         121
  C:1438H         LINE#         122
  C:1438H         LINE#         123
  C:143BH         LINE#         125
  C:143BH         LINE#         130
  C:1443H         LINE#         131
  C:144FH         LINE#         132
  C:144FH         LINE#         133
  C:1454H         LINE#         134
  C:1458H         LINE#         135
  C:145BH         LINE#         137
  C:145BH         LINE#         138
  C:1461H         LINE#         139
  C:1461H         LINE#         140
  C:1461H         LINE#         142
  C:1463H         LINE#         147
  C:1463H         LINE#         149
  C:1463H         LINE#         154
  C:1467H         LINE#         155
  C:1467H         LINE#         157
  C:1478H         LINE#         158
  C:1478H         LINE#         162
  C:1489H         LINE#         163
  C:1489H         LINE#         183
  C:1489H         LINE#         184
  C:148BH         LINE#         186
  C:148BH         LINE#         187
  C:1498H         LINE#         189
  C:149AH         LINE#         191
  C:149AH         LINE#         193
  C:149AH         LINE#         194
  C:14A5H         LINE#         195
  C:14A8H         LINE#         197
  C:14A8H         LINE#         198
  C:14A8H         LINE#         200
  C:14A8H         LINE#         201
  C:14A8H         LINE#         203
  C:14A8H         LINE#         204
  C:14A8H         LINE#         206
  C:14A8H         LINE#         208
  C:14B3H         LINE#         209
  C:14B3H         LINE#         210
  C:14BBH         LINE#         211
  C:14BBH         LINE#         215
  C:14C1H         LINE#         216
  C:14C1H         LINE#         217
  C:14C7H         LINE#         222
  C:14C9H         LINE#         223
  C:14D5H         LINE#         224
  C:14D5H         LINE#         225
  C:14DAH         LINE#         226
BL51 BANKED LINKER/LOCATER V6.22.4.0                                                  08/07/2025  18:02:30  PAGE 31


  C:14E9H         LINE#         228
  C:14E9H         LINE#         230
  C:14E9H         LINE#         231
  C:14E9H         LINE#         233
  C:14E9H         LINE#         236
  C:14EEH         LINE#         237
  C:14EEH         LINE#         239
  C:14EEH         LINE#         240
  C:14EEH         LINE#         242
  C:14EEH         LINE#         245
  C:14EEH         LINE#         247
  C:14EEH         LINE#         248
  C:14F2H         LINE#         249
  C:14FAH         LINE#         251
  C:1504H         LINE#         252
  C:150EH         LINE#         255
  C:150EH         LINE#         264
  C:150EH         LINE#         266
  C:150EH         LINE#         267
  C:1518H         LINE#         270
  -------         ENDPROC       _KEY_DRIVER_SCAN
  -------         ENDMOD        KEY_DRIVER

  -------         MODULE        IIC_SOFT
  C:0000H         SYMBOL        _ICE_DUMMY_
  D:00D9H         PUBLIC        WDT_KEY
  B:00A0H.6       PUBLIC        P26
  B:00B0H.1       PUBLIC        P31
  X:642FH         PUBLIC        eeprom_menu_prev
  X:6431H         PUBLIC        eeprom_menu_next
  X:6433H         PUBLIC        eeprom_saveinfo_prev
  X:6444H         PUBLIC        eeprom_saveinfo_next
  X:6455H         PUBLIC        eeprom_saveinfo
  C:31E8H         PUBLIC        eeprom_24cxx_clear
  C:281AH         PUBLIC        eeprom_menu_init
  C:3607H         PUBLIC        eeprom_menu_write
  C:3590H         PUBLIC        eeprom_menu_read
  C:11E0H         PUBLIC        eeprom_data_save
  C:2A1EH         PUBLIC        _iic_eeprom_write
  C:278CH         PUBLIC        _iic_eeprom_read
  C:32C9H         PUBLIC        _eeprom_24cxx_write
  C:32FEH         PUBLIC        _eeprom_24cxx_read
  C:35DAH         PUBLIC        iic_config
  C:35A9H         PUBLIC        iic_start
  C:3524H         PUBLIC        iic_stop
  C:325DH         PUBLIC        iic_wait_ack
  C:361DH         PUBLIC        iic_ack
  C:3631H         PUBLIC        iic_nack
  C:2F9AH         PUBLIC        _iic_send_byte
  C:2E70H         PUBLIC        _iic_read_byte
  C:1FCDH         SYMBOL        Com00A4
  C:1FCDH         SYMBOL        L?0165
  C:1FCFH         SYMBOL        L?0166
  C:1FD5H         SYMBOL        L?0167
  C:1FE5H         SYMBOL        L?0168
  C:1FEDH         SYMBOL        L?0169
  C:1FF7H         SYMBOL        L?0170
BL51 BANKED LINKER/LOCATER V6.22.4.0                                                  08/07/2025  18:02:30  PAGE 32


  C:2000H         SYMBOL        L?0171
  C:2003H         SYMBOL        L?0172
  C:2009H         SYMBOL        L?0173
  C:2010H         SYMBOL        L?0174
  C:2017H         SYMBOL        L?0175
  C:201EH         SYMBOL        L?0176
  C:201EH         SYMBOL        L?0177
  C:2028H         SYMBOL        L?0180
  C:202EH         SYMBOL        L?0181
  C:2035H         SYMBOL        L?0182
  C:2044H         SYMBOL        L?0183
  C:2047H         SYMBOL        L?0184
  C:204EH         SYMBOL        L?0185
  C:2051H         SYMBOL        L?0186
  C:2057H         SYMBOL        L?0187
  C:2057H         SYMBOL        L?0188
  C:205EH         SYMBOL        L?0189
  C:206BH         SYMBOL        L?0190
  C:206BH         SYMBOL        L?0191
  C:2072H         SYMBOL        L?0192
  C:2072H         SYMBOL        L?0193
  C:2079H         SYMBOL        L?0194
  C:2082H         SYMBOL        L?0195
  C:208BH         SYMBOL        L?0196
  C:208BH         SYMBOL        L?0197
  C:2091H         SYMBOL        L?0198
  -------         PROC          COM00A4
  -------         ENDPROC       COM00A4
  -------         PROC          EEPROM_MENU_WRITE
  C:3607H         LINE#         8
  C:3607H         LINE#         9
  C:3607H         LINE#         10
  C:360FH         LINE#         11
  C:360FH         LINE#         12
  -------         ENDPROC       EEPROM_MENU_WRITE
  -------         PROC          EEPROM_MENU_READ
  C:3590H         LINE#         15
  C:3590H         LINE#         16
  C:3590H         LINE#         17
  C:359BH         LINE#         18
  C:359BH         LINE#         19
  -------         ENDPROC       EEPROM_MENU_READ
  -------         PROC          EEPROM_MENU_INIT
  C:281AH         LINE#         22
  C:281AH         LINE#         23
  C:281AH         LINE#         24
  C:281DH         LINE#         26
  C:282AH         LINE#         27
  C:282AH         LINE#         29
  C:282CH         LINE#         30
  C:282CH         LINE#         32
  C:282FH         LINE#         33
  C:282FH         LINE#         36
  C:2832H         LINE#         38
  C:284DH         LINE#         39
  C:284DH         LINE#         43
  C:2854H         LINE#         44
BL51 BANKED LINKER/LOCATER V6.22.4.0                                                  08/07/2025  18:02:30  PAGE 33


  C:2854H         LINE#         45
  C:2857H         LINE#         46
  C:2862H         LINE#         47
  C:2864H         LINE#         48
  C:2869H         LINE#         49
  C:2869H         LINE#         50
  C:2875H         LINE#         51
[...]


  D:008BH         PUBLIC        MDU_ADR1
  X:63A9H         PUBLIC        __tk_p_data_process
  D:008CH         PUBLIC        MDU_ADR2
  B:0088H.0       PUBLIC        MDU_EN
  B:0022H.4       PUBLIC        __tk_long_key_flag
  D:0088H         PUBLIC        MDU_CTL0
  D:0089H         PUBLIC        MDU_CTL1
  D:0062H         PUBLIC        __tk_ms_flag
  C:2545H         SYMBOL        __tk_baseline_init
  C:0E72H         SYMBOL        __tk_button_decide
  C:2A95H         PUBLIC        __tk_handler
  C:102BH         SYMBOL        ___tk_lib_i_adjust
  D:0063H         PUBLIC        __tk_cm_cnt
  -------         PROC          __TK_MODE_CONFIG
  C:31ABH         LINE#         262
  C:31ABH         LINE#         263
  C:31ABH         LINE#         264
  C:31AEH         LINE#         265
  C:31BDH         LINE#         266
  C:31C3H         LINE#         267
  C:31C7H         LINE#         268
  C:31CBH         LINE#         269
  C:31CFH         LINE#         270
  C:31D3H         LINE#         272
  C:31E3H         LINE#         273
  -------         ENDPROC       __TK_MODE_CONFIG
  -------         PROC          ___TK_MODE_CARRY_FUNC
  X:6526H         SYMBOL        ch_index
  C:084EH         LINE#         283
  C:0853H         LINE#         284
  C:0853H         LINE#         285
  C:0861H         LINE#         286
  C:086DH         LINE#         288
  C:0880H         LINE#         289
  C:0890H         LINE#         291
  C:089BH         LINE#         292
  C:08C4H         LINE#         293
  C:08F5H         LINE#         294
  C:0935H         LINE#         295
  C:0965H         LINE#         296
  C:098BH         LINE#         297
  C:09A7H         LINE#         299
  C:09C2H         LINE#         300
  C:09D9H         LINE#         301
  C:09E6H         LINE#         302
  C:09E6H         LINE#         304
  C:09FEH         LINE#         305
  C:0A0FH         LINE#         306
  C:0A12H         LINE#         307
  C:0A1AH         LINE#         308
  C:0A2EH         LINE#         309
  C:0A41H         LINE#         310
  C:0A46H         LINE#         311
  C:0A49H         LINE#         312
  C:0A4CH         LINE#         313
  C:0A4FH         LINE#         314
  C:0A4FH         LINE#         315
BL51 BANKED LINKER/LOCATER V6.22.4.0                                                  08/07/2025  18:02:30  PAGE 58


  C:0A50H         LINE#         321
  C:0A53H         LINE#         322
  C:0A80H         LINE#         323
  C:0A9FH         LINE#         324
  C:0A9FH         LINE#         325
  C:0A9FH         LINE#         326
  -------         ENDPROC       ___TK_MODE_CARRY_FUNC
  -------         PROC          __TK_DATA_PROCESS
  C:050FH         LINE#         333
  C:050FH         LINE#         334
  C:050FH         LINE#         335
  C:0521H         LINE#         338
  C:053AH         LINE#         339
  C:053DH         LINE#         341
  C:0553H         LINE#         342
  C:0556H         LINE#         347
  C:0588H         LINE#         348
  C:0595H         LINE#         349
  C:0598H         LINE#         350
  C:059BH         LINE#         351
  C:059BH         LINE#         352
  C:059DH         LINE#         353
  C:05A0H         LINE#         354
  C:05A0H         LINE#         356
  C:05A5H         LINE#         357
  C:05B6H         LINE#         358
  C:05C7H         LINE#         359
  C:05CAH         LINE#         363
  C:05E0H         LINE#         364
  C:05E3H         LINE#         365
  C:05F3H         LINE#         366
  C:0613H         LINE#         369
  C:062AH         LINE#         370
  C:062DH         LINE#         371
  C:063DH         LINE#         372
  C:065DH         LINE#         377
  C:065DH         LINE#         378
  C:067BH         LINE#         380
  C:06B5H         LINE#         381
  C:06B5H         LINE#         382
  C:06B5H         LINE#         383
  C:06ECH         LINE#         384
  C:06FAH         LINE#         385
  C:0712H         LINE#         386
  C:071FH         LINE#         387
  C:0743H         LINE#         388
  C:0767H         LINE#         389
  C:0767H         LINE#         390
  C:0769H         LINE#         391
  C:0776H         LINE#         392
  C:0776H         LINE#         397
  C:0798H         LINE#         398
  C:079BH         LINE#         399
  C:07ABH         LINE#         401
  C:07C3H         LINE#         402
  C:07C6H         LINE#         404
  C:07DDH         LINE#         405
BL51 BANKED LINKER/LOCATER V6.22.4.0                                                  08/07/2025  18:02:30  PAGE 59


  C:07E0H         LINE#         409
  C:0801H         LINE#         410
  C:0804H         LINE#         411
  C:0814H         LINE#         413
  C:082CH         LINE#         414
  C:082FH         LINE#         416
  C:0845H         LINE#         417
  C:0848H         LINE#         422
  C:084DH         LINE#         423
  -------         ENDPROC       __TK_DATA_PROCESS
  -------         PROC          __TK_BUTTON_DECIDE
  C:0E72H         LINE#         430
  C:0E72H         LINE#         431
  C:0E72H         LINE#         432
  C:0E84H         LINE#         433
  C:0EA2H         LINE#         434
  C:0ED4H         LINE#         435
  C:0EE1H         LINE#         436
  C:0EE6H         LINE#         437
  C:0F5BH         LINE#         438
  C:0F5BH         LINE#         439
  C:0F68H         LINE#         440
  C:0F76H         LINE#         442
  C:0F8AH         LINE#         443
  C:0F97H         LINE#         444
  C:0FC4H         LINE#         445
  C:0FE8H         LINE#         446
  C:1016H         LINE#         447
  C:1016H         LINE#         448
  C:1018H         LINE#         449
  C:1025H         LINE#         450
  C:1025H         LINE#         451
  C:102AH         LINE#         452
  -------         ENDPROC       __TK_BUTTON_DECIDE
  -------         PROC          __TK_BASELINE_UPDATE
  C:2922H         LINE#         459
  C:2922H         LINE#         460
  C:2922H         LINE#         461
  C:2931H         LINE#         462
  C:2942H         LINE#         463
  C:2953H         LINE#         464
  C:2977H         LINE#         465
  C:299BH         LINE#         466
  C:299FH         LINE#         467
  -------         ENDPROC       __TK_BASELINE_UPDATE
  -------         PROC          __TK_BASELINE_INIT
  -------         DO            
  X:6018H         SYMBOL        init_flag
  -------         ENDDO         
  C:2545H         LINE#         474
  C:2545H         LINE#         475
  C:2545H         LINE#         478
  C:2554H         LINE#         479
  C:2564H         LINE#         480
  C:256DH         LINE#         481
  C:2592H         LINE#         482
  C:2592H         LINE#         483
BL51 BANKED LINKER/LOCATER V6.22.4.0                                                  08/07/2025  18:02:30  PAGE 60


  C:25B7H         LINE#         484
  C:25B7H         LINE#         485
  C:25BBH         LINE#         487
  C:25C8H         LINE#         488
  C:25CBH         LINE#         489
  C:25CDH         LINE#         490
  C:25D3H         LINE#         491
  C:25D3H         LINE#         493
  -------         ENDPROC       __TK_BASELINE_INIT
  -------         PROC          __TK_LONG_KEY_CLEAR
  -------         DO            
  X:6019H         SYMBOL        __tk_long_cnt
  -------         ENDDO         
  C:29A0H         LINE#         501
  C:29A0H         LINE#         502
  C:29A0H         LINE#         505
  C:29B3H         LINE#         506
  C:29C1H         LINE#         507
  C:29DBH         LINE#         508
  C:29DFH         LINE#         509
  C:29E7H         LINE#         510
  C:29EFH         LINE#         511
  C:29F7H         LINE#         512
  C:29F9H         LINE#         513
  C:29FCH         LINE#         514
  C:2A13H         LINE#         515
  C:2A15H         LINE#         516
  C:2A15H         LINE#         517
  C:2A16H         LINE#         518
  C:2A1DH         LINE#         519
  C:2A1DH         LINE#         520
  -------         ENDPROC       __TK_LONG_KEY_CLEAR
  -------         PROC          ___TK_LIB_I_ADJUST
  X:64D2H         SYMBOL        i_ch
  X:64D3H         SYMBOL        adjust_line
  -------         DO            
  X:601BH         SYMBOL        sta_finish
  X:601CH         SYMBOL        n_sta
  X:601DH         SYMBOL        p_sta
  X:601EH         SYMBOL        min_iset
  X:601FH         SYMBOL        min_diff
  D:0024H         SYMBOL        diff
  D:0028H         SYMBOL        temp
  -------         ENDDO         
  C:102BH         LINE#         528
  C:1030H         LINE#         529
  C:1030H         LINE#         537
  C:1043H         LINE#         538
  C:1048H         LINE#         539
  C:104CH         LINE#         540
  C:1055H         LINE#         541
  C:1058H         LINE#         542
  C:105BH         LINE#         545
  C:1098H         LINE#         546
  C:10C3H         LINE#         547
  C:10D9H         LINE#         548
  C:10D9H         LINE#         550
BL51 BANKED LINKER/LOCATER V6.22.4.0                                                  08/07/2025  18:02:30  PAGE 61


  C:10F0H         LINE#         551
  C:1106H         LINE#         552
  C:1109H         LINE#         553
  C:110BH         LINE#         555
  C:111EH         LINE#         557
  C:113AH         LINE#         558
  C:114DH         LINE#         559
  C:1150H         LINE#         560
  C:1150H         LINE#         561
  C:1152H         LINE#         563
  C:116EH         LINE#         564
  C:1181H         LINE#         565
  C:1187H         LINE#         566
  C:1187H         LINE#         567
  C:1187H         LINE#         568
  C:1187H         LINE#         569
  C:1195H         LINE#         570
  C:1199H         LINE#         571
  C:119BH         LINE#         572
  C:11A0H         LINE#         573
  C:11A0H         LINE#         575
  C:11A8H         LINE#         576
  C:11C1H         LINE#         577
  C:11C9H         LINE#         578
  C:11CFH         LINE#         579
  C:11D4H         LINE#         580
  C:11D6H         LINE#         581
  C:11DAH         LINE#         582
  C:11DDH         LINE#         583
  C:11DDH         LINE#         585
  C:11DFH         LINE#         586
  -------         ENDPROC       ___TK_LIB_I_ADJUST
  -------         PROC          __TK_I_SOURCE_ADJUST
  -------         DO            
  X:64D1H         SYMBOL        result
  -------         ENDDO         
  C:2C56H         LINE#         593
  C:2C56H         LINE#         594
  C:2C56H         LINE#         595
  C:2C5BH         LINE#         597
  C:2C74H         LINE#         598
  C:2C76H         LINE#         600
  C:2C7BH         LINE#         601
  C:2C7EH         LINE#         602
  C:2C84H         LINE#         603
  C:2C84H         LINE#         605
  C:2C90H         LINE#         606
  C:2C93H         LINE#         607
  C:2C96H         LINE#         608
  C:2C96H         LINE#         609
  C:2C96H         LINE#         611
  C:2CADH         LINE#         612
  C:2CAFH         LINE#         613
  C:2CB2H         LINE#         614
  C:2CB2H         LINE#         615
  C:2CB7H         LINE#         616
  C:2CB7H         LINE#         617
BL51 BANKED LINKER/LOCATER V6.22.4.0                                                  08/07/2025  18:02:30  PAGE 62


  -------         ENDPROC       __TK_I_SOURCE_ADJUST
  -------         PROC          ___TK_SET_NEXT_CH
  D:0007H         SYMBOL        kick_type
  C:289EH         LINE#         625
  C:289EH         LINE#         626
  C:289EH         LINE#         627
  C:28A1H         LINE#         629
  C:28BFH         LINE#         630
  C:28C5H         LINE#         631
  C:28C9H         LINE#         632
  C:28CDH         LINE#         633
  C:28D1H         LINE#         634
  C:28D5H         LINE#         636
  C:28EFH         LINE#         638
  C:28FFH         LINE#         639
  C:28FFH         LINE#         640
  C:2901H         LINE#         642
  C:291BH         LINE#         643
  C:2921H         LINE#         644
  C:2921H         LINE#         645
  -------         ENDPROC       ___TK_SET_NEXT_CH
  -------         PROC          __TK_LIB_INIT
  -------         DO            
  X:6524H         SYMBOL        i
  -------         ENDDO         
  C:2377H         LINE#         652
  C:2377H         LINE#         653
  C:2377H         LINE#         655
  C:23BFH         LINE#         656
  C:23CDH         LINE#         658
  C:23D0H         LINE#         659
  C:23D8H         LINE#         660
  C:23DAH         LINE#         661
  C:23DCH         LINE#         662
  C:23E4H         LINE#         663
  C:23ECH         LINE#         664
  C:23F4H         LINE#         665
  C:240AH         LINE#         666
  C:240DH         LINE#         667
  -------         ENDPROC       __TK_LIB_INIT
  -------         PROC          __TK_HANDLER
  C:2A95H         LINE#         675
  C:2A95H         LINE#         676
  C:2A95H         LINE#         677
  C:2A9AH         LINE#         678
  C:2A9EH         LINE#         679
  C:2AC5H         LINE#         682
  C:2AC8H         LINE#         683
  C:2ACFH         LINE#         684
  C:2AD1H         LINE#         685
  C:2AD4H         LINE#         686
  C:2AD4H         LINE#         687
  C:2AD7H         LINE#         688
  C:2AD7H         LINE#         689
  C:2AD7H         LINE#         690
  C:2AD9H         LINE#         691
  C:2AE5H         LINE#         692
BL51 BANKED LINKER/LOCATER V6.22.4.0                                                  08/07/2025  18:02:30  PAGE 63


  C:2AF5H         LINE#         693
  C:2AF8H         LINE#         694
  C:2AFDH         LINE#         696
  C:2B00H         LINE#         697
  C:2B00H         LINE#         699
  C:2B03H         LINE#         700
  C:2B03H         LINE#         701
  C:2B04H         LINE#         702
  C:2B09H         LINE#         703
  C:2B09H         LINE#         704
  C:2B09H         LINE#         705
  -------         ENDPROC       __TK_HANDLER
  -------         PROC          __TK_MS_HANDLER
  C:36A2H         LINE#         712
  C:36A2H         LINE#         713
  C:36A2H         LINE#         714
  C:36A4H         LINE#         716
  -------         ENDPROC       __TK_MS_HANDLER
  -------         PROC          __TK_SCAN
  C:34E6H         LINE#         724
  C:34E6H         LINE#         725
  C:34E6H         LINE#         727
  C:34EBH         LINE#         730
  C:34F7H         LINE#         735
  C:34FAH         LINE#         739
  C:34FDH         LINE#         740
  C:3502H         LINE#         741
  C:3505H         LINE#         742
  C:3505H         LINE#         743
  -------         ENDPROC       __TK_SCAN
  -------         ENDMOD        TK_LIB

  -------         MODULE        ?C?COPY
  C:0130H         PUBLIC        ?C?COPY
  -------         ENDMOD        ?C?COPY

  -------         MODULE        ?C?CLDPTR
  C:0156H         PUBLIC        ?C?CLDPTR
  -------         ENDMOD        ?C?CLDPTR

  -------         MODULE        ?C?CLDOPTR
  C:016FH         PUBLIC        ?C?CLDOPTR
  -------         ENDMOD        ?C?CLDOPTR

  -------         MODULE        ?C?CILDOPTR
  C:019CH         PUBLIC        ?C?CILDOPTR
  -------         ENDMOD        ?C?CILDOPTR

  -------         MODULE        ?C?CSTPTR
  C:01CFH         PUBLIC        ?C?CSTPTR
  -------         ENDMOD        ?C?CSTPTR

  -------         MODULE        ?C?CSTOPTR
  C:01E1H         PUBLIC        ?C?CSTOPTR
  -------         ENDMOD        ?C?CSTOPTR

  -------         MODULE        ?C?IILDX
BL51 BANKED LINKER/LOCATER V6.22.4.0                                                  08/07/2025  18:02:30  PAGE 64


  C:0203H         PUBLIC        ?C?IILDX
  -------         ENDMOD        ?C?IILDX

  -------         MODULE        ?C?ILDIX
  C:0219H         PUBLIC        ?C?ILDIX
  -------         ENDMOD        ?C?ILDIX

  -------         MODULE        ?C?LADD
  C:022FH         PUBLIC        ?C?LADD
  -------         ENDMOD        ?C?LADD

  -------         MODULE        ?C?LSUB
  C:023CH         PUBLIC        ?C?LSUB
  -------         ENDMOD        ?C?LSUB

  -------         MODULE        ?C?LMUL
  C:024AH         PUBLIC        ?C?LMUL
  -------         ENDMOD        ?C?LMUL

  -------         MODULE        ?C?ULDIV
  C:02D5H         PUBLIC        ?C?ULDIV
  -------         ENDMOD        ?C?ULDIV

  -------         MODULE        ?C?LNOT
  C:0367H         PUBLIC        ?C?LNOT
  -------         ENDMOD        ?C?LNOT

  -------         MODULE        ?C?LNEG
  C:0374H         PUBLIC        ?C?LNEG
  -------         ENDMOD        ?C?LNEG

  -------         MODULE        ?C?SLCMP
  C:0382H         PUBLIC        ?C?SLCMP
  -------         ENDMOD        ?C?SLCMP

  -------         MODULE        ?C?ULCMP
  C:0398H         PUBLIC        ?C?ULCMP
  -------         ENDMOD        ?C?ULCMP

  -------         MODULE        ?C?ULSHR
  C:03A9H         PUBLIC        ?C?ULSHR
  -------         ENDMOD        ?C?ULSHR

  -------         MODULE        ?C?LSHL
  C:03BCH         PUBLIC        ?C?LSHL
  -------         ENDMOD        ?C?LSHL

  -------         MODULE        ?C?LLDXDATA
  C:03CFH         PUBLIC        ?C?LLDXDATA
  -------         ENDMOD        ?C?LLDXDATA

  -------         MODULE        ?C?LLDCODE
  C:03DBH         PUBLIC        ?C?LLDCODE
  -------         ENDMOD        ?C?LLDCODE

  -------         MODULE        ?C?LLDXDATA0
  C:03EBH         PUBLIC        ?C?LLDXDATA0
BL51 BANKED LINKER/LOCATER V6.22.4.0                                                  08/07/2025  18:02:30  PAGE 65


  -------         ENDMOD        ?C?LLDXDATA0

  -------         MODULE        ?C?LSTXDATA
  C:03F7H         PUBLIC        ?C?LSTXDATA
  -------         ENDMOD        ?C?LSTXDATA

  -------         MODULE        ?C?LSTKXDATA
  C:0403H         PUBLIC        ?C?LSTKXDATA
  -------         ENDMOD        ?C?LSTKXDATA

  -------         MODULE        ?C?OFFXADD
  C:0434H         PUBLIC        ?C?OFFXADD
  -------         ENDMOD        ?C?OFFXADD

  -------         MODULE        ?C?PLDXDATA
  C:0440H         PUBLIC        ?C?PLDXDATA
  -------         ENDMOD        ?C?PLDXDATA

  -------         MODULE        ?C?PLDIXDATA
  C:0449H         PUBLIC        ?C?PLDIXDATA
  -------         ENDMOD        ?C?PLDIXDATA

  -------         MODULE        ?C?PSTXDATA
  C:0460H         PUBLIC        ?C?PSTXDATA
  -------         ENDMOD        ?C?PSTXDATA

  -------         MODULE        ?C?PLDOPTR
  C:0469H         PUBLIC        ?C?PLDOPTR
  -------         ENDMOD        ?C?PLDOPTR

  -------         MODULE        ?C?CCASE
  C:0499H         PUBLIC        ?C?CCASE
  -------         ENDMOD        ?C?CCASE

  -------         MODULE        ?C?ICALL
  C:04BFH         PUBLIC        ?C?ICALL
  C:04C3H         PUBLIC        ?C?ICALL2
  -------         ENDMOD        ?C?ICALL

  -------         MODULE        ?C?MEMSET
  C:04C5H         PUBLIC        ?C?MEMSET
  -------         ENDMOD        ?C?MEMSET

  -------         MODULE        ?C?PLDIDATA
  C:04F1H         PUBLIC        ?C?PLDIDATA
  -------         ENDMOD        ?C?PLDIDATA

  -------         MODULE        ?C?PLDPDATA
  C:04FAH         PUBLIC        ?C?PLDPDATA
  -------         ENDMOD        ?C?PLDPDATA

  -------         MODULE        ?C?PLDCODE
  C:0503H         PUBLIC        ?C?PLDCODE
  -------         ENDMOD        ?C?PLDCODE

*** WARNING L16: UNCALLED SEGMENT, IGNORED FOR OVERLAY PROCESS
    SEGMENT: ?PR?TK_PARAM_INIT?TK_SET
BL51 BANKED LINKER/LOCATER V6.22.4.0                                                  08/07/2025  18:02:30  PAGE 66



*** WARNING L16: UNCALLED SEGMENT, IGNORED FOR OVERLAY PROCESS
    SEGMENT: ?PR?EEPROM_24CXX_CLEAR?IIC_SOFT

*** WARNING L16: UNCALLED SEGMENT, IGNORED FOR OVERLAY PROCESS
    SEGMENT: ?PR?__TK_MS_HANDLER?TK_LIB

*** WARNING L16: UNCALLED SEGMENT, IGNORED FOR OVERLAY PROCESS
    SEGMENT: ?PR?__TK_SCAN?TK_LIB

Program Size: data=73.1 xdata=1319 code=13993
LINK/LOCATE RUN COMPLETE.  4 WARNING(S),  0 ERROR(S)
